 Downloading crates ...
  Downloaded lockfree-object-pool v0.1.6
  Downloaded endian-type v0.1.2
  Downloaded sketches-ddsketch v0.2.2
  Downloaded metrics-util v0.17.0
  Downloaded tree-sitter-java v0.23.5
  Downloaded nibble_vec v0.1.0
  Downloaded tree-sitter-css v0.25.0
  Downloaded metrics v0.23.1
  Downloaded tree-sitter-typescript v0.23.2
  Downloaded metrics-tracing-context v0.16.0
  Downloaded tree-sitter-toml-ng v0.7.0
  Downloaded radix_trie v0.2.1
  Downloaded tree-sitter-cpp v0.23.4
  Downloaded tree-sitter-md v0.5.3
    Blocking waiting for file lock on package cache
   Compiling hashbrown v0.14.5
   Compiling sqlx-macros-core v0.8.6
   Compiling sqlx-macros v0.8.6
   Compiling sqlx v0.8.6
   Compiling nibble_vec v0.1.0
   Compiling endian-type v0.1.2
   Compiling radix_trie v0.2.1
   Compiling metrics v0.23.1
   Compiling ordered-float v4.6.0
   Compiling sketches-ddsketch v0.2.2
   Compiling metrics-util v0.17.0
   Compiling lockfree-object-pool v0.1.6
   Compiling metrics-tracing-context v0.16.0
   Compiling clawmaster-metrics v0.10.18 (/Users/arksong/ClawMaster/crates/metrics)
   Compiling clawmaster-config v0.10.18 (/Users/arksong/ClawMaster/crates/config)
   Compiling clawmaster-common v0.10.18 (/Users/arksong/ClawMaster/crates/common)
   Compiling clawmaster-skills v0.10.18 (/Users/arksong/ClawMaster/crates/skills)
   Compiling clawmaster-sessions v0.10.18 (/Users/arksong/ClawMaster/crates/sessions)
   Compiling clawmaster-agents v0.10.18 (/Users/arksong/ClawMaster/crates/agents)
   Compiling llama-cpp-sys-2 v0.1.133
warning: llama-cpp-sys-2@0.1.133: In file included from wrapper_common.cpp:1:
warning: llama-cpp-sys-2@0.1.133: In file included from ./wrapper_common.h:33:
warning: llama-cpp-sys-2@0.1.133: In file included from ./wrapper_utils.h:20:
warning: llama-cpp-sys-2@0.1.133: ./llama.cpp/common/common.h:631:26: warning: unused function 'string_split<std::string>' [-Wunused-function]
warning: llama-cpp-sys-2@0.1.133:   631 | std::vector<std::string> string_split<std::string>(const std::string & input, char separator)
warning: llama-cpp-sys-2@0.1.133:       |                          ^~~~~~~~~~~~~~~~~~~~~~~~~
warning: llama-cpp-sys-2@0.1.133: ./llama.cpp/common/common.h:646:13: warning: unused function 'string_starts_with' [-Wunused-function]
warning: llama-cpp-sys-2@0.1.133:   646 | static bool string_starts_with(const std::string & str,
warning: llama-cpp-sys-2@0.1.133:       |             ^~~~~~~~~~~~~~~~~~
warning: llama-cpp-sys-2@0.1.133: ./llama.cpp/common/common.h:843:20: warning: unused function 'llm_ffn_exps_block_regex' [-Wunused-function]
warning: llama-cpp-sys-2@0.1.133:   843 | static std::string llm_ffn_exps_block_regex(int idx) {
warning: llama-cpp-sys-2@0.1.133:       |                    ^~~~~~~~~~~~~~~~~~~~~~~~
warning: llama-cpp-sys-2@0.1.133: ./llama.cpp/common/common.h:847:41: warning: unused function 'llm_ffn_exps_cpu_override' [-Wunused-function]
warning: llama-cpp-sys-2@0.1.133:   847 | static llama_model_tensor_buft_override llm_ffn_exps_cpu_override() {
warning: llama-cpp-sys-2@0.1.133:       |                                         ^~~~~~~~~~~~~~~~~~~~~~~~~
warning: llama-cpp-sys-2@0.1.133: 4 warnings generated.
warning: llama-cpp-sys-2@0.1.133: In file included from wrapper_oai.cpp:1:
warning: llama-cpp-sys-2@0.1.133: In file included from ./wrapper_oai.h:3:
warning: llama-cpp-sys-2@0.1.133: In file included from ./wrapper_common.h:33:
warning: llama-cpp-sys-2@0.1.133: In file included from ./wrapper_utils.h:20:
warning: llama-cpp-sys-2@0.1.133: ./llama.cpp/common/common.h:631:26: warning: unused function 'string_split<std::string>' [-Wunused-function]
warning: llama-cpp-sys-2@0.1.133:   631 | std::vector<std::string> string_split<std::string>(const std::string & input, char separator)
warning: llama-cpp-sys-2@0.1.133:       |                          ^~~~~~~~~~~~~~~~~~~~~~~~~
warning: llama-cpp-sys-2@0.1.133: ./llama.cpp/common/common.h:646:13: warning: unused function 'string_starts_with' [-Wunused-function]
warning: llama-cpp-sys-2@0.1.133:   646 | static bool string_starts_with(const std::string & str,
warning: llama-cpp-sys-2@0.1.133:       |             ^~~~~~~~~~~~~~~~~~
warning: llama-cpp-sys-2@0.1.133: ./llama.cpp/common/common.h:843:20: warning: unused function 'llm_ffn_exps_block_regex' [-Wunused-function]
warning: llama-cpp-sys-2@0.1.133:   843 | static std::string llm_ffn_exps_block_regex(int idx) {
warning: llama-cpp-sys-2@0.1.133:       |                    ^~~~~~~~~~~~~~~~~~~~~~~~
warning: llama-cpp-sys-2@0.1.133: ./llama.cpp/common/common.h:847:41: warning: unused function 'llm_ffn_exps_cpu_override' [-Wunused-function]
warning: llama-cpp-sys-2@0.1.133:   847 | static llama_model_tensor_buft_override llm_ffn_exps_cpu_override() {
warning: llama-cpp-sys-2@0.1.133:       |                                         ^~~~~~~~~~~~~~~~~~~~~~~~~
warning: llama-cpp-sys-2@0.1.133: 4 warnings generated.
error: failed to run custom build command for `llama-cpp-sys-2 v0.1.133`

Caused by:
  process didn't exit successfully: `/Users/arksong/ClawMaster/target/debug/build/llama-cpp-sys-2-79234029aa96ac51/build-script-build` (exit status: 101)
  --- stdout
  cargo:rerun-if-changed=build.rs
  cargo:rerun-if-env-changed=LLAMA_LIB_PROFILE
  cargo:rerun-if-env-changed=LLAMA_BUILD_SHARED_LIBS
  cargo:rerun-if-env-changed=LLAMA_STATIC_CRT
  cargo:rerun-if-changed=/Users/arksong/.cargo/registry/src/index.crates.io-1949cf8c6b5b557f/llama-cpp-sys-2-0.1.133/llama.cpp/CMakeLists.txt
  cargo:rerun-if-changed=/Users/arksong/.cargo/registry/src/index.crates.io-1949cf8c6b5b557f/llama-cpp-sys-2-0.1.133/llama.cpp/common
  cargo:rerun-if-changed=/Users/arksong/.cargo/registry/src/index.crates.io-1949cf8c6b5b557f/llama-cpp-sys-2-0.1.133/llama.cpp/common/json-partial.h
  cargo:rerun-if-changed=/Users/arksong/.cargo/registry/src/index.crates.io-1949cf8c6b5b557f/llama-cpp-sys-2-0.1.133/llama.cpp/common/build-info.cpp.in
  cargo:rerun-if-changed=/Users/arksong/.cargo/registry/src/index.crates.io-1949cf8c6b5b557f/llama-cpp-sys-2-0.1.133/llama.cpp/common/console.h
  cargo:rerun-if-changed=/Users/arksong/.cargo/registry/src/index.crates.io-1949cf8c6b5b557f/llama-cpp-sys-2-0.1.133/llama.cpp/common/common.cpp
  cargo:rerun-if-changed=/Users/arksong/.cargo/registry/src/index.crates.io-1949cf8c6b5b557f/llama-cpp-sys-2-0.1.133/llama.cpp/common/log.cpp
  cargo:rerun-if-changed=/Users/arksong/.cargo/registry/src/index.crates.io-1949cf8c6b5b557f/llama-cpp-sys-2-0.1.133/llama.cpp/common/CMakeLists.txt
  cargo:rerun-if-changed=/Users/arksong/.cargo/registry/src/index.crates.io-1949cf8c6b5b557f/llama-cpp-sys-2-0.1.133/llama.cpp/common/ngram-cache.h
  cargo:rerun-if-changed=/Users/arksong/.cargo/registry/src/index.crates.io-1949cf8c6b5b557f/llama-cpp-sys-2-0.1.133/llama.cpp/common/chat.h
  cargo:rerun-if-changed=/Users/arksong/.cargo/registry/src/index.crates.io-1949cf8c6b5b557f/llama-cpp-sys-2-0.1.133/llama.cpp/common/http.h
  cargo:rerun-if-changed=/Users/arksong/.cargo/registry/src/index.crates.io-1949cf8c6b5b557f/llama-cpp-sys-2-0.1.133/llama.cpp/common/arg.cpp
  cargo:rerun-if-changed=/Users/arksong/.cargo/registry/src/index.crates.io-1949cf8c6b5b557f/llama-cpp-sys-2-0.1.133/llama.cpp/common/peg-parser.h
  cargo:rerun-if-changed=/Users/arksong/.cargo/registry/src/index.crates.io-1949cf8c6b5b557f/llama-cpp-sys-2-0.1.133/llama.cpp/common/chat.cpp
  cargo:rerun-if-changed=/Users/arksong/.cargo/registry/src/index.crates.io-1949cf8c6b5b557f/llama-cpp-sys-2-0.1.133/llama.cpp/common/console.cpp
  cargo:rerun-if-changed=/Users/arksong/.cargo/registry/src/index.crates.io-1949cf8c6b5b557f/llama-cpp-sys-2-0.1.133/llama.cpp/common/regex-partial.h
  cargo:rerun-if-changed=/Users/arksong/.cargo/registry/src/index.crates.io-1949cf8c6b5b557f/llama-cpp-sys-2-0.1.133/llama.cpp/common/arg.h
  cargo:rerun-if-changed=/Users/arksong/.cargo/registry/src/index.crates.io-1949cf8c6b5b557f/llama-cpp-sys-2-0.1.133/llama.cpp/common/speculative.h
  cargo:rerun-if-changed=/Users/arksong/.cargo/registry/src/index.crates.io-1949cf8c6b5b557f/llama-cpp-sys-2-0.1.133/llama.cpp/common/json-partial.cpp
  cargo:rerun-if-changed=/Users/arksong/.cargo/registry/src/index.crates.io-1949cf8c6b5b557f/llama-cpp-sys-2-0.1.133/llama.cpp/common/chat-peg-parser.cpp
  cargo:rerun-if-changed=/Users/arksong/.cargo/registry/src/index.crates.io-1949cf8c6b5b557f/llama-cpp-sys-2-0.1.133/llama.cpp/common/speculative.cpp
  cargo:rerun-if-changed=/Users/arksong/.cargo/registry/src/index.crates.io-1949cf8c6b5b557f/llama-cpp-sys-2-0.1.133/llama.cpp/common/regex-partial.cpp
  cargo:rerun-if-changed=/Users/arksong/.cargo/registry/src/index.crates.io-1949cf8c6b5b557f/llama-cpp-sys-2-0.1.133/llama.cpp/common/unicode.h
  cargo:rerun-if-changed=/Users/arksong/.cargo/registry/src/index.crates.io-1949cf8c6b5b557f/llama-cpp-sys-2-0.1.133/llama.cpp/common/download.h
  cargo:rerun-if-changed=/Users/arksong/.cargo/registry/src/index.crates.io-1949cf8c6b5b557f/llama-cpp-sys-2-0.1.133/llama.cpp/common/chat-parser.h
  cargo:rerun-if-changed=/Users/arksong/.cargo/registry/src/index.crates.io-1949cf8c6b5b557f/llama-cpp-sys-2-0.1.133/llama.cpp/common/common.h
  cargo:rerun-if-changed=/Users/arksong/.cargo/registry/src/index.crates.io-1949cf8c6b5b557f/llama-cpp-sys-2-0.1.133/llama.cpp/common/json-schema-to-grammar.h
  cargo:rerun-if-changed=/Users/arksong/.cargo/registry/src/index.crates.io-1949cf8c6b5b557f/llama-cpp-sys-2-0.1.133/llama.cpp/common/log.h
  cargo:rerun-if-changed=/Users/arksong/.cargo/registry/src/index.crates.io-1949cf8c6b5b557f/llama-cpp-sys-2-0.1.133/llama.cpp/common/chat-parser-xml-toolcall.cpp
  cargo:rerun-if-changed=/Users/arksong/.cargo/registry/src/index.crates.io-1949cf8c6b5b557f/llama-cpp-sys-2-0.1.133/llama.cpp/common/chat-parser-xml-toolcall.h
  cargo:rerun-if-changed=/Users/arksong/.cargo/registry/src/index.crates.io-1949cf8c6b5b557f/llama-cpp-sys-2-0.1.133/llama.cpp/common/llguidance.cpp
  cargo:rerun-if-changed=/Users/arksong/.cargo/registry/src/index.crates.io-1949cf8c6b5b557f/llama-cpp-sys-2-0.1.133/llama.cpp/common/json-schema-to-grammar.cpp
  cargo:rerun-if-changed=/Users/arksong/.cargo/registry/src/index.crates.io-1949cf8c6b5b557f/llama-cpp-sys-2-0.1.133/llama.cpp/common/sampling.h
  cargo:rerun-if-changed=/Users/arksong/.cargo/registry/src/index.crates.io-1949cf8c6b5b557f/llama-cpp-sys-2-0.1.133/llama.cpp/common/preset.cpp
  cargo:rerun-if-changed=/Users/arksong/.cargo/registry/src/index.crates.io-1949cf8c6b5b557f/llama-cpp-sys-2-0.1.133/llama.cpp/common/ngram-cache.cpp
  cargo:rerun-if-changed=/Users/arksong/.cargo/registry/src/index.crates.io-1949cf8c6b5b557f/llama-cpp-sys-2-0.1.133/llama.cpp/common/chat-peg-parser.h
  cargo:rerun-if-changed=/Users/arksong/.cargo/registry/src/index.crates.io-1949cf8c6b5b557f/llama-cpp-sys-2-0.1.133/llama.cpp/common/preset.h
  cargo:rerun-if-changed=/Users/arksong/.cargo/registry/src/index.crates.io-1949cf8c6b5b557f/llama-cpp-sys-2-0.1.133/llama.cpp/common/peg-parser.cpp
  cargo:rerun-if-changed=/Users/arksong/.cargo/registry/src/index.crates.io-1949cf8c6b5b557f/llama-cpp-sys-2-0.1.133/llama.cpp/common/sampling.cpp
  cargo:rerun-if-changed=/Users/arksong/.cargo/registry/src/index.crates.io-1949cf8c6b5b557f/llama-cpp-sys-2-0.1.133/llama.cpp/common/chat-parser.cpp
  cargo:rerun-if-changed=/Users/arksong/.cargo/registry/src/index.crates.io-1949cf8c6b5b557f/llama-cpp-sys-2-0.1.133/llama.cpp/common/unicode.cpp
  cargo:rerun-if-changed=/Users/arksong/.cargo/registry/src/index.crates.io-1949cf8c6b5b557f/llama-cpp-sys-2-0.1.133/llama.cpp/common/base64.hpp
  cargo:rerun-if-changed=/Users/arksong/.cargo/registry/src/index.crates.io-1949cf8c6b5b557f/llama-cpp-sys-2-0.1.133/llama.cpp/common/download.cpp
  cargo:rerun-if-changed=/Users/arksong/.cargo/registry/src/index.crates.io-1949cf8c6b5b557f/llama-cpp-sys-2-0.1.133/llama.cpp/ggml/CMakeLists.txt
  cargo:rerun-if-changed=/Users/arksong/.cargo/registry/src/index.crates.io-1949cf8c6b5b557f/llama-cpp-sys-2-0.1.133/llama.cpp/ggml/src
  cargo:rerun-if-changed=/Users/arksong/.cargo/registry/src/index.crates.io-1949cf8c6b5b557f/llama-cpp-sys-2-0.1.133/llama.cpp/ggml/src/ggml-opt.cpp
  cargo:rerun-if-changed=/Users/arksong/.cargo/registry/src/index.crates.io-1949cf8c6b5b557f/llama-cpp-sys-2-0.1.133/llama.cpp/ggml/src/ggml-quants.c
  cargo:rerun-if-changed=/Users/arksong/.cargo/registry/src/index.crates.io-1949cf8c6b5b557f/llama-cpp-sys-2-0.1.133/llama.cpp/ggml/src/ggml.cpp
  cargo:rerun-if-changed=/Users/arksong/.cargo/registry/src/index.crates.io-1949cf8c6b5b557f/llama-cpp-sys-2-0.1.133/llama.cpp/ggml/src/ggml-threading.h
  cargo:rerun-if-changed=/Users/arksong/.cargo/registry/src/index.crates.io-1949cf8c6b5b557f/llama-cpp-sys-2-0.1.133/llama.cpp/ggml/src/CMakeLists.txt
  cargo:rerun-if-changed=/Users/arksong/.cargo/registry/src/index.crates.io-1949cf8c6b5b557f/llama-cpp-sys-2-0.1.133/llama.cpp/ggml/src/ggml-backend.cpp
  cargo:rerun-if-changed=/Users/arksong/.cargo/registry/src/index.crates.io-1949cf8c6b5b557f/llama-cpp-sys-2-0.1.133/llama.cpp/ggml/src/ggml-alloc.c
  cargo:rerun-if-changed=/Users/arksong/.cargo/registry/src/index.crates.io-1949cf8c6b5b557f/llama-cpp-sys-2-0.1.133/llama.cpp/ggml/src/ggml.c
  cargo:rerun-if-changed=/Users/arksong/.cargo/registry/src/index.crates.io-1949cf8c6b5b557f/llama-cpp-sys-2-0.1.133/llama.cpp/ggml/src/ggml-cpu
  cargo:rerun-if-changed=/Users/arksong/.cargo/registry/src/index.crates.io-1949cf8c6b5b557f/llama-cpp-sys-2-0.1.133/llama.cpp/ggml/src/ggml-cpu/ops.cpp
  cargo:rerun-if-changed=/Users/arksong/.cargo/registry/src/index.crates.io-1949cf8c6b5b557f/llama-cpp-sys-2-0.1.133/llama.cpp/ggml/src/ggml-cpu/hbm.h
  cargo:rerun-if-changed=/Users/arksong/.cargo/registry/src/index.crates.io-1949cf8c6b5b557f/llama-cpp-sys-2-0.1.133/llama.cpp/ggml/src/ggml-cpu/quants.c
  cargo:rerun-if-changed=/Users/arksong/.cargo/registry/src/index.crates.io-1949cf8c6b5b557f/llama-cpp-sys-2-0.1.133/llama.cpp/ggml/src/ggml-cpu/ggml-cpu-impl.h
  cargo:rerun-if-changed=/Users/arksong/.cargo/registry/src/index.crates.io-1949cf8c6b5b557f/llama-cpp-sys-2-0.1.133/llama.cpp/ggml/src/ggml-cpu/unary-ops.h
  cargo:rerun-if-changed=/Users/arksong/.cargo/registry/src/index.crates.io-1949cf8c6b5b557f/llama-cpp-sys-2-0.1.133/llama.cpp/ggml/src/ggml-cpu/traits.h
  cargo:rerun-if-changed=/Users/arksong/.cargo/registry/src/index.crates.io-1949cf8c6b5b557f/llama-cpp-sys-2-0.1.133/llama.cpp/ggml/src/ggml-cpu/unary-ops.cpp
  cargo:rerun-if-changed=/Users/arksong/.cargo/registry/src/index.crates.io-1949cf8c6b5b557f/llama-cpp-sys-2-0.1.133/llama.cpp/ggml/src/ggml-cpu/binary-ops.h
  cargo:rerun-if-changed=/Users/arksong/.cargo/registry/src/index.crates.io-1949cf8c6b5b557f/llama-cpp-sys-2-0.1.133/llama.cpp/ggml/src/ggml-cpu/CMakeLists.txt
  cargo:rerun-if-changed=/Users/arksong/.cargo/registry/src/index.crates.io-1949cf8c6b5b557f/llama-cpp-sys-2-0.1.133/llama.cpp/ggml/src/ggml-cpu/vec.cpp
  cargo:rerun-if-changed=/Users/arksong/.cargo/registry/src/index.crates.io-1949cf8c6b5b557f/llama-cpp-sys-2-0.1.133/llama.cpp/ggml/src/ggml-cpu/cmake
  cargo:rerun-if-changed=/Users/arksong/.cargo/registry/src/index.crates.io-1949cf8c6b5b557f/llama-cpp-sys-2-0.1.133/llama.cpp/ggml/src/ggml-cpu/cmake/FindSIMD.cmake
  cargo:rerun-if-changed=/Users/arksong/.cargo/registry/src/index.crates.io-1949cf8c6b5b557f/llama-cpp-sys-2-0.1.133/llama.cpp/ggml/src/ggml-cpu/vec.h
  cargo:rerun-if-changed=/Users/arksong/.cargo/registry/src/index.crates.io-1949cf8c6b5b557f/llama-cpp-sys-2-0.1.133/llama.cpp/ggml/src/ggml-cpu/spacemit
  cargo:rerun-if-changed=/Users/arksong/.cargo/registry/src/index.crates.io-1949cf8c6b5b557f/llama-cpp-sys-2-0.1.133/llama.cpp/ggml/src/ggml-cpu/spacemit/ime.cpp
  cargo:rerun-if-changed=/Users/arksong/.cargo/registry/src/index.crates.io-1949cf8c6b5b557f/llama-cpp-sys-2-0.1.133/llama.cpp/ggml/src/ggml-cpu/spacemit/ime1_kernels.cpp
  cargo:rerun-if-changed=/Users/arksong/.cargo/registry/src/index.crates.io-1949cf8c6b5b557f/llama-cpp-sys-2-0.1.133/llama.cpp/ggml/src/ggml-cpu/spacemit/ime_kernels.h
  cargo:rerun-if-changed=/Users/arksong/.cargo/registry/src/index.crates.io-1949cf8c6b5b557f/llama-cpp-sys-2-0.1.133/llama.cpp/ggml/src/ggml-cpu/spacemit/ime.h
  cargo:rerun-if-changed=/Users/arksong/.cargo/registry/src/index.crates.io-1949cf8c6b5b557f/llama-cpp-sys-2-0.1.133/llama.cpp/ggml/src/ggml-cpu/binary-ops.cpp
  cargo:rerun-if-changed=/Users/arksong/.cargo/registry/src/index.crates.io-1949cf8c6b5b557f/llama-cpp-sys-2-0.1.133/llama.cpp/ggml/src/ggml-cpu/ggml-cpu.c
  cargo:rerun-if-changed=/Users/arksong/.cargo/registry/src/index.crates.io-1949cf8c6b5b557f/llama-cpp-sys-2-0.1.133/llama.cpp/ggml/src/ggml-cpu/llamafile
  cargo:rerun-if-changed=/Users/arksong/.cargo/registry/src/index.crates.io-1949cf8c6b5b557f/llama-cpp-sys-2-0.1.133/llama.cpp/ggml/src/ggml-cpu/llamafile/sgemm.h
  cargo:rerun-if-changed=/Users/arksong/.cargo/registry/src/index.crates.io-1949cf8c6b5b557f/llama-cpp-sys-2-0.1.133/llama.cpp/ggml/src/ggml-cpu/llamafile/sgemm-ppc.h
  cargo:rerun-if-changed=/Users/arksong/.cargo/registry/src/index.crates.io-1949cf8c6b5b557f/llama-cpp-sys-2-0.1.133/llama.cpp/ggml/src/ggml-cpu/llamafile/sgemm.cpp
  cargo:rerun-if-changed=/Users/arksong/.cargo/registry/src/index.crates.io-1949cf8c6b5b557f/llama-cpp-sys-2-0.1.133/llama.cpp/ggml/src/ggml-cpu/repack.cpp
  cargo:rerun-if-changed=/Users/arksong/.cargo/registry/src/index.crates.io-1949cf8c6b5b557f/llama-cpp-sys-2-0.1.133/llama.cpp/ggml/src/ggml-cpu/quants.h
  cargo:rerun-if-changed=/Users/arksong/.cargo/registry/src/index.crates.io-1949cf8c6b5b557f/llama-cpp-sys-2-0.1.133/llama.cpp/ggml/src/ggml-cpu/amx
  cargo:rerun-if-changed=/Users/arksong/.cargo/registry/src/index.crates.io-1949cf8c6b5b557f/llama-cpp-sys-2-0.1.133/llama.cpp/ggml/src/ggml-cpu/amx/mmq.h
  cargo:rerun-if-changed=/Users/arksong/.cargo/registry/src/index.crates.io-1949cf8c6b5b557f/llama-cpp-sys-2-0.1.133/llama.cpp/ggml/src/ggml-cpu/amx/mmq.cpp
  cargo:rerun-if-changed=/Users/arksong/.cargo/registry/src/index.crates.io-1949cf8c6b5b557f/llama-cpp-sys-2-0.1.133/llama.cpp/ggml/src/ggml-cpu/amx/common.h
  cargo:rerun-if-changed=/Users/arksong/.cargo/registry/src/index.crates.io-1949cf8c6b5b557f/llama-cpp-sys-2-0.1.133/llama.cpp/ggml/src/ggml-cpu/amx/amx.cpp
  cargo:rerun-if-changed=/Users/arksong/.cargo/registry/src/index.crates.io-1949cf8c6b5b557f/llama-cpp-sys-2-0.1.133/llama.cpp/ggml/src/ggml-cpu/amx/amx.h
  cargo:rerun-if-changed=/Users/arksong/.cargo/registry/src/index.crates.io-1949cf8c6b5b557f/llama-cpp-sys-2-0.1.133/llama.cpp/ggml/src/ggml-cpu/simd-mappings.h
  cargo:rerun-if-changed=/Users/arksong/.cargo/registry/src/index.crates.io-1949cf8c6b5b557f/llama-cpp-sys-2-0.1.133/llama.cpp/ggml/src/ggml-cpu/traits.cpp
  cargo:rerun-if-changed=/Users/arksong/.cargo/registry/src/index.crates.io-1949cf8c6b5b557f/llama-cpp-sys-2-0.1.133/llama.cpp/ggml/src/ggml-cpu/common.h
  cargo:rerun-if-changed=/Users/arksong/.cargo/registry/src/index.crates.io-1949cf8c6b5b557f/llama-cpp-sys-2-0.1.133/llama.cpp/ggml/src/ggml-cpu/arch-fallback.h
  cargo:rerun-if-changed=/Users/arksong/.cargo/registry/src/index.crates.io-1949cf8c6b5b557f/llama-cpp-sys-2-0.1.133/llama.cpp/ggml/src/ggml-cpu/repack.h
  cargo:rerun-if-changed=/Users/arksong/.cargo/registry/src/index.crates.io-1949cf8c6b5b557f/llama-cpp-sys-2-0.1.133/llama.cpp/ggml/src/ggml-cpu/arch
  cargo:rerun-if-changed=/Users/arksong/.cargo/registry/src/index.crates.io-1949cf8c6b5b557f/llama-cpp-sys-2-0.1.133/llama.cpp/ggml/src/ggml-cpu/arch/powerpc
  cargo:rerun-if-changed=/Users/arksong/.cargo/registry/src/index.crates.io-1949cf8c6b5b557f/llama-cpp-sys-2-0.1.133/llama.cpp/ggml/src/ggml-cpu/arch/powerpc/quants.c
  cargo:rerun-if-changed=/Users/arksong/.cargo/registry/src/index.crates.io-1949cf8c6b5b557f/llama-cpp-sys-2-0.1.133/llama.cpp/ggml/src/ggml-cpu/arch/powerpc/cpu-feats.cpp
  cargo:rerun-if-changed=/Users/arksong/.cargo/registry/src/index.crates.io-1949cf8c6b5b557f/llama-cpp-sys-2-0.1.133/llama.cpp/ggml/src/ggml-cpu/arch/wasm
  cargo:rerun-if-changed=/Users/arksong/.cargo/registry/src/index.crates.io-1949cf8c6b5b557f/llama-cpp-sys-2-0.1.133/llama.cpp/ggml/src/ggml-cpu/arch/wasm/quants.c
  cargo:rerun-if-changed=/Users/arksong/.cargo/registry/src/index.crates.io-1949cf8c6b5b557f/llama-cpp-sys-2-0.1.133/llama.cpp/ggml/src/ggml-cpu/arch/s390
  cargo:rerun-if-changed=/Users/arksong/.cargo/registry/src/index.crates.io-1949cf8c6b5b557f/llama-cpp-sys-2-0.1.133/llama.cpp/ggml/src/ggml-cpu/arch/s390/quants.c
  cargo:rerun-if-changed=/Users/arksong/.cargo/registry/src/index.crates.io-1949cf8c6b5b557f/llama-cpp-sys-2-0.1.133/llama.cpp/ggml/src/ggml-cpu/arch/s390/cpu-feats.cpp
  cargo:rerun-if-changed=/Users/arksong/.cargo/registry/src/index.crates.io-1949cf8c6b5b557f/llama-cpp-sys-2-0.1.133/llama.cpp/ggml/src/ggml-cpu/arch/loongarch
  cargo:rerun-if-changed=/Users/arksong/.cargo/registry/src/index.crates.io-1949cf8c6b5b557f/llama-cpp-sys-2-0.1.133/llama.cpp/ggml/src/ggml-cpu/arch/loongarch/quants.c
  cargo:rerun-if-changed=/Users/arksong/.cargo/registry/src/index.crates.io-1949cf8c6b5b557f/llama-cpp-sys-2-0.1.133/llama.cpp/ggml/src/ggml-cpu/arch/x86
  cargo:rerun-if-changed=/Users/arksong/.cargo/registry/src/index.crates.io-1949cf8c6b5b557f/llama-cpp-sys-2-0.1.133/llama.cpp/ggml/src/ggml-cpu/arch/x86/quants.c
  cargo:rerun-if-changed=/Users/arksong/.cargo/registry/src/index.crates.io-1949cf8c6b5b557f/llama-cpp-sys-2-0.1.133/llama.cpp/ggml/src/ggml-cpu/arch/x86/cpu-feats.cpp
  cargo:rerun-if-changed=/Users/arksong/.cargo/registry/src/index.crates.io-1949cf8c6b5b557f/llama-cpp-sys-2-0.1.133/llama.cpp/ggml/src/ggml-cpu/arch/x86/repack.cpp
  cargo:rerun-if-changed=/Users/arksong/.cargo/registry/src/index.crates.io-1949cf8c6b5b557f/llama-cpp-sys-2-0.1.133/llama.cpp/ggml/src/ggml-cpu/arch/arm
  cargo:rerun-if-changed=/Users/arksong/.cargo/registry/src/index.crates.io-1949cf8c6b5b557f/llama-cpp-sys-2-0.1.133/llama.cpp/ggml/src/ggml-cpu/arch/arm/quants.c
  cargo:rerun-if-changed=/Users/arksong/.cargo/registry/src/index.crates.io-1949cf8c6b5b557f/llama-cpp-sys-2-0.1.133/llama.cpp/ggml/src/ggml-cpu/arch/arm/cpu-feats.cpp
  cargo:rerun-if-changed=/Users/arksong/.cargo/registry/src/index.crates.io-1949cf8c6b5b557f/llama-cpp-sys-2-0.1.133/llama.cpp/ggml/src/ggml-cpu/arch/arm/repack.cpp
  cargo:rerun-if-changed=/Users/arksong/.cargo/registry/src/index.crates.io-1949cf8c6b5b557f/llama-cpp-sys-2-0.1.133/llama.cpp/ggml/src/ggml-cpu/arch/riscv
  cargo:rerun-if-changed=/Users/arksong/.cargo/registry/src/index.crates.io-1949cf8c6b5b557f/llama-cpp-sys-2-0.1.133/llama.cpp/ggml/src/ggml-cpu/arch/riscv/quants.c
  cargo:rerun-if-changed=/Users/arksong/.cargo/registry/src/index.crates.io-1949cf8c6b5b557f/llama-cpp-sys-2-0.1.133/llama.cpp/ggml/src/ggml-cpu/arch/riscv/cpu-feats.cpp
  cargo:rerun-if-changed=/Users/arksong/.cargo/registry/src/index.crates.io-1949cf8c6b5b557f/llama-cpp-sys-2-0.1.133/llama.cpp/ggml/src/ggml-cpu/arch/riscv/repack.cpp
  cargo:rerun-if-changed=/Users/arksong/.cargo/registry/src/index.crates.io-1949cf8c6b5b557f/llama-cpp-sys-2-0.1.133/llama.cpp/ggml/src/ggml-cpu/kleidiai
  cargo:rerun-if-changed=/Users/arksong/.cargo/registry/src/index.crates.io-1949cf8c6b5b557f/llama-cpp-sys-2-0.1.133/llama.cpp/ggml/src/ggml-cpu/kleidiai/kleidiai.cpp
  cargo:rerun-if-changed=/Users/arksong/.cargo/registry/src/index.crates.io-1949cf8c6b5b557f/llama-cpp-sys-2-0.1.133/llama.cpp/ggml/src/ggml-cpu/kleidiai/kernels.h
  cargo:rerun-if-changed=/Users/arksong/.cargo/registry/src/index.crates.io-1949cf8c6b5b557f/llama-cpp-sys-2-0.1.133/llama.cpp/ggml/src/ggml-cpu/kleidiai/kernels.cpp
  cargo:rerun-if-changed=/Users/arksong/.cargo/registry/src/index.crates.io-1949cf8c6b5b557f/llama-cpp-sys-2-0.1.133/llama.cpp/ggml/src/ggml-cpu/kleidiai/kleidiai.h
  cargo:rerun-if-changed=/Users/arksong/.cargo/registry/src/index.crates.io-1949cf8c6b5b557f/llama-cpp-sys-2-0.1.133/llama.cpp/ggml/src/ggml-cpu/ops.h
  cargo:rerun-if-changed=/Users/arksong/.cargo/registry/src/index.crates.io-1949cf8c6b5b557f/llama-cpp-sys-2-0.1.133/llama.cpp/ggml/src/ggml-cpu/hbm.cpp
  cargo:rerun-if-changed=/Users/arksong/.cargo/registry/src/index.crates.io-1949cf8c6b5b557f/llama-cpp-sys-2-0.1.133/llama.cpp/ggml/src/ggml-cpu/ggml-cpu.cpp
  cargo:rerun-if-changed=/Users/arksong/.cargo/registry/src/index.crates.io-1949cf8c6b5b557f/llama-cpp-sys-2-0.1.133/llama.cpp/ggml/src/ggml-cuda
  cargo:rerun-if-changed=/Users/arksong/.cargo/registry/src/index.crates.io-1949cf8c6b5b557f/llama-cpp-sys-2-0.1.133/llama.cpp/ggml/src/ggml-cuda/rope.cuh
  cargo:rerun-if-changed=/Users/arksong/.cargo/registry/src/index.crates.io-1949cf8c6b5b557f/llama-cpp-sys-2-0.1.133/llama.cpp/ggml/src/ggml-cuda/norm.cu
  cargo:rerun-if-changed=/Users/arksong/.cargo/registry/src/index.crates.io-1949cf8c6b5b557f/llama-cpp-sys-2-0.1.133/llama.cpp/ggml/src/ggml-cuda/conv-transpose-1d.cu
  cargo:rerun-if-changed=/Users/arksong/.cargo/registry/src/index.crates.io-1949cf8c6b5b557f/llama-cpp-sys-2-0.1.133/llama.cpp/ggml/src/ggml-cuda/fattn-mma-f16.cuh
  cargo:rerun-if-changed=/Users/arksong/.cargo/registry/src/index.crates.io-1949cf8c6b5b557f/llama-cpp-sys-2-0.1.133/llama.cpp/ggml/src/ggml-cuda/argsort.cuh
  cargo:rerun-if-changed=/Users/arksong/.cargo/registry/src/index.crates.io-1949cf8c6b5b557f/llama-cpp-sys-2-0.1.133/llama.cpp/ggml/src/ggml-cuda/cross-entropy-loss.cu
  cargo:rerun-if-changed=/Users/arksong/.cargo/registry/src/index.crates.io-1949cf8c6b5b557f/llama-cpp-sys-2-0.1.133/llama.cpp/ggml/src/ggml-cuda/fattn-tile.cu
  cargo:rerun-if-changed=/Users/arksong/.cargo/registry/src/index.crates.io-1949cf8c6b5b557f/llama-cpp-sys-2-0.1.133/llama.cpp/ggml/src/ggml-cuda/convert.cu
  cargo:rerun-if-changed=/Users/arksong/.cargo/registry/src/index.crates.io-1949cf8c6b5b557f/llama-cpp-sys-2-0.1.133/llama.cpp/ggml/src/ggml-cuda/conv2d-transpose.cu
  cargo:rerun-if-changed=/Users/arksong/.cargo/registry/src/index.crates.io-1949cf8c6b5b557f/llama-cpp-sys-2-0.1.133/llama.cpp/ggml/src/ggml-cuda/getrows.cuh
  cargo:rerun-if-changed=/Users/arksong/.cargo/registry/src/index.crates.io-1949cf8c6b5b557f/llama-cpp-sys-2-0.1.133/llama.cpp/ggml/src/ggml-cuda/argmax.cuh
  cargo:rerun-if-changed=/Users/arksong/.cargo/registry/src/index.crates.io-1949cf8c6b5b557f/llama-cpp-sys-2-0.1.133/llama.cpp/ggml/src/ggml-cuda/tsembd.cuh
  cargo:rerun-if-changed=/Users/arksong/.cargo/registry/src/index.crates.io-1949cf8c6b5b557f/llama-cpp-sys-2-0.1.133/llama.cpp/ggml/src/ggml-cuda/template-instances
  cargo:rerun-if-changed=/Users/arksong/.cargo/registry/src/index.crates.io-1949cf8c6b5b557f/llama-cpp-sys-2-0.1.133/llama.cpp/ggml/src/ggml-cuda/template-instances/fattn-tile-instance-dkq128-dv128.cu
  cargo:rerun-if-changed=/Users/arksong/.cargo/registry/src/index.crates.io-1949cf8c6b5b557f/llama-cpp-sys-2-0.1.133/llama.cpp/ggml/src/ggml-cuda/template-instances/fattn-mma-f16-instance-ncols1_8-ncols2_1.cu
  cargo:rerun-if-changed=/Users/arksong/.cargo/registry/src/index.crates.io-1949cf8c6b5b557f/llama-cpp-sys-2-0.1.133/llama.cpp/ggml/src/ggml-cuda/template-instances/mmf-instance-ncols_5.cu
  cargo:rerun-if-changed=/Users/arksong/.cargo/registry/src/index.crates.io-1949cf8c6b5b557f/llama-cpp-sys-2-0.1.133/llama.cpp/ggml/src/ggml-cuda/template-instances/fattn-mma-f16-instance-ncols1_4-ncols2_4.cu
  cargo:rerun-if-changed=/Users/arksong/.cargo/registry/src/index.crates.io-1949cf8c6b5b557f/llama-cpp-sys-2-0.1.133/llama.cpp/ggml/src/ggml-cuda/template-instances/mmq-instance-iq2_xxs.cu
  cargo:rerun-if-changed=/Users/arksong/.cargo/registry/src/index.crates.io-1949cf8c6b5b557f/llama-cpp-sys-2-0.1.133/llama.cpp/ggml/src/ggml-cuda/template-instances/fattn-vec-instance-f16-q8_0.cu
  cargo:rerun-if-changed=/Users/arksong/.cargo/registry/src/index.crates.io-1949cf8c6b5b557f/llama-cpp-sys-2-0.1.133/llama.cpp/ggml/src/ggml-cuda/template-instances/mmq-instance-iq2_s.cu
  cargo:rerun-if-changed=/Users/arksong/.cargo/registry/src/index.crates.io-1949cf8c6b5b557f/llama-cpp-sys-2-0.1.133/llama.cpp/ggml/src/ggml-cuda/template-instances/fattn-vec-instance-f16-q5_1.cu
  cargo:rerun-if-changed=/Users/arksong/.cargo/registry/src/index.crates.io-1949cf8c6b5b557f/llama-cpp-sys-2-0.1.133/llama.cpp/ggml/src/ggml-cuda/template-instances/mmf-instance-ncols_1.cu
  cargo:rerun-if-changed=/Users/arksong/.cargo/registry/src/index.crates.io-1949cf8c6b5b557f/llama-cpp-sys-2-0.1.133/llama.cpp/ggml/src/ggml-cuda/template-instances/mmq-instance-q3_k.cu
  cargo:rerun-if-changed=/Users/arksong/.cargo/registry/src/index.crates.io-1949cf8c6b5b557f/llama-cpp-sys-2-0.1.133/llama.cpp/ggml/src/ggml-cuda/template-instances/fattn-mma-f16-instance-ncols1_64-ncols2_1.cu
  cargo:rerun-if-changed=/Users/arksong/.cargo/registry/src/index.crates.io-1949cf8c6b5b557f/llama-cpp-sys-2-0.1.133/llama.cpp/ggml/src/ggml-cuda/template-instances/fattn-vec-instance-f16-q4_0.cu
  cargo:rerun-if-changed=/Users/arksong/.cargo/registry/src/index.crates.io-1949cf8c6b5b557f/llama-cpp-sys-2-0.1.133/llama.cpp/ggml/src/ggml-cuda/template-instances/fattn-mma-f16-instance-ncols1_8-ncols2_4.cu
  cargo:rerun-if-changed=/Users/arksong/.cargo/registry/src/index.crates.io-1949cf8c6b5b557f/llama-cpp-sys-2-0.1.133/llama.cpp/ggml/src/ggml-cuda/template-instances/fattn-vec-instance-f16-q5_0.cu
  cargo:rerun-if-changed=/Users/arksong/.cargo/registry/src/index.crates.io-1949cf8c6b5b557f/llama-cpp-sys-2-0.1.133/llama.cpp/ggml/src/ggml-cuda/template-instances/mmq-instance-q2_k.cu
  cargo:rerun-if-changed=/Users/arksong/.cargo/registry/src/index.crates.io-1949cf8c6b5b557f/llama-cpp-sys-2-0.1.133/llama.cpp/ggml/src/ggml-cuda/template-instances/fattn-vec-instance-q5_0-f16.cu
  cargo:rerun-if-changed=/Users/arksong/.cargo/registry/src/index.crates.io-1949cf8c6b5b557f/llama-cpp-sys-2-0.1.133/llama.cpp/ggml/src/ggml-cuda/template-instances/fattn-vec-instance-q4_0-f16.cu
  cargo:rerun-if-changed=/Users/arksong/.cargo/registry/src/index.crates.io-1949cf8c6b5b557f/llama-cpp-sys-2-0.1.133/llama.cpp/ggml/src/ggml-cuda/template-instances/fattn-tile-instance-dkq40-dv40.cu
  cargo:rerun-if-changed=/Users/arksong/.cargo/registry/src/index.crates.io-1949cf8c6b5b557f/llama-cpp-sys-2-0.1.133/llama.cpp/ggml/src/ggml-cuda/template-instances/fattn-vec-instance-f16-q4_1.cu
  cargo:rerun-if-changed=/Users/arksong/.cargo/registry/src/index.crates.io-1949cf8c6b5b557f/llama-cpp-sys-2-0.1.133/llama.cpp/ggml/src/ggml-cuda/template-instances/mmq-instance-iq3_s.cu
  cargo:rerun-if-changed=/Users/arksong/.cargo/registry/src/index.crates.io-1949cf8c6b5b557f/llama-cpp-sys-2-0.1.133/llama.cpp/ggml/src/ggml-cuda/template-instances/mmf-instance-ncols_4.cu
  cargo:rerun-if-changed=/Users/arksong/.cargo/registry/src/index.crates.io-1949cf8c6b5b557f/llama-cpp-sys-2-0.1.133/llama.cpp/ggml/src/ggml-cuda/template-instances/fattn-mma-f16-instance-ncols1_16-ncols2_2.cu
  cargo:rerun-if-changed=/Users/arksong/.cargo/registry/src/index.crates.io-1949cf8c6b5b557f/llama-cpp-sys-2-0.1.133/llama.cpp/ggml/src/ggml-cuda/template-instances/mmq-instance-mxfp4.cu
  cargo:rerun-if-changed=/Users/arksong/.cargo/registry/src/index.crates.io-1949cf8c6b5b557f/llama-cpp-sys-2-0.1.133/llama.cpp/ggml/src/ggml-cuda/template-instances/fattn-tile-instance-dkq72-dv72.cu
  cargo:rerun-if-changed=/Users/arksong/.cargo/registry/src/index.crates.io-1949cf8c6b5b557f/llama-cpp-sys-2-0.1.133/llama.cpp/ggml/src/ggml-cuda/template-instances/mmf-instance-ncols_14.cu
  cargo:rerun-if-changed=/Users/arksong/.cargo/registry/src/index.crates.io-1949cf8c6b5b557f/llama-cpp-sys-2-0.1.133/llama.cpp/ggml/src/ggml-cuda/template-instances/mmq-instance-q5_k.cu
  cargo:rerun-if-changed=/Users/arksong/.cargo/registry/src/index.crates.io-1949cf8c6b5b557f/llama-cpp-sys-2-0.1.133/llama.cpp/ggml/src/ggml-cuda/template-instances/fattn-mma-f16-instance-ncols1_2-ncols2_4.cu
  cargo:rerun-if-changed=/Users/arksong/.cargo/registry/src/index.crates.io-1949cf8c6b5b557f/llama-cpp-sys-2-0.1.133/llama.cpp/ggml/src/ggml-cuda/template-instances/mmq-instance-iq2_xs.cu
  cargo:rerun-if-changed=/Users/arksong/.cargo/registry/src/index.crates.io-1949cf8c6b5b557f/llama-cpp-sys-2-0.1.133/llama.cpp/ggml/src/ggml-cuda/template-instances/fattn-vec-instance-f16-f16.cu
  cargo:rerun-if-changed=/Users/arksong/.cargo/registry/src/index.crates.io-1949cf8c6b5b557f/llama-cpp-sys-2-0.1.133/llama.cpp/ggml/src/ggml-cuda/template-instances/fattn-mma-f16-instance-ncols1_32-ncols2_2.cu
  cargo:rerun-if-changed=/Users/arksong/.cargo/registry/src/index.crates.io-1949cf8c6b5b557f/llama-cpp-sys-2-0.1.133/llama.cpp/ggml/src/ggml-cuda/template-instances/mmf-instance-ncols_10.cu
  cargo:rerun-if-changed=/Users/arksong/.cargo/registry/src/index.crates.io-1949cf8c6b5b557f/llama-cpp-sys-2-0.1.133/llama.cpp/ggml/src/ggml-cuda/template-instances/fattn-tile-instance-dkq64-dv64.cu
  cargo:rerun-if-changed=/Users/arksong/.cargo/registry/src/index.crates.io-1949cf8c6b5b557f/llama-cpp-sys-2-0.1.133/llama.cpp/ggml/src/ggml-cuda/template-instances/fattn-vec-instance-q8_0-f16.cu
  cargo:rerun-if-changed=/Users/arksong/.cargo/registry/src/index.crates.io-1949cf8c6b5b557f/llama-cpp-sys-2-0.1.133/llama.cpp/ggml/src/ggml-cuda/template-instances/mmf-instance-ncols_11.cu
  cargo:rerun-if-changed=/Users/arksong/.cargo/registry/src/index.crates.io-1949cf8c6b5b557f/llama-cpp-sys-2-0.1.133/llama.cpp/ggml/src/ggml-cuda/template-instances/mmq-instance-q4_k.cu
  cargo:rerun-if-changed=/Users/arksong/.cargo/registry/src/index.crates.io-1949cf8c6b5b557f/llama-cpp-sys-2-0.1.133/llama.cpp/ggml/src/ggml-cuda/template-instances/mmf-instance-ncols_15.cu
  cargo:rerun-if-changed=/Users/arksong/.cargo/registry/src/index.crates.io-1949cf8c6b5b557f/llama-cpp-sys-2-0.1.133/llama.cpp/ggml/src/ggml-cuda/template-instances/fattn-mma-f16-instance-ncols1_1-ncols2_16.cu
  cargo:rerun-if-changed=/Users/arksong/.cargo/registry/src/index.crates.io-1949cf8c6b5b557f/llama-cpp-sys-2-0.1.133/llama.cpp/ggml/src/ggml-cuda/template-instances/mmq-instance-iq4_xs.cu
  cargo:rerun-if-changed=/Users/arksong/.cargo/registry/src/index.crates.io-1949cf8c6b5b557f/llama-cpp-sys-2-0.1.133/llama.cpp/ggml/src/ggml-cuda/template-instances/fattn-tile-instance-dkq576-dv512.cu
  cargo:rerun-if-changed=/Users/arksong/.cargo/registry/src/index.crates.io-1949cf8c6b5b557f/llama-cpp-sys-2-0.1.133/llama.cpp/ggml/src/ggml-cuda/template-instances/fattn-vec-instance-q4_0-q5_1.cu
  cargo:rerun-if-changed=/Users/arksong/.cargo/registry/src/index.crates.io-1949cf8c6b5b557f/llama-cpp-sys-2-0.1.133/llama.cpp/ggml/src/ggml-cuda/template-instances/mmf-instance-ncols_9.cu
  cargo:rerun-if-changed=/Users/arksong/.cargo/registry/src/index.crates.io-1949cf8c6b5b557f/llama-cpp-sys-2-0.1.133/llama.cpp/ggml/src/ggml-cuda/template-instances/fattn-mma-f16-instance-ncols1_4-ncols2_8.cu
  cargo:rerun-if-changed=/Users/arksong/.cargo/registry/src/index.crates.io-1949cf8c6b5b557f/llama-cpp-sys-2-0.1.133/llama.cpp/ggml/src/ggml-cuda/template-instances/fattn-vec-instance-q4_1-q5_0.cu
  cargo:rerun-if-changed=/Users/arksong/.cargo/registry/src/index.crates.io-1949cf8c6b5b557f/llama-cpp-sys-2-0.1.133/llama.cpp/ggml/src/ggml-cuda/template-instances/mmf-instance-ncols_12.cu
  cargo:rerun-if-changed=/Users/arksong/.cargo/registry/src/index.crates.io-1949cf8c6b5b557f/llama-cpp-sys-2-0.1.133/llama.cpp/ggml/src/ggml-cuda/template-instances/mmq-instance-iq4_nl.cu
  cargo:rerun-if-changed=/Users/arksong/.cargo/registry/src/index.crates.io-1949cf8c6b5b557f/llama-cpp-sys-2-0.1.133/llama.cpp/ggml/src/ggml-cuda/template-instances/fattn-vec-instance-q4_1-q4_1.cu
  cargo:rerun-if-changed=/Users/arksong/.cargo/registry/src/index.crates.io-1949cf8c6b5b557f/llama-cpp-sys-2-0.1.133/llama.cpp/ggml/src/ggml-cuda/template-instances/fattn-vec-instance-q4_0-q4_0.cu
  cargo:rerun-if-changed=/Users/arksong/.cargo/registry/src/index.crates.io-1949cf8c6b5b557f/llama-cpp-sys-2-0.1.133/llama.cpp/ggml/src/ggml-cuda/template-instances/fattn-tile-instance-dkq112-dv112.cu
  cargo:rerun-if-changed=/Users/arksong/.cargo/registry/src/index.crates.io-1949cf8c6b5b557f/llama-cpp-sys-2-0.1.133/llama.cpp/ggml/src/ggml-cuda/template-instances/fattn-mma-f16-instance-ncols1_4-ncols2_16.cu
  cargo:rerun-if-changed=/Users/arksong/.cargo/registry/src/index.crates.io-1949cf8c6b5b557f/llama-cpp-sys-2-0.1.133/llama.cpp/ggml/src/ggml-cuda/template-instances/mmq-instance-iq3_xxs.cu
  cargo:rerun-if-changed=/Users/arksong/.cargo/registry/src/index.crates.io-1949cf8c6b5b557f/llama-cpp-sys-2-0.1.133/llama.cpp/ggml/src/ggml-cuda/template-instances/mmf-instance-ncols_16.cu
  cargo:rerun-if-changed=/Users/arksong/.cargo/registry/src/index.crates.io-1949cf8c6b5b557f/llama-cpp-sys-2-0.1.133/llama.cpp/ggml/src/ggml-cuda/template-instances/fattn-vec-instance-q4_0-q8_0.cu
  cargo:rerun-if-changed=/Users/arksong/.cargo/registry/src/index.crates.io-1949cf8c6b5b557f/llama-cpp-sys-2-0.1.133/llama.cpp/ggml/src/ggml-cuda/template-instances/fattn-mma-f16-instance-ncols1_8-ncols2_8.cu
  cargo:rerun-if-changed=/Users/arksong/.cargo/registry/src/index.crates.io-1949cf8c6b5b557f/llama-cpp-sys-2-0.1.133/llama.cpp/ggml/src/ggml-cuda/template-instances/fattn-vec-instance-q4_1-q8_0.cu
  cargo:rerun-if-changed=/Users/arksong/.cargo/registry/src/index.crates.io-1949cf8c6b5b557f/llama-cpp-sys-2-0.1.133/llama.cpp/ggml/src/ggml-cuda/template-instances/fattn-tile-instance-dkq80-dv80.cu
  cargo:rerun-if-changed=/Users/arksong/.cargo/registry/src/index.crates.io-1949cf8c6b5b557f/llama-cpp-sys-2-0.1.133/llama.cpp/ggml/src/ggml-cuda/template-instances/fattn-vec-instance-q4_0-q5_0.cu
  cargo:rerun-if-changed=/Users/arksong/.cargo/registry/src/index.crates.io-1949cf8c6b5b557f/llama-cpp-sys-2-0.1.133/llama.cpp/ggml/src/ggml-cuda/template-instances/mmf-instance-ncols_8.cu
  cargo:rerun-if-changed=/Users/arksong/.cargo/registry/src/index.crates.io-1949cf8c6b5b557f/llama-cpp-sys-2-0.1.133/llama.cpp/ggml/src/ggml-cuda/template-instances/fattn-vec-instance-q4_1-f16.cu
  cargo:rerun-if-changed=/Users/arksong/.cargo/registry/src/index.crates.io-1949cf8c6b5b557f/llama-cpp-sys-2-0.1.133/llama.cpp/ggml/src/ggml-cuda/template-instances/fattn-vec-instance-q5_1-f16.cu
  cargo:rerun-if-changed=/Users/arksong/.cargo/registry/src/index.crates.io-1949cf8c6b5b557f/llama-cpp-sys-2-0.1.133/llama.cpp/ggml/src/ggml-cuda/template-instances/fattn-mma-f16-instance-ncols1_32-ncols2_1.cu
  cargo:rerun-if-changed=/Users/arksong/.cargo/registry/src/index.crates.io-1949cf8c6b5b557f/llama-cpp-sys-2-0.1.133/llama.cpp/ggml/src/ggml-cuda/template-instances/fattn-vec-instance-q4_1-q5_1.cu
  cargo:rerun-if-changed=/Users/arksong/.cargo/registry/src/index.crates.io-1949cf8c6b5b557f/llama-cpp-sys-2-0.1.133/llama.cpp/ggml/src/ggml-cuda/template-instances/fattn-mma-f16-instance-ncols1_1-ncols2_8.cu
  cargo:rerun-if-changed=/Users/arksong/.cargo/registry/src/index.crates.io-1949cf8c6b5b557f/llama-cpp-sys-2-0.1.133/llama.cpp/ggml/src/ggml-cuda/template-instances/mmf-instance-ncols_13.cu
  cargo:rerun-if-changed=/Users/arksong/.cargo/registry/src/index.crates.io-1949cf8c6b5b557f/llama-cpp-sys-2-0.1.133/llama.cpp/ggml/src/ggml-cuda/template-instances/mmq-instance-q6_k.cu
  cargo:rerun-if-changed=/Users/arksong/.cargo/registry/src/index.crates.io-1949cf8c6b5b557f/llama-cpp-sys-2-0.1.133/llama.cpp/ggml/src/ggml-cuda/template-instances/fattn-mma-f16-instance-ncols1_2-ncols2_16.cu
  cargo:rerun-if-changed=/Users/arksong/.cargo/registry/src/index.crates.io-1949cf8c6b5b557f/llama-cpp-sys-2-0.1.133/llama.cpp/ggml/src/ggml-cuda/template-instances/fattn-vec-instance-q4_1-q4_0.cu
  cargo:rerun-if-changed=/Users/arksong/.cargo/registry/src/index.crates.io-1949cf8c6b5b557f/llama-cpp-sys-2-0.1.133/llama.cpp/ggml/src/ggml-cuda/template-instances/fattn-vec-instance-q4_0-q4_1.cu
  cargo:rerun-if-changed=/Users/arksong/.cargo/registry/src/index.crates.io-1949cf8c6b5b557f/llama-cpp-sys-2-0.1.133/llama.cpp/ggml/src/ggml-cuda/template-instances/mmq-instance-q5_0.cu
  cargo:rerun-if-changed=/Users/arksong/.cargo/registry/src/index.crates.io-1949cf8c6b5b557f/llama-cpp-sys-2-0.1.133/llama.cpp/ggml/src/ggml-cuda/template-instances/fattn-vec-instance-q5_0-q5_1.cu
  cargo:rerun-if-changed=/Users/arksong/.cargo/registry/src/index.crates.io-1949cf8c6b5b557f/llama-cpp-sys-2-0.1.133/llama.cpp/ggml/src/ggml-cuda/template-instances/fattn-mma-f16-instance-ncols1_4-ncols2_2.cu
  cargo:rerun-if-changed=/Users/arksong/.cargo/registry/src/index.crates.io-1949cf8c6b5b557f/llama-cpp-sys-2-0.1.133/llama.cpp/ggml/src/ggml-cuda/template-instances/fattn-vec-instance-q5_1-q5_0.cu
  cargo:rerun-if-changed=/Users/arksong/.cargo/registry/src/index.crates.io-1949cf8c6b5b557f/llama-cpp-sys-2-0.1.133/llama.cpp/ggml/src/ggml-cuda/template-instances/mmf-instance-ncols_3.cu
  cargo:rerun-if-changed=/Users/arksong/.cargo/registry/src/index.crates.io-1949cf8c6b5b557f/llama-cpp-sys-2-0.1.133/llama.cpp/ggml/src/ggml-cuda/template-instances/fattn-vec-instance-q5_1-q4_1.cu
  cargo:rerun-if-changed=/Users/arksong/.cargo/registry/src/index.crates.io-1949cf8c6b5b557f/llama-cpp-sys-2-0.1.133/llama.cpp/ggml/src/ggml-cuda/template-instances/fattn-mma-f16-instance-ncols1_2-ncols2_8.cu
  cargo:rerun-if-changed=/Users/arksong/.cargo/registry/src/index.crates.io-1949cf8c6b5b557f/llama-cpp-sys-2-0.1.133/llama.cpp/ggml/src/ggml-cuda/template-instances/mmq-instance-q4_1.cu
  cargo:rerun-if-changed=/Users/arksong/.cargo/registry/src/index.crates.io-1949cf8c6b5b557f/llama-cpp-sys-2-0.1.133/llama.cpp/ggml/src/ggml-cuda/template-instances/fattn-vec-instance-q8_0-q8_0.cu
  cargo:rerun-if-changed=/Users/arksong/.cargo/registry/src/index.crates.io-1949cf8c6b5b557f/llama-cpp-sys-2-0.1.133/llama.cpp/ggml/src/ggml-cuda/template-instances/fattn-vec-instance-q5_0-q4_0.cu
  cargo:rerun-if-changed=/Users/arksong/.cargo/registry/src/index.crates.io-1949cf8c6b5b557f/llama-cpp-sys-2-0.1.133/llama.cpp/ggml/src/ggml-cuda/template-instances/fattn-tile-instance-dkq96-dv96.cu
  cargo:rerun-if-changed=/Users/arksong/.cargo/registry/src/index.crates.io-1949cf8c6b5b557f/llama-cpp-sys-2-0.1.133/llama.cpp/ggml/src/ggml-cuda/template-instances/fattn-tile-instance-dkq256-dv256.cu
  cargo:rerun-if-changed=/Users/arksong/.cargo/registry/src/index.crates.io-1949cf8c6b5b557f/llama-cpp-sys-2-0.1.133/llama.cpp/ggml/src/ggml-cuda/template-instances/fattn-vec-instance-q8_0-q5_1.cu
  cargo:rerun-if-changed=/Users/arksong/.cargo/registry/src/index.crates.io-1949cf8c6b5b557f/llama-cpp-sys-2-0.1.133/llama.cpp/ggml/src/ggml-cuda/template-instances/mmf-instance-ncols_7.cu
  cargo:rerun-if-changed=/Users/arksong/.cargo/registry/src/index.crates.io-1949cf8c6b5b557f/llama-cpp-sys-2-0.1.133/llama.cpp/ggml/src/ggml-cuda/template-instances/fattn-mma-f16-instance-ncols1_16-ncols2_1.cu
  cargo:rerun-if-changed=/Users/arksong/.cargo/registry/src/index.crates.io-1949cf8c6b5b557f/llama-cpp-sys-2-0.1.133/llama.cpp/ggml/src/ggml-cuda/template-instances/fattn-vec-instance-q8_0-q4_0.cu
  cargo:rerun-if-changed=/Users/arksong/.cargo/registry/src/index.crates.io-1949cf8c6b5b557f/llama-cpp-sys-2-0.1.133/llama.cpp/ggml/src/ggml-cuda/template-instances/fattn-vec-instance-q5_0-q8_0.cu
  cargo:rerun-if-changed=/Users/arksong/.cargo/registry/src/index.crates.io-1949cf8c6b5b557f/llama-cpp-sys-2-0.1.133/llama.cpp/ggml/src/ggml-cuda/template-instances/fattn-mma-f16-instance-ncols1_8-ncols2_2.cu
  cargo:rerun-if-changed=/Users/arksong/.cargo/registry/src/index.crates.io-1949cf8c6b5b557f/llama-cpp-sys-2-0.1.133/llama.cpp/ggml/src/ggml-cuda/template-instances/fattn-vec-instance-q8_0-q5_0.cu
  cargo:rerun-if-changed=/Users/arksong/.cargo/registry/src/index.crates.io-1949cf8c6b5b557f/llama-cpp-sys-2-0.1.133/llama.cpp/ggml/src/ggml-cuda/template-instances/mmf-instance-ncols_6.cu
  cargo:rerun-if-changed=/Users/arksong/.cargo/registry/src/index.crates.io-1949cf8c6b5b557f/llama-cpp-sys-2-0.1.133/llama.cpp/ggml/src/ggml-cuda/template-instances/fattn-vec-instance-q5_1-q8_0.cu
  cargo:rerun-if-changed=/Users/arksong/.cargo/registry/src/index.crates.io-1949cf8c6b5b557f/llama-cpp-sys-2-0.1.133/llama.cpp/ggml/src/ggml-cuda/template-instances/fattn-vec-instance-q8_0-q4_1.cu
  cargo:rerun-if-changed=/Users/arksong/.cargo/registry/src/index.crates.io-1949cf8c6b5b557f/llama-cpp-sys-2-0.1.133/llama.cpp/ggml/src/ggml-cuda/template-instances/mmq-instance-q8_0.cu
  cargo:rerun-if-changed=/Users/arksong/.cargo/registry/src/index.crates.io-1949cf8c6b5b557f/llama-cpp-sys-2-0.1.133/llama.cpp/ggml/src/ggml-cuda/template-instances/generate_cu_files.py
  cargo:rerun-if-changed=/Users/arksong/.cargo/registry/src/index.crates.io-1949cf8c6b5b557f/llama-cpp-sys-2-0.1.133/llama.cpp/ggml/src/ggml-cuda/template-instances/mmq-instance-q5_1.cu
  cargo:rerun-if-changed=/Users/arksong/.cargo/registry/src/index.crates.io-1949cf8c6b5b557f/llama-cpp-sys-2-0.1.133/llama.cpp/ggml/src/ggml-cuda/template-instances/fattn-vec-instance-q5_0-q5_0.cu
  cargo:rerun-if-changed=/Users/arksong/.cargo/registry/src/index.crates.io-1949cf8c6b5b557f/llama-cpp-sys-2-0.1.133/llama.cpp/ggml/src/ggml-cuda/template-instances/fattn-vec-instance-q5_1-q5_1.cu
  cargo:rerun-if-changed=/Users/arksong/.cargo/registry/src/index.crates.io-1949cf8c6b5b557f/llama-cpp-sys-2-0.1.133/llama.cpp/ggml/src/ggml-cuda/template-instances/mmf-instance-ncols_2.cu
  cargo:rerun-if-changed=/Users/arksong/.cargo/registry/src/index.crates.io-1949cf8c6b5b557f/llama-cpp-sys-2-0.1.133/llama.cpp/ggml/src/ggml-cuda/template-instances/fattn-vec-instance-q5_1-q4_0.cu
  cargo:rerun-if-changed=/Users/arksong/.cargo/registry/src/index.crates.io-1949cf8c6b5b557f/llama-cpp-sys-2-0.1.133/llama.cpp/ggml/src/ggml-cuda/template-instances/mmq-instance-q4_0.cu
  cargo:rerun-if-changed=/Users/arksong/.cargo/registry/src/index.crates.io-1949cf8c6b5b557f/llama-cpp-sys-2-0.1.133/llama.cpp/ggml/src/ggml-cuda/template-instances/fattn-mma-f16-instance-ncols1_16-ncols2_4.cu
  cargo:rerun-if-changed=/Users/arksong/.cargo/registry/src/index.crates.io-1949cf8c6b5b557f/llama-cpp-sys-2-0.1.133/llama.cpp/ggml/src/ggml-cuda/template-instances/fattn-vec-instance-q5_0-q4_1.cu
  cargo:rerun-if-changed=/Users/arksong/.cargo/registry/src/index.crates.io-1949cf8c6b5b557f/llama-cpp-sys-2-0.1.133/llama.cpp/ggml/src/ggml-cuda/template-instances/mmq-instance-iq1_s.cu
  cargo:rerun-if-changed=/Users/arksong/.cargo/registry/src/index.crates.io-1949cf8c6b5b557f/llama-cpp-sys-2-0.1.133/llama.cpp/ggml/src/ggml-cuda/dequantize.cuh
  cargo:rerun-if-changed=/Users/arksong/.cargo/registry/src/index.crates.io-1949cf8c6b5b557f/llama-cpp-sys-2-0.1.133/llama.cpp/ggml/src/ggml-cuda/vecdotq.cuh
  cargo:rerun-if-changed=/Users/arksong/.cargo/registry/src/index.crates.io-1949cf8c6b5b557f/llama-cpp-sys-2-0.1.133/llama.cpp/ggml/src/ggml-cuda/getrows.cu
  cargo:rerun-if-changed=/Users/arksong/.cargo/registry/src/index.crates.io-1949cf8c6b5b557f/llama-cpp-sys-2-0.1.133/llama.cpp/ggml/src/ggml-cuda/vendors
  cargo:rerun-if-changed=/Users/arksong/.cargo/registry/src/index.crates.io-1949cf8c6b5b557f/llama-cpp-sys-2-0.1.133/llama.cpp/ggml/src/ggml-cuda/vendors/musa.h
  cargo:rerun-if-changed=/Users/arksong/.cargo/registry/src/index.crates.io-1949cf8c6b5b557f/llama-cpp-sys-2-0.1.133/llama.cpp/ggml/src/ggml-cuda/vendors/hip.h
  cargo:rerun-if-changed=/Users/arksong/.cargo/registry/src/index.crates.io-1949cf8c6b5b557f/llama-cpp-sys-2-0.1.133/llama.cpp/ggml/src/ggml-cuda/vendors/cuda.h
  cargo:rerun-if-changed=/Users/arksong/.cargo/registry/src/index.crates.io-1949cf8c6b5b557f/llama-cpp-sys-2-0.1.133/llama.cpp/ggml/src/ggml-cuda/common.cuh
  cargo:rerun-if-changed=/Users/arksong/.cargo/registry/src/index.crates.io-1949cf8c6b5b557f/llama-cpp-sys-2-0.1.133/llama.cpp/ggml/src/ggml-cuda/mmq.cu
  cargo:rerun-if-changed=/Users/arksong/.cargo/registry/src/index.crates.io-1949cf8c6b5b557f/llama-cpp-sys-2-0.1.133/llama.cpp/ggml/src/ggml-cuda/conv-transpose-1d.cuh
  cargo:rerun-if-changed=/Users/arksong/.cargo/registry/src/index.crates.io-1949cf8c6b5b557f/llama-cpp-sys-2-0.1.133/llama.cpp/ggml/src/ggml-cuda/diagmask.cu
  cargo:rerun-if-changed=/Users/arksong/.cargo/registry/src/index.crates.io-1949cf8c6b5b557f/llama-cpp-sys-2-0.1.133/llama.cpp/ggml/src/ggml-cuda/sum.cuh
  cargo:rerun-if-changed=/Users/arksong/.cargo/registry/src/index.crates.io-1949cf8c6b5b557f/llama-cpp-sys-2-0.1.133/llama.cpp/ggml/src/ggml-cuda/upscale.cuh
  cargo:rerun-if-changed=/Users/arksong/.cargo/registry/src/index.crates.io-1949cf8c6b5b557f/llama-cpp-sys-2-0.1.133/llama.cpp/ggml/src/ggml-cuda/im2col.cuh
  cargo:rerun-if-changed=/Users/arksong/.cargo/registry/src/index.crates.io-1949cf8c6b5b557f/llama-cpp-sys-2-0.1.133/llama.cpp/ggml/src/ggml-cuda/CMakeLists.txt
  cargo:rerun-if-changed=/Users/arksong/.cargo/registry/src/index.crates.io-1949cf8c6b5b557f/llama-cpp-sys-2-0.1.133/llama.cpp/ggml/src/ggml-cuda/cpy.cuh
  cargo:rerun-if-changed=/Users/arksong/.cargo/registry/src/index.crates.io-1949cf8c6b5b557f/llama-cpp-sys-2-0.1.133/llama.cpp/ggml/src/ggml-cuda/set-rows.cu
  cargo:rerun-if-changed=/Users/arksong/.cargo/registry/src/index.crates.io-1949cf8c6b5b557f/llama-cpp-sys-2-0.1.133/llama.cpp/ggml/src/ggml-cuda/wkv.cu
  cargo:rerun-if-changed=/Users/arksong/.cargo/registry/src/index.crates.io-1949cf8c6b5b557f/llama-cpp-sys-2-0.1.133/llama.cpp/ggml/src/ggml-cuda/cp-async.cuh
  cargo:rerun-if-changed=/Users/arksong/.cargo/registry/src/index.crates.io-1949cf8c6b5b557f/llama-cpp-sys-2-0.1.133/llama.cpp/ggml/src/ggml-cuda/solve_tri.cu
  cargo:rerun-if-changed=/Users/arksong/.cargo/registry/src/index.crates.io-1949cf8c6b5b557f/llama-cpp-sys-2-0.1.133/llama.cpp/ggml/src/ggml-cuda/out-prod.cuh
  cargo:rerun-if-changed=/Users/arksong/.cargo/registry/src/index.crates.io-1949cf8c6b5b557f/llama-cpp-sys-2-0.1.133/llama.cpp/ggml/src/ggml-cuda/fattn-wmma-f16.cu
  cargo:rerun-if-changed=/Users/arksong/.cargo/registry/src/index.crates.io-1949cf8c6b5b557f/llama-cpp-sys-2-0.1.133/llama.cpp/ggml/src/ggml-cuda/opt-step-adamw.cuh
  cargo:rerun-if-changed=/Users/arksong/.cargo/registry/src/index.crates.io-1949cf8c6b5b557f/llama-cpp-sys-2-0.1.133/llama.cpp/ggml/src/ggml-cuda/upscale.cu
  cargo:rerun-if-changed=/Users/arksong/.cargo/registry/src/index.crates.io-1949cf8c6b5b557f/llama-cpp-sys-2-0.1.133/llama.cpp/ggml/src/ggml-cuda/ssm-scan.cu
  cargo:rerun-if-changed=/Users/arksong/.cargo/registry/src/index.crates.io-1949cf8c6b5b557f/llama-cpp-sys-2-0.1.133/llama.cpp/ggml/src/ggml-cuda/cumsum.cuh
  cargo:rerun-if-changed=/Users/arksong/.cargo/registry/src/index.crates.io-1949cf8c6b5b557f/llama-cpp-sys-2-0.1.133/llama.cpp/ggml/src/ggml-cuda/tri.cuh
  cargo:rerun-if-changed=/Users/arksong/.cargo/registry/src/index.crates.io-1949cf8c6b5b557f/llama-cpp-sys-2-0.1.133/llama.cpp/ggml/src/ggml-cuda/conv2d.cuh
  cargo:rerun-if-changed=/Users/arksong/.cargo/registry/src/index.crates.io-1949cf8c6b5b557f/llama-cpp-sys-2-0.1.133/llama.cpp/ggml/src/ggml-cuda/argmax.cu
  cargo:rerun-if-changed=/Users/arksong/.cargo/registry/src/index.crates.io-1949cf8c6b5b557f/llama-cpp-sys-2-0.1.133/llama.cpp/ggml/src/ggml-cuda/convert.cuh
  cargo:rerun-if-changed=/Users/arksong/.cargo/registry/src/index.crates.io-1949cf8c6b5b557f/llama-cpp-sys-2-0.1.133/llama.cpp/ggml/src/ggml-cuda/gla.cuh
  cargo:rerun-if-changed=/Users/arksong/.cargo/registry/src/index.crates.io-1949cf8c6b5b557f/llama-cpp-sys-2-0.1.133/llama.cpp/ggml/src/ggml-cuda/unary.cuh
  cargo:rerun-if-changed=/Users/arksong/.cargo/registry/src/index.crates.io-1949cf8c6b5b557f/llama-cpp-sys-2-0.1.133/llama.cpp/ggml/src/ggml-cuda/top-k.cu
  cargo:rerun-if-changed=/Users/arksong/.cargo/registry/src/index.crates.io-1949cf8c6b5b557f/llama-cpp-sys-2-0.1.133/llama.cpp/ggml/src/ggml-cuda/argsort.cu
  cargo:rerun-if-changed=/Users/arksong/.cargo/registry/src/index.crates.io-1949cf8c6b5b557f/llama-cpp-sys-2-0.1.133/llama.cpp/ggml/src/ggml-cuda/ssm-conv.cu
  cargo:rerun-if-changed=/Users/arksong/.cargo/registry/src/index.crates.io-1949cf8c6b5b557f/llama-cpp-sys-2-0.1.133/llama.cpp/ggml/src/ggml-cuda/solve_tri.cuh
  cargo:rerun-if-changed=/Users/arksong/.cargo/registry/src/index.crates.io-1949cf8c6b5b557f/llama-cpp-sys-2-0.1.133/llama.cpp/ggml/src/ggml-cuda/add-id.cu
  cargo:rerun-if-changed=/Users/arksong/.cargo/registry/src/index.crates.io-1949cf8c6b5b557f/llama-cpp-sys-2-0.1.133/llama.cpp/ggml/src/ggml-cuda/fill.cuh
  cargo:rerun-if-changed=/Users/arksong/.cargo/registry/src/index.crates.io-1949cf8c6b5b557f/llama-cpp-sys-2-0.1.133/llama.cpp/ggml/src/ggml-cuda/sumrows.cu
  cargo:rerun-if-changed=/Users/arksong/.cargo/registry/src/index.crates.io-1949cf8c6b5b557f/llama-cpp-sys-2-0.1.133/llama.cpp/ggml/src/ggml-cuda/fattn-wmma-f16.cuh
  cargo:rerun-if-changed=/Users/arksong/.cargo/registry/src/index.crates.io-1949cf8c6b5b557f/llama-cpp-sys-2-0.1.133/llama.cpp/ggml/src/ggml-cuda/sumrows.cuh
  cargo:rerun-if-changed=/Users/arksong/.cargo/registry/src/index.crates.io-1949cf8c6b5b557f/llama-cpp-sys-2-0.1.133/llama.cpp/ggml/src/ggml-cuda/set.cuh
  cargo:rerun-if-changed=/Users/arksong/.cargo/registry/src/index.crates.io-1949cf8c6b5b557f/llama-cpp-sys-2-0.1.133/llama.cpp/ggml/src/ggml-cuda/mean.cuh
  cargo:rerun-if-changed=/Users/arksong/.cargo/registry/src/index.crates.io-1949cf8c6b5b557f/llama-cpp-sys-2-0.1.133/llama.cpp/ggml/src/ggml-cuda/opt-step-sgd.cuh
  cargo:rerun-if-changed=/Users/arksong/.cargo/registry/src/index.crates.io-1949cf8c6b5b557f/llama-cpp-sys-2-0.1.133/llama.cpp/ggml/src/ggml-cuda/binbcast.cu
  cargo:rerun-if-changed=/Users/arksong/.cargo/registry/src/index.crates.io-1949cf8c6b5b557f/llama-cpp-sys-2-0.1.133/llama.cpp/ggml/src/ggml-cuda/norm.cuh
  cargo:rerun-if-changed=/Users/arksong/.cargo/registry/src/index.crates.io-1949cf8c6b5b557f/llama-cpp-sys-2-0.1.133/llama.cpp/ggml/src/ggml-cuda/fattn-vec.cuh
  cargo:rerun-if-changed=/Users/arksong/.cargo/registry/src/index.crates.io-1949cf8c6b5b557f/llama-cpp-sys-2-0.1.133/llama.cpp/ggml/src/ggml-cuda/ssm-scan.cuh
  cargo:rerun-if-changed=/Users/arksong/.cargo/registry/src/index.crates.io-1949cf8c6b5b557f/llama-cpp-sys-2-0.1.133/llama.cpp/ggml/src/ggml-cuda/fill.cu
  cargo:rerun-if-changed=/Users/arksong/.cargo/registry/src/index.crates.io-1949cf8c6b5b557f/llama-cpp-sys-2-0.1.133/llama.cpp/ggml/src/ggml-cuda/quantize.cu
  cargo:rerun-if-changed=/Users/arksong/.cargo/registry/src/index.crates.io-1949cf8c6b5b557f/llama-cpp-sys-2-0.1.133/llama.cpp/ggml/src/ggml-cuda/concat.cu
  cargo:rerun-if-changed=/Users/arksong/.cargo/registry/src/index.crates.io-1949cf8c6b5b557f/llama-cpp-sys-2-0.1.133/llama.cpp/ggml/src/ggml-cuda/concat.cuh
  cargo:rerun-if-changed=/Users/arksong/.cargo/registry/src/index.crates.io-1949cf8c6b5b557f/llama-cpp-sys-2-0.1.133/llama.cpp/ggml/src/ggml-cuda/out-prod.cu
  cargo:rerun-if-changed=/Users/arksong/.cargo/registry/src/index.crates.io-1949cf8c6b5b557f/llama-cpp-sys-2-0.1.133/llama.cpp/ggml/src/ggml-cuda/mmf.cu
  cargo:rerun-if-changed=/Users/arksong/.cargo/registry/src/index.crates.io-1949cf8c6b5b557f/llama-cpp-sys-2-0.1.133/llama.cpp/ggml/src/ggml-cuda/roll.cuh
  cargo:rerun-if-changed=/Users/arksong/.cargo/registry/src/index.crates.io-1949cf8c6b5b557f/llama-cpp-sys-2-0.1.133/llama.cpp/ggml/src/ggml-cuda/roll.cu
  cargo:rerun-if-changed=/Users/arksong/.cargo/registry/src/index.crates.io-1949cf8c6b5b557f/llama-cpp-sys-2-0.1.133/llama.cpp/ggml/src/ggml-cuda/softcap.cuh
  cargo:rerun-if-changed=/Users/arksong/.cargo/registry/src/index.crates.io-1949cf8c6b5b557f/llama-cpp-sys-2-0.1.133/llama.cpp/ggml/src/ggml-cuda/set.cu
  cargo:rerun-if-changed=/Users/arksong/.cargo/registry/src/index.crates.io-1949cf8c6b5b557f/llama-cpp-sys-2-0.1.133/llama.cpp/ggml/src/ggml-cuda/mmf.cuh
  cargo:rerun-if-changed=/Users/arksong/.cargo/registry/src/index.crates.io-1949cf8c6b5b557f/llama-cpp-sys-2-0.1.133/llama.cpp/ggml/src/ggml-cuda/mmq.cuh
  cargo:rerun-if-changed=/Users/arksong/.cargo/registry/src/index.crates.io-1949cf8c6b5b557f/llama-cpp-sys-2-0.1.133/llama.cpp/ggml/src/ggml-cuda/cpy.cu
  cargo:rerun-if-changed=/Users/arksong/.cargo/registry/src/index.crates.io-1949cf8c6b5b557f/llama-cpp-sys-2-0.1.133/llama.cpp/ggml/src/ggml-cuda/topk-moe.cuh
  cargo:rerun-if-changed=/Users/arksong/.cargo/registry/src/index.crates.io-1949cf8c6b5b557f/llama-cpp-sys-2-0.1.133/llama.cpp/ggml/src/ggml-cuda/mmvf.cuh
  cargo:rerun-if-changed=/Users/arksong/.cargo/registry/src/index.crates.io-1949cf8c6b5b557f/llama-cpp-sys-2-0.1.133/llama.cpp/ggml/src/ggml-cuda/unary.cu
  cargo:rerun-if-changed=/Users/arksong/.cargo/registry/src/index.crates.io-1949cf8c6b5b557f/llama-cpp-sys-2-0.1.133/llama.cpp/ggml/src/ggml-cuda/mmvq.cuh
  cargo:rerun-if-changed=/Users/arksong/.cargo/registry/src/index.crates.io-1949cf8c6b5b557f/llama-cpp-sys-2-0.1.133/llama.cpp/ggml/src/ggml-cuda/conv2d-dw.cu
  cargo:rerun-if-changed=/Users/arksong/.cargo/registry/src/index.crates.io-1949cf8c6b5b557f/llama-cpp-sys-2-0.1.133/llama.cpp/ggml/src/ggml-cuda/fattn-tile.cuh
  cargo:rerun-if-changed=/Users/arksong/.cargo/registry/src/index.crates.io-1949cf8c6b5b557f/llama-cpp-sys-2-0.1.133/llama.cpp/ggml/src/ggml-cuda/diag.cuh
  cargo:rerun-if-changed=/Users/arksong/.cargo/registry/src/index.crates.io-1949cf8c6b5b557f/llama-cpp-sys-2-0.1.133/llama.cpp/ggml/src/ggml-cuda/acc.cuh
  cargo:rerun-if-changed=/Users/arksong/.cargo/registry/src/index.crates.io-1949cf8c6b5b557f/llama-cpp-sys-2-0.1.133/llama.cpp/ggml/src/ggml-cuda/pad_reflect_1d.cu
  cargo:rerun-if-changed=/Users/arksong/.cargo/registry/src/index.crates.io-1949cf8c6b5b557f/llama-cpp-sys-2-0.1.133/llama.cpp/ggml/src/ggml-cuda/arange.cuh
  cargo:rerun-if-changed=/Users/arksong/.cargo/registry/src/index.crates.io-1949cf8c6b5b557f/llama-cpp-sys-2-0.1.133/llama.cpp/ggml/src/ggml-cuda/add-id.cuh
  cargo:rerun-if-changed=/Users/arksong/.cargo/registry/src/index.crates.io-1949cf8c6b5b557f/llama-cpp-sys-2-0.1.133/llama.cpp/ggml/src/ggml-cuda/sum.cu
  cargo:rerun-if-changed=/Users/arksong/.cargo/registry/src/index.crates.io-1949cf8c6b5b557f/llama-cpp-sys-2-0.1.133/llama.cpp/ggml/src/ggml-cuda/fattn-common.cuh
  cargo:rerun-if-changed=/Users/arksong/.cargo/registry/src/index.crates.io-1949cf8c6b5b557f/llama-cpp-sys-2-0.1.133/llama.cpp/ggml/src/ggml-cuda/cpy-utils.cuh
  cargo:rerun-if-changed=/Users/arksong/.cargo/registry/src/index.crates.io-1949cf8c6b5b557f/llama-cpp-sys-2-0.1.133/llama.cpp/ggml/src/ggml-cuda/cumsum.cu
  cargo:rerun-if-changed=/Users/arksong/.cargo/registry/src/index.crates.io-1949cf8c6b5b557f/llama-cpp-sys-2-0.1.133/llama.cpp/ggml/src/ggml-cuda/top-k.cuh
  cargo:rerun-if-changed=/Users/arksong/.cargo/registry/src/index.crates.io-1949cf8c6b5b557f/llama-cpp-sys-2-0.1.133/llama.cpp/ggml/src/ggml-cuda/wkv.cuh
  cargo:rerun-if-changed=/Users/arksong/.cargo/registry/src/index.crates.io-1949cf8c6b5b557f/llama-cpp-sys-2-0.1.133/llama.cpp/ggml/src/ggml-cuda/acc.cu
  cargo:rerun-if-changed=/Users/arksong/.cargo/registry/src/index.crates.io-1949cf8c6b5b557f/llama-cpp-sys-2-0.1.133/llama.cpp/ggml/src/ggml-cuda/pad.cuh
  cargo:rerun-if-changed=/Users/arksong/.cargo/registry/src/index.crates.io-1949cf8c6b5b557f/llama-cpp-sys-2-0.1.133/llama.cpp/ggml/src/ggml-cuda/mmvq.cu
  cargo:rerun-if-changed=/Users/arksong/.cargo/registry/src/index.crates.io-1949cf8c6b5b557f/llama-cpp-sys-2-0.1.133/llama.cpp/ggml/src/ggml-cuda/mma.cuh
  cargo:rerun-if-changed=/Users/arksong/.cargo/registry/src/index.crates.io-1949cf8c6b5b557f/llama-cpp-sys-2-0.1.133/llama.cpp/ggml/src/ggml-cuda/diagmask.cuh
  cargo:rerun-if-changed=/Users/arksong/.cargo/registry/src/index.crates.io-1949cf8c6b5b557f/llama-cpp-sys-2-0.1.133/llama.cpp/ggml/src/ggml-cuda/clamp.cuh
  cargo:rerun-if-changed=/Users/arksong/.cargo/registry/src/index.crates.io-1949cf8c6b5b557f/llama-cpp-sys-2-0.1.133/llama.cpp/ggml/src/ggml-cuda/fattn.cu
  cargo:rerun-if-changed=/Users/arksong/.cargo/registry/src/index.crates.io-1949cf8c6b5b557f/llama-cpp-sys-2-0.1.133/llama.cpp/ggml/src/ggml-cuda/softmax.cuh
  cargo:rerun-if-changed=/Users/arksong/.cargo/registry/src/index.crates.io-1949cf8c6b5b557f/llama-cpp-sys-2-0.1.133/llama.cpp/ggml/src/ggml-cuda/conv2d-transpose.cuh
  cargo:rerun-if-changed=/Users/arksong/.cargo/registry/src/index.crates.io-1949cf8c6b5b557f/llama-cpp-sys-2-0.1.133/llama.cpp/ggml/src/ggml-cuda/set-rows.cuh
  cargo:rerun-if-changed=/Users/arksong/.cargo/registry/src/index.crates.io-1949cf8c6b5b557f/llama-cpp-sys-2-0.1.133/llama.cpp/ggml/src/ggml-cuda/im2col.cu
  cargo:rerun-if-changed=/Users/arksong/.cargo/registry/src/index.crates.io-1949cf8c6b5b557f/llama-cpp-sys-2-0.1.133/llama.cpp/ggml/src/ggml-cuda/tsembd.cu
  cargo:rerun-if-changed=/Users/arksong/.cargo/registry/src/index.crates.io-1949cf8c6b5b557f/llama-cpp-sys-2-0.1.133/llama.cpp/ggml/src/ggml-cuda/pool2d.cuh
  cargo:rerun-if-changed=/Users/arksong/.cargo/registry/src/index.crates.io-1949cf8c6b5b557f/llama-cpp-sys-2-0.1.133/llama.cpp/ggml/src/ggml-cuda/softmax.cu
  cargo:rerun-if-changed=/Users/arksong/.cargo/registry/src/index.crates.io-1949cf8c6b5b557f/llama-cpp-sys-2-0.1.133/llama.cpp/ggml/src/ggml-cuda/pad_reflect_1d.cuh
  cargo:rerun-if-changed=/Users/arksong/.cargo/registry/src/index.crates.io-1949cf8c6b5b557f/llama-cpp-sys-2-0.1.133/llama.cpp/ggml/src/ggml-cuda/binbcast.cuh
  cargo:rerun-if-changed=/Users/arksong/.cargo/registry/src/index.crates.io-1949cf8c6b5b557f/llama-cpp-sys-2-0.1.133/llama.cpp/ggml/src/ggml-cuda/scale.cu
  cargo:rerun-if-changed=/Users/arksong/.cargo/registry/src/index.crates.io-1949cf8c6b5b557f/llama-cpp-sys-2-0.1.133/llama.cpp/ggml/src/ggml-cuda/gla.cu
  cargo:rerun-if-changed=/Users/arksong/.cargo/registry/src/index.crates.io-1949cf8c6b5b557f/llama-cpp-sys-2-0.1.133/llama.cpp/ggml/src/ggml-cuda/mmid.cuh
  cargo:rerun-if-changed=/Users/arksong/.cargo/registry/src/index.crates.io-1949cf8c6b5b557f/llama-cpp-sys-2-0.1.133/llama.cpp/ggml/src/ggml-cuda/quantize.cuh
  cargo:rerun-if-changed=/Users/arksong/.cargo/registry/src/index.crates.io-1949cf8c6b5b557f/llama-cpp-sys-2-0.1.133/llama.cpp/ggml/src/ggml-cuda/conv2d-dw.cuh
  cargo:rerun-if-changed=/Users/arksong/.cargo/registry/src/index.crates.io-1949cf8c6b5b557f/llama-cpp-sys-2-0.1.133/llama.cpp/ggml/src/ggml-cuda/reduce_rows.cuh
  cargo:rerun-if-changed=/Users/arksong/.cargo/registry/src/index.crates.io-1949cf8c6b5b557f/llama-cpp-sys-2-0.1.133/llama.cpp/ggml/src/ggml-cuda/tri.cu
  cargo:rerun-if-changed=/Users/arksong/.cargo/registry/src/index.crates.io-1949cf8c6b5b557f/llama-cpp-sys-2-0.1.133/llama.cpp/ggml/src/ggml-cuda/conv2d.cu
  cargo:rerun-if-changed=/Users/arksong/.cargo/registry/src/index.crates.io-1949cf8c6b5b557f/llama-cpp-sys-2-0.1.133/llama.cpp/ggml/src/ggml-cuda/mmvf.cu
  cargo:rerun-if-changed=/Users/arksong/.cargo/registry/src/index.crates.io-1949cf8c6b5b557f/llama-cpp-sys-2-0.1.133/llama.cpp/ggml/src/ggml-cuda/mmid.cu
  cargo:rerun-if-changed=/Users/arksong/.cargo/registry/src/index.crates.io-1949cf8c6b5b557f/llama-cpp-sys-2-0.1.133/llama.cpp/ggml/src/ggml-cuda/mean.cu
  cargo:rerun-if-changed=/Users/arksong/.cargo/registry/src/index.crates.io-1949cf8c6b5b557f/llama-cpp-sys-2-0.1.133/llama.cpp/ggml/src/ggml-cuda/cross-entropy-loss.cuh
  cargo:rerun-if-changed=/Users/arksong/.cargo/registry/src/index.crates.io-1949cf8c6b5b557f/llama-cpp-sys-2-0.1.133/llama.cpp/ggml/src/ggml-cuda/pool2d.cu
  cargo:rerun-if-changed=/Users/arksong/.cargo/registry/src/index.crates.io-1949cf8c6b5b557f/llama-cpp-sys-2-0.1.133/llama.cpp/ggml/src/ggml-cuda/clamp.cu
  cargo:rerun-if-changed=/Users/arksong/.cargo/registry/src/index.crates.io-1949cf8c6b5b557f/llama-cpp-sys-2-0.1.133/llama.cpp/ggml/src/ggml-cuda/scale.cuh
  cargo:rerun-if-changed=/Users/arksong/.cargo/registry/src/index.crates.io-1949cf8c6b5b557f/llama-cpp-sys-2-0.1.133/llama.cpp/ggml/src/ggml-cuda/opt-step-adamw.cu
  cargo:rerun-if-changed=/Users/arksong/.cargo/registry/src/index.crates.io-1949cf8c6b5b557f/llama-cpp-sys-2-0.1.133/llama.cpp/ggml/src/ggml-cuda/pad.cu
  cargo:rerun-if-changed=/Users/arksong/.cargo/registry/src/index.crates.io-1949cf8c6b5b557f/llama-cpp-sys-2-0.1.133/llama.cpp/ggml/src/ggml-cuda/arange.cu
  cargo:rerun-if-changed=/Users/arksong/.cargo/registry/src/index.crates.io-1949cf8c6b5b557f/llama-cpp-sys-2-0.1.133/llama.cpp/ggml/src/ggml-cuda/ggml-cuda.cu
  cargo:rerun-if-changed=/Users/arksong/.cargo/registry/src/index.crates.io-1949cf8c6b5b557f/llama-cpp-sys-2-0.1.133/llama.cpp/ggml/src/ggml-cuda/opt-step-sgd.cu
  cargo:rerun-if-changed=/Users/arksong/.cargo/registry/src/index.crates.io-1949cf8c6b5b557f/llama-cpp-sys-2-0.1.133/llama.cpp/ggml/src/ggml-cuda/softcap.cu
  cargo:rerun-if-changed=/Users/arksong/.cargo/registry/src/index.crates.io-1949cf8c6b5b557f/llama-cpp-sys-2-0.1.133/llama.cpp/ggml/src/ggml-cuda/fattn.cuh
  cargo:rerun-if-changed=/Users/arksong/.cargo/registry/src/index.crates.io-1949cf8c6b5b557f/llama-cpp-sys-2-0.1.133/llama.cpp/ggml/src/ggml-cuda/diag.cu
  cargo:rerun-if-changed=/Users/arksong/.cargo/registry/src/index.crates.io-1949cf8c6b5b557f/llama-cpp-sys-2-0.1.133/llama.cpp/ggml/src/ggml-cuda/count-equal.cuh
  cargo:rerun-if-changed=/Users/arksong/.cargo/registry/src/index.crates.io-1949cf8c6b5b557f/llama-cpp-sys-2-0.1.133/llama.cpp/ggml/src/ggml-cuda/count-equal.cu
  cargo:rerun-if-changed=/Users/arksong/.cargo/registry/src/index.crates.io-1949cf8c6b5b557f/llama-cpp-sys-2-0.1.133/llama.cpp/ggml/src/ggml-cuda/ssm-conv.cuh
  cargo:rerun-if-changed=/Users/arksong/.cargo/registry/src/index.crates.io-1949cf8c6b5b557f/llama-cpp-sys-2-0.1.133/llama.cpp/ggml/src/ggml-cuda/topk-moe.cu
  cargo:rerun-if-changed=/Users/arksong/.cargo/registry/src/index.crates.io-1949cf8c6b5b557f/llama-cpp-sys-2-0.1.133/llama.cpp/ggml/src/ggml-cuda/rope.cu
  cargo:rerun-if-changed=/Users/arksong/.cargo/registry/src/index.crates.io-1949cf8c6b5b557f/llama-cpp-sys-2-0.1.133/llama.cpp/ggml/src/ggml-metal
  cargo:rerun-if-changed=/Users/arksong/.cargo/registry/src/index.crates.io-1949cf8c6b5b557f/llama-cpp-sys-2-0.1.133/llama.cpp/ggml/src/ggml-metal/ggml-metal-common.h
  cargo:rerun-if-changed=/Users/arksong/.cargo/registry/src/index.crates.io-1949cf8c6b5b557f/llama-cpp-sys-2-0.1.133/llama.cpp/ggml/src/ggml-metal/ggml-metal-device.m
  cargo:rerun-if-changed=/Users/arksong/.cargo/registry/src/index.crates.io-1949cf8c6b5b557f/llama-cpp-sys-2-0.1.133/llama.cpp/ggml/src/ggml-metal/CMakeLists.txt
  cargo:rerun-if-changed=/Users/arksong/.cargo/registry/src/index.crates.io-1949cf8c6b5b557f/llama-cpp-sys-2-0.1.133/llama.cpp/ggml/src/ggml-metal/ggml-metal-ops.cpp
  cargo:rerun-if-changed=/Users/arksong/.cargo/registry/src/index.crates.io-1949cf8c6b5b557f/llama-cpp-sys-2-0.1.133/llama.cpp/ggml/src/ggml-metal/ggml-metal.metal
  cargo:rerun-if-changed=/Users/arksong/.cargo/registry/src/index.crates.io-1949cf8c6b5b557f/llama-cpp-sys-2-0.1.133/llama.cpp/ggml/src/ggml-metal/ggml-metal-ops.h
  cargo:rerun-if-changed=/Users/arksong/.cargo/registry/src/index.crates.io-1949cf8c6b5b557f/llama-cpp-sys-2-0.1.133/llama.cpp/ggml/src/ggml-metal/ggml-metal-context.m
  cargo:rerun-if-changed=/Users/arksong/.cargo/registry/src/index.crates.io-1949cf8c6b5b557f/llama-cpp-sys-2-0.1.133/llama.cpp/ggml/src/ggml-metal/ggml-metal-common.cpp
  cargo:rerun-if-changed=/Users/arksong/.cargo/registry/src/index.crates.io-1949cf8c6b5b557f/llama-cpp-sys-2-0.1.133/llama.cpp/ggml/src/ggml-metal/ggml-metal-device.h
  cargo:rerun-if-changed=/Users/arksong/.cargo/registry/src/index.crates.io-1949cf8c6b5b557f/llama-cpp-sys-2-0.1.133/llama.cpp/ggml/src/ggml-metal/ggml-metal-device.cpp
  cargo:rerun-if-changed=/Users/arksong/.cargo/registry/src/index.crates.io-1949cf8c6b5b557f/llama-cpp-sys-2-0.1.133/llama.cpp/ggml/src/ggml-metal/ggml-metal.cpp
  cargo:rerun-if-changed=/Users/arksong/.cargo/registry/src/index.crates.io-1949cf8c6b5b557f/llama-cpp-sys-2-0.1.133/llama.cpp/ggml/src/ggml-metal/ggml-metal-context.h
  cargo:rerun-if-changed=/Users/arksong/.cargo/registry/src/index.crates.io-1949cf8c6b5b557f/llama-cpp-sys-2-0.1.133/llama.cpp/ggml/src/ggml-metal/ggml-metal-impl.h
  cargo:rerun-if-changed=/Users/arksong/.cargo/registry/src/index.crates.io-1949cf8c6b5b557f/llama-cpp-sys-2-0.1.133/llama.cpp/ggml/src/ggml-common.h
  cargo:rerun-if-changed=/Users/arksong/.cargo/registry/src/index.crates.io-1949cf8c6b5b557f/llama-cpp-sys-2-0.1.133/llama.cpp/ggml/src/ggml-quants.h
  cargo:rerun-if-changed=/Users/arksong/.cargo/registry/src/index.crates.io-1949cf8c6b5b557f/llama-cpp-sys-2-0.1.133/llama.cpp/ggml/src/ggml-backend-reg.cpp
  cargo:rerun-if-changed=/Users/arksong/.cargo/registry/src/index.crates.io-1949cf8c6b5b557f/llama-cpp-sys-2-0.1.133/llama.cpp/ggml/src/ggml-vulkan
  cargo:rerun-if-changed=/Users/arksong/.cargo/registry/src/index.crates.io-1949cf8c6b5b557f/llama-cpp-sys-2-0.1.133/llama.cpp/ggml/src/ggml-vulkan/CMakeLists.txt
  cargo:rerun-if-changed=/Users/arksong/.cargo/registry/src/index.crates.io-1949cf8c6b5b557f/llama-cpp-sys-2-0.1.133/llama.cpp/ggml/src/ggml-vulkan/cmake
  cargo:rerun-if-changed=/Users/arksong/.cargo/registry/src/index.crates.io-1949cf8c6b5b557f/llama-cpp-sys-2-0.1.133/llama.cpp/ggml/src/ggml-vulkan/cmake/host-toolchain.cmake.in
  cargo:rerun-if-changed=/Users/arksong/.cargo/registry/src/index.crates.io-1949cf8c6b5b557f/llama-cpp-sys-2-0.1.133/llama.cpp/ggml/src/ggml-vulkan/ggml-vulkan.cpp
  cargo:rerun-if-changed=/Users/arksong/.cargo/registry/src/index.crates.io-1949cf8c6b5b557f/llama-cpp-sys-2-0.1.133/llama.cpp/ggml/src/ggml-vulkan/vulkan-shaders
  cargo:rerun-if-changed=/Users/arksong/.cargo/registry/src/index.crates.io-1949cf8c6b5b557f/llama-cpp-sys-2-0.1.133/llama.cpp/ggml/src/ggml-vulkan/vulkan-shaders/mul.comp
  cargo:rerun-if-changed=/Users/arksong/.cargo/registry/src/index.crates.io-1949cf8c6b5b557f/llama-cpp-sys-2-0.1.133/llama.cpp/ggml/src/ggml-vulkan/vulkan-shaders/trunc.comp
  cargo:rerun-if-changed=/Users/arksong/.cargo/registry/src/index.crates.io-1949cf8c6b5b557f/llama-cpp-sys-2-0.1.133/llama.cpp/ggml/src/ggml-vulkan/vulkan-shaders/diag_mask_inf.comp
  cargo:rerun-if-changed=/Users/arksong/.cargo/registry/src/index.crates.io-1949cf8c6b5b557f/llama-cpp-sys-2-0.1.133/llama.cpp/ggml/src/ggml-vulkan/vulkan-shaders/hardsigmoid.comp
  cargo:rerun-if-changed=/Users/arksong/.cargo/registry/src/index.crates.io-1949cf8c6b5b557f/llama-cpp-sys-2-0.1.133/llama.cpp/ggml/src/ggml-vulkan/vulkan-shaders/fill.comp
  cargo:rerun-if-changed=/Users/arksong/.cargo/registry/src/index.crates.io-1949cf8c6b5b557f/llama-cpp-sys-2-0.1.133/llama.cpp/ggml/src/ggml-vulkan/vulkan-shaders/ssm_conv.comp
  cargo:rerun-if-changed=/Users/arksong/.cargo/registry/src/index.crates.io-1949cf8c6b5b557f/llama-cpp-sys-2-0.1.133/llama.cpp/ggml/src/ggml-vulkan/vulkan-shaders/mul_mat_split_k_reduce.comp
  cargo:rerun-if-changed=/Users/arksong/.cargo/registry/src/index.crates.io-1949cf8c6b5b557f/llama-cpp-sys-2-0.1.133/llama.cpp/ggml/src/ggml-vulkan/vulkan-shaders/flash_attn.comp
  cargo:rerun-if-changed=/Users/arksong/.cargo/registry/src/index.crates.io-1949cf8c6b5b557f/llama-cpp-sys-2-0.1.133/llama.cpp/ggml/src/ggml-vulkan/vulkan-shaders/silu.comp
  cargo:rerun-if-changed=/Users/arksong/.cargo/registry/src/index.crates.io-1949cf8c6b5b557f/llama-cpp-sys-2-0.1.133/llama.cpp/ggml/src/ggml-vulkan/vulkan-shaders/timestep_embedding.comp
  cargo:rerun-if-changed=/Users/arksong/.cargo/registry/src/index.crates.io-1949cf8c6b5b557f/llama-cpp-sys-2-0.1.133/llama.cpp/ggml/src/ggml-vulkan/vulkan-shaders/swiglu.comp
  cargo:rerun-if-changed=/Users/arksong/.cargo/registry/src/index.crates.io-1949cf8c6b5b557f/llama-cpp-sys-2-0.1.133/llama.cpp/ggml/src/ggml-vulkan/vulkan-shaders/mul_mat_vec_p021.comp
  cargo:rerun-if-changed=/Users/arksong/.cargo/registry/src/index.crates.io-1949cf8c6b5b557f/llama-cpp-sys-2-0.1.133/llama.cpp/ggml/src/ggml-vulkan/vulkan-shaders/generic_binary_head.glsl
  cargo:rerun-if-changed=/Users/arksong/.cargo/registry/src/index.crates.io-1949cf8c6b5b557f/llama-cpp-sys-2-0.1.133/llama.cpp/ggml/src/ggml-vulkan/vulkan-shaders/opt_step_adamw.comp
  cargo:rerun-if-changed=/Users/arksong/.cargo/registry/src/index.crates.io-1949cf8c6b5b557f/llama-cpp-sys-2-0.1.133/llama.cpp/ggml/src/ggml-vulkan/vulkan-shaders/dequant_iq2_xs.comp
  cargo:rerun-if-changed=/Users/arksong/.cargo/registry/src/index.crates.io-1949cf8c6b5b557f/llama-cpp-sys-2-0.1.133/llama.cpp/ggml/src/ggml-vulkan/vulkan-shaders/topk_nary_search.comp
  cargo:rerun-if-changed=/Users/arksong/.cargo/registry/src/index.crates.io-1949cf8c6b5b557f/llama-cpp-sys-2-0.1.133/llama.cpp/ggml/src/ggml-vulkan/vulkan-shaders/feature-tests
  cargo:rerun-if-changed=/Users/arksong/.cargo/registry/src/index.crates.io-1949cf8c6b5b557f/llama-cpp-sys-2-0.1.133/llama.cpp/ggml/src/ggml-vulkan/vulkan-shaders/feature-tests/integer_dot.comp
  cargo:rerun-if-changed=/Users/arksong/.cargo/registry/src/index.crates.io-1949cf8c6b5b557f/llama-cpp-sys-2-0.1.133/llama.cpp/ggml/src/ggml-vulkan/vulkan-shaders/feature-tests/coopmat2.comp
  cargo:rerun-if-changed=/Users/arksong/.cargo/registry/src/index.crates.io-1949cf8c6b5b557f/llama-cpp-sys-2-0.1.133/llama.cpp/ggml/src/ggml-vulkan/vulkan-shaders/feature-tests/bfloat16.comp
  cargo:rerun-if-changed=/Users/arksong/.cargo/registry/src/index.crates.io-1949cf8c6b5b557f/llama-cpp-sys-2-0.1.133/llama.cpp/ggml/src/ggml-vulkan/vulkan-shaders/feature-tests/coopmat.comp
  cargo:rerun-if-changed=/Users/arksong/.cargo/registry/src/index.crates.io-1949cf8c6b5b557f/llama-cpp-sys-2-0.1.133/llama.cpp/ggml/src/ggml-vulkan/vulkan-shaders/gelu.comp
  cargo:rerun-if-changed=/Users/arksong/.cargo/registry/src/index.crates.io-1949cf8c6b5b557f/llama-cpp-sys-2-0.1.133/llama.cpp/ggml/src/ggml-vulkan/vulkan-shaders/CMakeLists.txt
  cargo:rerun-if-changed=/Users/arksong/.cargo/registry/src/index.crates.io-1949cf8c6b5b557f/llama-cpp-sys-2-0.1.133/llama.cpp/ggml/src/ggml-vulkan/vulkan-shaders/relu.comp
  cargo:rerun-if-changed=/Users/arksong/.cargo/registry/src/index.crates.io-1949cf8c6b5b557f/llama-cpp-sys-2-0.1.133/llama.cpp/ggml/src/ggml-vulkan/vulkan-shaders/rope_funcs.glsl
  cargo:rerun-if-changed=/Users/arksong/.cargo/registry/src/index.crates.io-1949cf8c6b5b557f/llama-cpp-sys-2-0.1.133/llama.cpp/ggml/src/ggml-vulkan/vulkan-shaders/norm.comp
  cargo:rerun-if-changed=/Users/arksong/.cargo/registry/src/index.crates.io-1949cf8c6b5b557f/llama-cpp-sys-2-0.1.133/llama.cpp/ggml/src/ggml-vulkan/vulkan-shaders/cos.comp
  cargo:rerun-if-changed=/Users/arksong/.cargo/registry/src/index.crates.io-1949cf8c6b5b557f/llama-cpp-sys-2-0.1.133/llama.cpp/ggml/src/ggml-vulkan/vulkan-shaders/conv2d_dw.comp
  cargo:rerun-if-changed=/Users/arksong/.cargo/registry/src/index.crates.io-1949cf8c6b5b557f/llama-cpp-sys-2-0.1.133/llama.cpp/ggml/src/ggml-vulkan/vulkan-shaders/round.comp
  cargo:rerun-if-changed=/Users/arksong/.cargo/registry/src/index.crates.io-1949cf8c6b5b557f/llama-cpp-sys-2-0.1.133/llama.cpp/ggml/src/ggml-vulkan/vulkan-shaders/pool2d.comp
  cargo:rerun-if-changed=/Users/arksong/.cargo/registry/src/index.crates.io-1949cf8c6b5b557f/llama-cpp-sys-2-0.1.133/llama.cpp/ggml/src/ggml-vulkan/vulkan-shaders/im2col.comp
  cargo:rerun-if-changed=/Users/arksong/.cargo/registry/src/index.crates.io-1949cf8c6b5b557f/llama-cpp-sys-2-0.1.133/llama.cpp/ggml/src/ggml-vulkan/vulkan-shaders/cumsum_multipass2.comp
  cargo:rerun-if-changed=/Users/arksong/.cargo/registry/src/index.crates.io-1949cf8c6b5b557f/llama-cpp-sys-2-0.1.133/llama.cpp/ggml/src/ggml-vulkan/vulkan-shaders/group_norm.comp
  cargo:rerun-if-changed=/Users/arksong/.cargo/registry/src/index.crates.io-1949cf8c6b5b557f/llama-cpp-sys-2-0.1.133/llama.cpp/ggml/src/ggml-vulkan/vulkan-shaders/flash_attn_base.glsl
  cargo:rerun-if-changed=/Users/arksong/.cargo/registry/src/index.crates.io-1949cf8c6b5b557f/llama-cpp-sys-2-0.1.133/llama.cpp/ggml/src/ggml-vulkan/vulkan-shaders/soft_max_large_common.glsl
  cargo:rerun-if-changed=/Users/arksong/.cargo/registry/src/index.crates.io-1949cf8c6b5b557f/llama-cpp-sys-2-0.1.133/llama.cpp/ggml/src/ggml-vulkan/vulkan-shaders/mul_mat_vec_iq2_s.comp
  cargo:rerun-if-changed=/Users/arksong/.cargo/registry/src/index.crates.io-1949cf8c6b5b557f/llama-cpp-sys-2-0.1.133/llama.cpp/ggml/src/ggml-vulkan/vulkan-shaders/soft_max_back.comp
  cargo:rerun-if-changed=/Users/arksong/.cargo/registry/src/index.crates.io-1949cf8c6b5b557f/llama-cpp-sys-2-0.1.133/llama.cpp/ggml/src/ggml-vulkan/vulkan-shaders/mul_mmq.comp
  cargo:rerun-if-changed=/Users/arksong/.cargo/registry/src/index.crates.io-1949cf8c6b5b557f/llama-cpp-sys-2-0.1.133/llama.cpp/ggml/src/ggml-vulkan/vulkan-shaders/soft_max_large1.comp
  cargo:rerun-if-changed=/Users/arksong/.cargo/registry/src/index.crates.io-1949cf8c6b5b557f/llama-cpp-sys-2-0.1.133/llama.cpp/ggml/src/ggml-vulkan/vulkan-shaders/mul_mat_vec_iq2_xxs.comp
  cargo:rerun-if-changed=/Users/arksong/.cargo/registry/src/index.crates.io-1949cf8c6b5b557f/llama-cpp-sys-2-0.1.133/llama.cpp/ggml/src/ggml-vulkan/vulkan-shaders/mul_mat_vec_iq3_xxs.comp
  cargo:rerun-if-changed=/Users/arksong/.cargo/registry/src/index.crates.io-1949cf8c6b5b557f/llama-cpp-sys-2-0.1.133/llama.cpp/ggml/src/ggml-vulkan/vulkan-shaders/geglu_quick.comp
  cargo:rerun-if-changed=/Users/arksong/.cargo/registry/src/index.crates.io-1949cf8c6b5b557f/llama-cpp-sys-2-0.1.133/llama.cpp/ggml/src/ggml-vulkan/vulkan-shaders/count_experts.comp
  cargo:rerun-if-changed=/Users/arksong/.cargo/registry/src/index.crates.io-1949cf8c6b5b557f/llama-cpp-sys-2-0.1.133/llama.cpp/ggml/src/ggml-vulkan/vulkan-shaders/generic_unary_head.glsl
  cargo:rerun-if-changed=/Users/arksong/.cargo/registry/src/index.crates.io-1949cf8c6b5b557f/llama-cpp-sys-2-0.1.133/llama.cpp/ggml/src/ggml-vulkan/vulkan-shaders/dequant_f32.comp
  cargo:rerun-if-changed=/Users/arksong/.cargo/registry/src/index.crates.io-1949cf8c6b5b557f/llama-cpp-sys-2-0.1.133/llama.cpp/ggml/src/ggml-vulkan/vulkan-shaders/mul_mat_vec_q3_k.comp
  cargo:rerun-if-changed=/Users/arksong/.cargo/registry/src/index.crates.io-1949cf8c6b5b557f/llama-cpp-sys-2-0.1.133/llama.cpp/ggml/src/ggml-vulkan/vulkan-shaders/dequant_q3_k.comp
  cargo:rerun-if-changed=/Users/arksong/.cargo/registry/src/index.crates.io-1949cf8c6b5b557f/llama-cpp-sys-2-0.1.133/llama.cpp/ggml/src/ggml-vulkan/vulkan-shaders/silu_back.comp
  cargo:rerun-if-changed=/Users/arksong/.cargo/registry/src/index.crates.io-1949cf8c6b5b557f/llama-cpp-sys-2-0.1.133/llama.cpp/ggml/src/ggml-vulkan/vulkan-shaders/swiglu_oai.comp
  cargo:rerun-if-changed=/Users/arksong/.cargo/registry/src/index.crates.io-1949cf8c6b5b557f/llama-cpp-sys-2-0.1.133/llama.cpp/ggml/src/ggml-vulkan/vulkan-shaders/mul_mat_vec_base.glsl
  cargo:rerun-if-changed=/Users/arksong/.cargo/registry/src/index.crates.io-1949cf8c6b5b557f/llama-cpp-sys-2-0.1.133/llama.cpp/ggml/src/ggml-vulkan/vulkan-shaders/copy_from_quant.comp
  cargo:rerun-if-changed=/Users/arksong/.cargo/registry/src/index.crates.io-1949cf8c6b5b557f/llama-cpp-sys-2-0.1.133/llama.cpp/ggml/src/ggml-vulkan/vulkan-shaders/solve_tri.comp
  cargo:rerun-if-changed=/Users/arksong/.cargo/registry/src/index.crates.io-1949cf8c6b5b557f/llama-cpp-sys-2-0.1.133/llama.cpp/ggml/src/ggml-vulkan/vulkan-shaders/tri.comp
  cargo:rerun-if-changed=/Users/arksong/.cargo/registry/src/index.crates.io-1949cf8c6b5b557f/llama-cpp-sys-2-0.1.133/llama.cpp/ggml/src/ggml-vulkan/vulkan-shaders/get_rows_quant.comp
  cargo:rerun-if-changed=/Users/arksong/.cargo/registry/src/index.crates.io-1949cf8c6b5b557f/llama-cpp-sys-2-0.1.133/llama.cpp/ggml/src/ggml-vulkan/vulkan-shaders/argsort.comp
  cargo:rerun-if-changed=/Users/arksong/.cargo/registry/src/index.crates.io-1949cf8c6b5b557f/llama-cpp-sys-2-0.1.133/llama.cpp/ggml/src/ggml-vulkan/vulkan-shaders/mul_mm_funcs.glsl
  cargo:rerun-if-changed=/Users/arksong/.cargo/registry/src/index.crates.io-1949cf8c6b5b557f/llama-cpp-sys-2-0.1.133/llama.cpp/ggml/src/ggml-vulkan/vulkan-shaders/flash_attn_cm1.comp
  cargo:rerun-if-changed=/Users/arksong/.cargo/registry/src/index.crates.io-1949cf8c6b5b557f/llama-cpp-sys-2-0.1.133/llama.cpp/ggml/src/ggml-vulkan/vulkan-shaders/gelu_quick.comp
  cargo:rerun-if-changed=/Users/arksong/.cargo/registry/src/index.crates.io-1949cf8c6b5b557f/llama-cpp-sys-2-0.1.133/llama.cpp/ggml/src/ggml-vulkan/vulkan-shaders/acc.comp
  cargo:rerun-if-changed=/Users/arksong/.cargo/registry/src/index.crates.io-1949cf8c6b5b557f/llama-cpp-sys-2-0.1.133/llama.cpp/ggml/src/ggml-vulkan/vulkan-shaders/sqrt.comp
  cargo:rerun-if-changed=/Users/arksong/.cargo/registry/src/index.crates.io-1949cf8c6b5b557f/llama-cpp-sys-2-0.1.133/llama.cpp/ggml/src/ggml-vulkan/vulkan-shaders/mul_mat_vec.comp
  cargo:rerun-if-changed=/Users/arksong/.cargo/registry/src/index.crates.io-1949cf8c6b5b557f/llama-cpp-sys-2-0.1.133/llama.cpp/ggml/src/ggml-vulkan/vulkan-shaders/add.comp
  cargo:rerun-if-changed=/Users/arksong/.cargo/registry/src/index.crates.io-1949cf8c6b5b557f/llama-cpp-sys-2-0.1.133/llama.cpp/ggml/src/ggml-vulkan/vulkan-shaders/types.glsl
  cargo:rerun-if-changed=/Users/arksong/.cargo/registry/src/index.crates.io-1949cf8c6b5b557f/llama-cpp-sys-2-0.1.133/llama.cpp/ggml/src/ggml-vulkan/vulkan-shaders/sum_rows.glsl
  cargo:rerun-if-changed=/Users/arksong/.cargo/registry/src/index.crates.io-1949cf8c6b5b557f/llama-cpp-sys-2-0.1.133/llama.cpp/ggml/src/ggml-vulkan/vulkan-shaders/conv2d_mm.comp
  cargo:rerun-if-changed=/Users/arksong/.cargo/registry/src/index.crates.io-1949cf8c6b5b557f/llama-cpp-sys-2-0.1.133/llama.cpp/ggml/src/ggml-vulkan/vulkan-shaders/generic_head.glsl
  cargo:rerun-if-changed=/Users/arksong/.cargo/registry/src/index.crates.io-1949cf8c6b5b557f/llama-cpp-sys-2-0.1.133/llama.cpp/ggml/src/ggml-vulkan/vulkan-shaders/repeat.comp
  cargo:rerun-if-changed=/Users/arksong/.cargo/registry/src/index.crates.io-1949cf8c6b5b557f/llama-cpp-sys-2-0.1.133/llama.cpp/ggml/src/ggml-vulkan/vulkan-shaders/arange.comp
  cargo:rerun-if-changed=/Users/arksong/.cargo/registry/src/index.crates.io-1949cf8c6b5b557f/llama-cpp-sys-2-0.1.133/llama.cpp/ggml/src/ggml-vulkan/vulkan-shaders/dequant_iq4_nl.comp
  cargo:rerun-if-changed=/Users/arksong/.cargo/registry/src/index.crates.io-1949cf8c6b5b557f/llama-cpp-sys-2-0.1.133/llama.cpp/ggml/src/ggml-vulkan/vulkan-shaders/dequant_q5_1.comp
  cargo:rerun-if-changed=/Users/arksong/.cargo/registry/src/index.crates.io-1949cf8c6b5b557f/llama-cpp-sys-2-0.1.133/llama.cpp/ggml/src/ggml-vulkan/vulkan-shaders/mul_mat_vecq_funcs.glsl
  cargo:rerun-if-changed=/Users/arksong/.cargo/registry/src/index.crates.io-1949cf8c6b5b557f/llama-cpp-sys-2-0.1.133/llama.cpp/ggml/src/ggml-vulkan/vulkan-shaders/neg.comp
  cargo:rerun-if-changed=/Users/arksong/.cargo/registry/src/index.crates.io-1949cf8c6b5b557f/llama-cpp-sys-2-0.1.133/llama.cpp/ggml/src/ggml-vulkan/vulkan-shaders/rope_params.glsl
  cargo:rerun-if-changed=/Users/arksong/.cargo/registry/src/index.crates.io-1949cf8c6b5b557f/llama-cpp-sys-2-0.1.133/llama.cpp/ggml/src/ggml-vulkan/vulkan-shaders/mul_mat_vec_iq2_xs.comp
  cargo:rerun-if-changed=/Users/arksong/.cargo/registry/src/index.crates.io-1949cf8c6b5b557f/llama-cpp-sys-2-0.1.133/llama.cpp/ggml/src/ggml-vulkan/vulkan-shaders/ssm_scan.comp
  cargo:rerun-if-changed=/Users/arksong/.cargo/registry/src/index.crates.io-1949cf8c6b5b557f/llama-cpp-sys-2-0.1.133/llama.cpp/ggml/src/ggml-vulkan/vulkan-shaders/dequant_q5_k.comp
  cargo:rerun-if-changed=/Users/arksong/.cargo/registry/src/index.crates.io-1949cf8c6b5b557f/llama-cpp-sys-2-0.1.133/llama.cpp/ggml/src/ggml-vulkan/vulkan-shaders/dequant_q5_0.comp
  cargo:rerun-if-changed=/Users/arksong/.cargo/registry/src/index.crates.io-1949cf8c6b5b557f/llama-cpp-sys-2-0.1.133/llama.cpp/ggml/src/ggml-vulkan/vulkan-shaders/mul_mat_vec_q5_k.comp
  cargo:rerun-if-changed=/Users/arksong/.cargo/registry/src/index.crates.io-1949cf8c6b5b557f/llama-cpp-sys-2-0.1.133/llama.cpp/ggml/src/ggml-vulkan/vulkan-shaders/roll.comp
  cargo:rerun-if-changed=/Users/arksong/.cargo/registry/src/index.crates.io-1949cf8c6b5b557f/llama-cpp-sys-2-0.1.133/llama.cpp/ggml/src/ggml-vulkan/vulkan-shaders/mul_mm.comp
  cargo:rerun-if-changed=/Users/arksong/.cargo/registry/src/index.crates.io-1949cf8c6b5b557f/llama-cpp-sys-2-0.1.133/llama.cpp/ggml/src/ggml-vulkan/vulkan-shaders/repeat_back.comp
  cargo:rerun-if-changed=/Users/arksong/.cargo/registry/src/index.crates.io-1949cf8c6b5b557f/llama-cpp-sys-2-0.1.133/llama.cpp/ggml/src/ggml-vulkan/vulkan-shaders/leaky_relu.comp
  cargo:rerun-if-changed=/Users/arksong/.cargo/registry/src/index.crates.io-1949cf8c6b5b557f/llama-cpp-sys-2-0.1.133/llama.cpp/ggml/src/ggml-vulkan/vulkan-shaders/glu_head.glsl
  cargo:rerun-if-changed=/Users/arksong/.cargo/registry/src/index.crates.io-1949cf8c6b5b557f/llama-cpp-sys-2-0.1.133/llama.cpp/ggml/src/ggml-vulkan/vulkan-shaders/div.comp
  cargo:rerun-if-changed=/Users/arksong/.cargo/registry/src/index.crates.io-1949cf8c6b5b557f/llama-cpp-sys-2-0.1.133/llama.cpp/ggml/src/ggml-vulkan/vulkan-shaders/add_id.comp
  cargo:rerun-if-changed=/Users/arksong/.cargo/registry/src/index.crates.io-1949cf8c6b5b557f/llama-cpp-sys-2-0.1.133/llama.cpp/ggml/src/ggml-vulkan/vulkan-shaders/mul_mm_cm2.comp
  cargo:rerun-if-changed=/Users/arksong/.cargo/registry/src/index.crates.io-1949cf8c6b5b557f/llama-cpp-sys-2-0.1.133/llama.cpp/ggml/src/ggml-vulkan/vulkan-shaders/tanh.comp
  cargo:rerun-if-changed=/Users/arksong/.cargo/registry/src/index.crates.io-1949cf8c6b5b557f/llama-cpp-sys-2-0.1.133/llama.cpp/ggml/src/ggml-vulkan/vulkan-shaders/xielu.comp
  cargo:rerun-if-changed=/Users/arksong/.cargo/registry/src/index.crates.io-1949cf8c6b5b557f/llama-cpp-sys-2-0.1.133/llama.cpp/ggml/src/ggml-vulkan/vulkan-shaders/exp.comp
  cargo:rerun-if-changed=/Users/arksong/.cargo/registry/src/index.crates.io-1949cf8c6b5b557f/llama-cpp-sys-2-0.1.133/llama.cpp/ggml/src/ggml-vulkan/vulkan-shaders/dequant_iq2_s.comp
  cargo:rerun-if-changed=/Users/arksong/.cargo/registry/src/index.crates.io-1949cf8c6b5b557f/llama-cpp-sys-2-0.1.133/llama.cpp/ggml/src/ggml-vulkan/vulkan-shaders/glu_main.glsl
  cargo:rerun-if-changed=/Users/arksong/.cargo/registry/src/index.crates.io-1949cf8c6b5b557f/llama-cpp-sys-2-0.1.133/llama.cpp/ggml/src/ggml-vulkan/vulkan-shaders/mul_mat_vec_nc.comp
  cargo:rerun-if-changed=/Users/arksong/.cargo/registry/src/index.crates.io-1949cf8c6b5b557f/llama-cpp-sys-2-0.1.133/llama.cpp/ggml/src/ggml-vulkan/vulkan-shaders/sub.comp
  cargo:rerun-if-changed=/Users/arksong/.cargo/registry/src/index.crates.io-1949cf8c6b5b557f/llama-cpp-sys-2-0.1.133/llama.cpp/ggml/src/ggml-vulkan/vulkan-shaders/gelu_erf.comp
  cargo:rerun-if-changed=/Users/arksong/.cargo/registry/src/index.crates.io-1949cf8c6b5b557f/llama-cpp-sys-2-0.1.133/llama.cpp/ggml/src/ggml-vulkan/vulkan-shaders/utils.glsl
  cargo:rerun-if-changed=/Users/arksong/.cargo/registry/src/index.crates.io-1949cf8c6b5b557f/llama-cpp-sys-2-0.1.133/llama.cpp/ggml/src/ggml-vulkan/vulkan-shaders/softplus.comp
  cargo:rerun-if-changed=/Users/arksong/.cargo/registry/src/index.crates.io-1949cf8c6b5b557f/llama-cpp-sys-2-0.1.133/llama.cpp/ggml/src/ggml-vulkan/vulkan-shaders/argsort_large.comp
  cargo:rerun-if-changed=/Users/arksong/.cargo/registry/src/index.crates.io-1949cf8c6b5b557f/llama-cpp-sys-2-0.1.133/llama.cpp/ggml/src/ggml-vulkan/vulkan-shaders/ceil.comp
  cargo:rerun-if-changed=/Users/arksong/.cargo/registry/src/index.crates.io-1949cf8c6b5b557f/llama-cpp-sys-2-0.1.133/llama.cpp/ggml/src/ggml-vulkan/vulkan-shaders/geglu.comp
  cargo:rerun-if-changed=/Users/arksong/.cargo/registry/src/index.crates.io-1949cf8c6b5b557f/llama-cpp-sys-2-0.1.133/llama.cpp/ggml/src/ggml-vulkan/vulkan-shaders/wkv6.comp
  cargo:rerun-if-changed=/Users/arksong/.cargo/registry/src/index.crates.io-1949cf8c6b5b557f/llama-cpp-sys-2-0.1.133/llama.cpp/ggml/src/ggml-vulkan/vulkan-shaders/conv_transpose_1d.comp
  cargo:rerun-if-changed=/Users/arksong/.cargo/registry/src/index.crates.io-1949cf8c6b5b557f/llama-cpp-sys-2-0.1.133/llama.cpp/ggml/src/ggml-vulkan/vulkan-shaders/mul_mat_vec_iq1_s.comp
  cargo:rerun-if-changed=/Users/arksong/.cargo/registry/src/index.crates.io-1949cf8c6b5b557f/llama-cpp-sys-2-0.1.133/llama.cpp/ggml/src/ggml-vulkan/vulkan-shaders/mul_mmq_shmem_types.glsl
  cargo:rerun-if-changed=/Users/arksong/.cargo/registry/src/index.crates.io-1949cf8c6b5b557f/llama-cpp-sys-2-0.1.133/llama.cpp/ggml/src/ggml-vulkan/vulkan-shaders/add1.comp
  cargo:rerun-if-changed=/Users/arksong/.cargo/registry/src/index.crates.io-1949cf8c6b5b557f/llama-cpp-sys-2-0.1.133/llama.cpp/ggml/src/ggml-vulkan/vulkan-shaders/copy_transpose.comp
  cargo:rerun-if-changed=/Users/arksong/.cargo/registry/src/index.crates.io-1949cf8c6b5b557f/llama-cpp-sys-2-0.1.133/llama.cpp/ggml/src/ggml-vulkan/vulkan-shaders/mul_mm_id_funcs.glsl
  cargo:rerun-if-changed=/Users/arksong/.cargo/registry/src/index.crates.io-1949cf8c6b5b557f/llama-cpp-sys-2-0.1.133/llama.cpp/ggml/src/ggml-vulkan/vulkan-shaders/soft_max.comp
  cargo:rerun-if-changed=/Users/arksong/.cargo/registry/src/index.crates.io-1949cf8c6b5b557f/llama-cpp-sys-2-0.1.133/llama.cpp/ggml/src/ggml-vulkan/vulkan-shaders/dequant_iq1_m.comp
  cargo:rerun-if-changed=/Users/arksong/.cargo/registry/src/index.crates.io-1949cf8c6b5b557f/llama-cpp-sys-2-0.1.133/llama.cpp/ggml/src/ggml-vulkan/vulkan-shaders/sum_rows.comp
  cargo:rerun-if-changed=/Users/arksong/.cargo/registry/src/index.crates.io-1949cf8c6b5b557f/llama-cpp-sys-2-0.1.133/llama.cpp/ggml/src/ggml-vulkan/vulkan-shaders/rope_norm.comp
  cargo:rerun-if-changed=/Users/arksong/.cargo/registry/src/index.crates.io-1949cf8c6b5b557f/llama-cpp-sys-2-0.1.133/llama.cpp/ggml/src/ggml-vulkan/vulkan-shaders/dequant_q2_k.comp
  cargo:rerun-if-changed=/Users/arksong/.cargo/registry/src/index.crates.io-1949cf8c6b5b557f/llama-cpp-sys-2-0.1.133/llama.cpp/ggml/src/ggml-vulkan/vulkan-shaders/mul_mat_vecq.comp
  cargo:rerun-if-changed=/Users/arksong/.cargo/registry/src/index.crates.io-1949cf8c6b5b557f/llama-cpp-sys-2-0.1.133/llama.cpp/ggml/src/ggml-vulkan/vulkan-shaders/mul_mat_vec_q2_k.comp
  cargo:rerun-if-changed=/Users/arksong/.cargo/registry/src/index.crates.io-1949cf8c6b5b557f/llama-cpp-sys-2-0.1.133/llama.cpp/ggml/src/ggml-vulkan/vulkan-shaders/wkv7.comp
  cargo:rerun-if-changed=/Users/arksong/.cargo/registry/src/index.crates.io-1949cf8c6b5b557f/llama-cpp-sys-2-0.1.133/llama.cpp/ggml/src/ggml-vulkan/vulkan-shaders/mul_mat_vec_iq3_s.comp
  cargo:rerun-if-changed=/Users/arksong/.cargo/registry/src/index.crates.io-1949cf8c6b5b557f/llama-cpp-sys-2-0.1.133/llama.cpp/ggml/src/ggml-vulkan/vulkan-shaders/topk_argsort.comp
  cargo:rerun-if-changed=/Users/arksong/.cargo/registry/src/index.crates.io-1949cf8c6b5b557f/llama-cpp-sys-2-0.1.133/llama.cpp/ggml/src/ggml-vulkan/vulkan-shaders/multi_add.comp
  cargo:rerun-if-changed=/Users/arksong/.cargo/registry/src/index.crates.io-1949cf8c6b5b557f/llama-cpp-sys-2-0.1.133/llama.cpp/ggml/src/ggml-vulkan/vulkan-shaders/mul_mat_vec_iface.glsl
  cargo:rerun-if-changed=/Users/arksong/.cargo/registry/src/index.crates.io-1949cf8c6b5b557f/llama-cpp-sys-2-0.1.133/llama.cpp/ggml/src/ggml-vulkan/vulkan-shaders/log.comp
  cargo:rerun-if-changed=/Users/arksong/.cargo/registry/src/index.crates.io-1949cf8c6b5b557f/llama-cpp-sys-2-0.1.133/llama.cpp/ggml/src/ggml-vulkan/vulkan-shaders/dequant_iq4_xs.comp
  cargo:rerun-if-changed=/Users/arksong/.cargo/registry/src/index.crates.io-1949cf8c6b5b557f/llama-cpp-sys-2-0.1.133/llama.cpp/ggml/src/ggml-vulkan/vulkan-shaders/quantize_q8_1.comp
  cargo:rerun-if-changed=/Users/arksong/.cargo/registry/src/index.crates.io-1949cf8c6b5b557f/llama-cpp-sys-2-0.1.133/llama.cpp/ggml/src/ggml-vulkan/vulkan-shaders/abs.comp
  cargo:rerun-if-changed=/Users/arksong/.cargo/registry/src/index.crates.io-1949cf8c6b5b557f/llama-cpp-sys-2-0.1.133/llama.cpp/ggml/src/ggml-vulkan/vulkan-shaders/upscale.comp
  cargo:rerun-if-changed=/Users/arksong/.cargo/registry/src/index.crates.io-1949cf8c6b5b557f/llama-cpp-sys-2-0.1.133/llama.cpp/ggml/src/ggml-vulkan/vulkan-shaders/reglu.comp
  cargo:rerun-if-changed=/Users/arksong/.cargo/registry/src/index.crates.io-1949cf8c6b5b557f/llama-cpp-sys-2-0.1.133/llama.cpp/ggml/src/ggml-vulkan/vulkan-shaders/cumsum.comp
  cargo:rerun-if-changed=/Users/arksong/.cargo/registry/src/index.crates.io-1949cf8c6b5b557f/llama-cpp-sys-2-0.1.133/llama.cpp/ggml/src/ggml-vulkan/vulkan-shaders/flash_attn_cm2.comp
  cargo:rerun-if-changed=/Users/arksong/.cargo/registry/src/index.crates.io-1949cf8c6b5b557f/llama-cpp-sys-2-0.1.133/llama.cpp/ggml/src/ggml-vulkan/vulkan-shaders/diag.comp
  cargo:rerun-if-changed=/Users/arksong/.cargo/registry/src/index.crates.io-1949cf8c6b5b557f/llama-cpp-sys-2-0.1.133/llama.cpp/ggml/src/ggml-vulkan/vulkan-shaders/dequant_head.glsl
  cargo:rerun-if-changed=/Users/arksong/.cargo/registry/src/index.crates.io-1949cf8c6b5b557f/llama-cpp-sys-2-0.1.133/llama.cpp/ggml/src/ggml-vulkan/vulkan-shaders/dequant_q4_1.comp
  cargo:rerun-if-changed=/Users/arksong/.cargo/registry/src/index.crates.io-1949cf8c6b5b557f/llama-cpp-sys-2-0.1.133/llama.cpp/ggml/src/ggml-vulkan/vulkan-shaders/pad.comp
  cargo:rerun-if-changed=/Users/arksong/.cargo/registry/src/index.crates.io-1949cf8c6b5b557f/llama-cpp-sys-2-0.1.133/llama.cpp/ggml/src/ggml-vulkan/vulkan-shaders/floor.comp
  cargo:rerun-if-changed=/Users/arksong/.cargo/registry/src/index.crates.io-1949cf8c6b5b557f/llama-cpp-sys-2-0.1.133/llama.cpp/ggml/src/ggml-vulkan/vulkan-shaders/dequant_funcs.glsl
  cargo:rerun-if-changed=/Users/arksong/.cargo/registry/src/index.crates.io-1949cf8c6b5b557f/llama-cpp-sys-2-0.1.133/llama.cpp/ggml/src/ggml-vulkan/vulkan-shaders/dequant_funcs_cm2.glsl
  cargo:rerun-if-changed=/Users/arksong/.cargo/registry/src/index.crates.io-1949cf8c6b5b557f/llama-cpp-sys-2-0.1.133/llama.cpp/ggml/src/ggml-vulkan/vulkan-shaders/hardswish.comp
  cargo:rerun-if-changed=/Users/arksong/.cargo/registry/src/index.crates.io-1949cf8c6b5b557f/llama-cpp-sys-2-0.1.133/llama.cpp/ggml/src/ggml-vulkan/vulkan-shaders/concat.comp
  cargo:rerun-if-changed=/Users/arksong/.cargo/registry/src/index.crates.io-1949cf8c6b5b557f/llama-cpp-sys-2-0.1.133/llama.cpp/ggml/src/ggml-vulkan/vulkan-shaders/im2col_3d.comp
  cargo:rerun-if-changed=/Users/arksong/.cargo/registry/src/index.crates.io-1949cf8c6b5b557f/llama-cpp-sys-2-0.1.133/llama.cpp/ggml/src/ggml-vulkan/vulkan-shaders/rms_norm_back.comp
  cargo:rerun-if-changed=/Users/arksong/.cargo/registry/src/index.crates.io-1949cf8c6b5b557f/llama-cpp-sys-2-0.1.133/llama.cpp/ggml/src/ggml-vulkan/vulkan-shaders/soft_max_large2.comp
  cargo:rerun-if-changed=/Users/arksong/.cargo/registry/src/index.crates.io-1949cf8c6b5b557f/llama-cpp-sys-2-0.1.133/llama.cpp/ggml/src/ggml-vulkan/vulkan-shaders/l2_norm.comp
  cargo:rerun-if-changed=/Users/arksong/.cargo/registry/src/index.crates.io-1949cf8c6b5b557f/llama-cpp-sys-2-0.1.133/llama.cpp/ggml/src/ggml-vulkan/vulkan-shaders/dequant_q6_k.comp
  cargo:rerun-if-changed=/Users/arksong/.cargo/registry/src/index.crates.io-1949cf8c6b5b557f/llama-cpp-sys-2-0.1.133/llama.cpp/ggml/src/ggml-vulkan/vulkan-shaders/mul_mat_vec_q6_k.comp
  cargo:rerun-if-changed=/Users/arksong/.cargo/registry/src/index.crates.io-1949cf8c6b5b557f/llama-cpp-sys-2-0.1.133/llama.cpp/ggml/src/ggml-vulkan/vulkan-shaders/copy_to_quant.comp
  cargo:rerun-if-changed=/Users/arksong/.cargo/registry/src/index.crates.io-1949cf8c6b5b557f/llama-cpp-sys-2-0.1.133/llama.cpp/ggml/src/ggml-vulkan/vulkan-shaders/vulkan-shaders-gen.cpp
  cargo:rerun-if-changed=/Users/arksong/.cargo/registry/src/index.crates.io-1949cf8c6b5b557f/llama-cpp-sys-2-0.1.133/llama.cpp/ggml/src/ggml-vulkan/vulkan-shaders/dequant_iq1_s.comp
  cargo:rerun-if-changed=/Users/arksong/.cargo/registry/src/index.crates.io-1949cf8c6b5b557f/llama-cpp-sys-2-0.1.133/llama.cpp/ggml/src/ggml-vulkan/vulkan-shaders/geglu_erf.comp
  cargo:rerun-if-changed=/Users/arksong/.cargo/registry/src/index.crates.io-1949cf8c6b5b557f/llama-cpp-sys-2-0.1.133/llama.cpp/ggml/src/ggml-vulkan/vulkan-shaders/rope_head.glsl
  cargo:rerun-if-changed=/Users/arksong/.cargo/registry/src/index.crates.io-1949cf8c6b5b557f/llama-cpp-sys-2-0.1.133/llama.cpp/ggml/src/ggml-vulkan/vulkan-shaders/get_rows.comp
  cargo:rerun-if-changed=/Users/arksong/.cargo/registry/src/index.crates.io-1949cf8c6b5b557f/llama-cpp-sys-2-0.1.133/llama.cpp/ggml/src/ggml-vulkan/vulkan-shaders/copy.comp
  cargo:rerun-if-changed=/Users/arksong/.cargo/registry/src/index.crates.io-1949cf8c6b5b557f/llama-cpp-sys-2-0.1.133/llama.cpp/ggml/src/ggml-vulkan/vulkan-shaders/rope_neox.comp
  cargo:rerun-if-changed=/Users/arksong/.cargo/registry/src/index.crates.io-1949cf8c6b5b557f/llama-cpp-sys-2-0.1.133/llama.cpp/ggml/src/ggml-vulkan/vulkan-shaders/step.comp
  cargo:rerun-if-changed=/Users/arksong/.cargo/registry/src/index.crates.io-1949cf8c6b5b557f/llama-cpp-sys-2-0.1.133/llama.cpp/ggml/src/ggml-vulkan/vulkan-shaders/cumsum_multipass1.comp
  cargo:rerun-if-changed=/Users/arksong/.cargo/registry/src/index.crates.io-1949cf8c6b5b557f/llama-cpp-sys-2-0.1.133/llama.cpp/ggml/src/ggml-vulkan/vulkan-shaders/rte.glsl
  cargo:rerun-if-changed=/Users/arksong/.cargo/registry/src/index.crates.io-1949cf8c6b5b557f/llama-cpp-sys-2-0.1.133/llama.cpp/ggml/src/ggml-vulkan/vulkan-shaders/opt_step_sgd.comp
  cargo:rerun-if-changed=/Users/arksong/.cargo/registry/src/index.crates.io-1949cf8c6b5b557f/llama-cpp-sys-2-0.1.133/llama.cpp/ggml/src/ggml-vulkan/vulkan-shaders/rope_multi.comp
  cargo:rerun-if-changed=/Users/arksong/.cargo/registry/src/index.crates.io-1949cf8c6b5b557f/llama-cpp-sys-2-0.1.133/llama.cpp/ggml/src/ggml-vulkan/vulkan-shaders/rope_vision.comp
  cargo:rerun-if-changed=/Users/arksong/.cargo/registry/src/index.crates.io-1949cf8c6b5b557f/llama-cpp-sys-2-0.1.133/llama.cpp/ggml/src/ggml-vulkan/vulkan-shaders/count_equal.comp
  cargo:rerun-if-changed=/Users/arksong/.cargo/registry/src/index.crates.io-1949cf8c6b5b557f/llama-cpp-sys-2-0.1.133/llama.cpp/ggml/src/ggml-vulkan/vulkan-shaders/dequant_iq3_s.comp
  cargo:rerun-if-changed=/Users/arksong/.cargo/registry/src/index.crates.io-1949cf8c6b5b557f/llama-cpp-sys-2-0.1.133/llama.cpp/ggml/src/ggml-vulkan/vulkan-shaders/mul_mmq_funcs.glsl
  cargo:rerun-if-changed=/Users/arksong/.cargo/registry/src/index.crates.io-1949cf8c6b5b557f/llama-cpp-sys-2-0.1.133/llama.cpp/ggml/src/ggml-vulkan/vulkan-shaders/sin.comp
  cargo:rerun-if-changed=/Users/arksong/.cargo/registry/src/index.crates.io-1949cf8c6b5b557f/llama-cpp-sys-2-0.1.133/llama.cpp/ggml/src/ggml-vulkan/vulkan-shaders/scale.comp
  cargo:rerun-if-changed=/Users/arksong/.cargo/registry/src/index.crates.io-1949cf8c6b5b557f/llama-cpp-sys-2-0.1.133/llama.cpp/ggml/src/ggml-vulkan/vulkan-shaders/dequant_mxfp4.comp
  cargo:rerun-if-changed=/Users/arksong/.cargo/registry/src/index.crates.io-1949cf8c6b5b557f/llama-cpp-sys-2-0.1.133/llama.cpp/ggml/src/ggml-vulkan/vulkan-shaders/mul_mat_vec_iq1_m.comp
  cargo:rerun-if-changed=/Users/arksong/.cargo/registry/src/index.crates.io-1949cf8c6b5b557f/llama-cpp-sys-2-0.1.133/llama.cpp/ggml/src/ggml-vulkan/vulkan-shaders/rms_norm_partials.comp
  cargo:rerun-if-changed=/Users/arksong/.cargo/registry/src/index.crates.io-1949cf8c6b5b557f/llama-cpp-sys-2-0.1.133/llama.cpp/ggml/src/ggml-vulkan/vulkan-shaders/argmax.comp
  cargo:rerun-if-changed=/Users/arksong/.cargo/registry/src/index.crates.io-1949cf8c6b5b557f/llama-cpp-sys-2-0.1.133/llama.cpp/ggml/src/ggml-vulkan/vulkan-shaders/clamp.comp
  cargo:rerun-if-changed=/Users/arksong/.cargo/registry/src/index.crates.io-1949cf8c6b5b557f/llama-cpp-sys-2-0.1.133/llama.cpp/ggml/src/ggml-vulkan/vulkan-shaders/rms_norm.comp
  cargo:rerun-if-changed=/Users/arksong/.cargo/registry/src/index.crates.io-1949cf8c6b5b557f/llama-cpp-sys-2-0.1.133/llama.cpp/ggml/src/ggml-vulkan/vulkan-shaders/topk_moe.comp
  cargo:rerun-if-changed=/Users/arksong/.cargo/registry/src/index.crates.io-1949cf8c6b5b557f/llama-cpp-sys-2-0.1.133/llama.cpp/ggml/src/ggml-vulkan/vulkan-shaders/sigmoid.comp
  cargo:rerun-if-changed=/Users/arksong/.cargo/registry/src/index.crates.io-1949cf8c6b5b557f/llama-cpp-sys-2-0.1.133/llama.cpp/ggml/src/ggml-vulkan/vulkan-shaders/contig_copy.comp
  cargo:rerun-if-changed=/Users/arksong/.cargo/registry/src/index.crates.io-1949cf8c6b5b557f/llama-cpp-sys-2-0.1.133/llama.cpp/ggml/src/ggml-vulkan/vulkan-shaders/dequant_iq3_xxs.comp
  cargo:rerun-if-changed=/Users/arksong/.cargo/registry/src/index.crates.io-1949cf8c6b5b557f/llama-cpp-sys-2-0.1.133/llama.cpp/ggml/src/ggml-vulkan/vulkan-shaders/flash_attn_split_k_reduce.comp
  cargo:rerun-if-changed=/Users/arksong/.cargo/registry/src/index.crates.io-1949cf8c6b5b557f/llama-cpp-sys-2-0.1.133/llama.cpp/ggml/src/ggml-vulkan/vulkan-shaders/dequant_iq2_xxs.comp
  cargo:rerun-if-changed=/Users/arksong/.cargo/registry/src/index.crates.io-1949cf8c6b5b557f/llama-cpp-sys-2-0.1.133/llama.cpp/ggml/src/ggml-vulkan/vulkan-shaders/soft_max_large3.comp
  cargo:rerun-if-changed=/Users/arksong/.cargo/registry/src/index.crates.io-1949cf8c6b5b557f/llama-cpp-sys-2-0.1.133/llama.cpp/ggml/src/ggml-vulkan/vulkan-shaders/dequant_q8_0.comp
  cargo:rerun-if-changed=/Users/arksong/.cargo/registry/src/index.crates.io-1949cf8c6b5b557f/llama-cpp-sys-2-0.1.133/llama.cpp/ggml/src/ggml-vulkan/vulkan-shaders/mul_mat_vec_q4_k.comp
  cargo:rerun-if-changed=/Users/arksong/.cargo/registry/src/index.crates.io-1949cf8c6b5b557f/llama-cpp-sys-2-0.1.133/llama.cpp/ggml/src/ggml-vulkan/vulkan-shaders/square.comp
  cargo:rerun-if-changed=/Users/arksong/.cargo/registry/src/index.crates.io-1949cf8c6b5b557f/llama-cpp-sys-2-0.1.133/llama.cpp/ggml/src/ggml-vulkan/vulkan-shaders/dequant_q4_0.comp
  cargo:rerun-if-changed=/Users/arksong/.cargo/registry/src/index.crates.io-1949cf8c6b5b557f/llama-cpp-sys-2-0.1.133/llama.cpp/ggml/src/ggml-vulkan/vulkan-shaders/dequant_q4_k.comp
  cargo:rerun-if-changed=/Users/arksong/.cargo/registry/src/index.crates.io-1949cf8c6b5b557f/llama-cpp-sys-2-0.1.133/llama.cpp/ggml/src/ggml-impl.h
  cargo:rerun-if-changed=/Users/arksong/.cargo/registry/src/index.crates.io-1949cf8c6b5b557f/llama-cpp-sys-2-0.1.133/llama.cpp/ggml/src/ggml-threading.cpp
  cargo:rerun-if-changed=/Users/arksong/.cargo/registry/src/index.crates.io-1949cf8c6b5b557f/llama-cpp-sys-2-0.1.133/llama.cpp/ggml/src/ggml-backend-impl.h
  cargo:rerun-if-changed=/Users/arksong/.cargo/registry/src/index.crates.io-1949cf8c6b5b557f/llama-cpp-sys-2-0.1.133/llama.cpp/ggml/src/gguf.cpp
  cargo:rerun-if-changed=/Users/arksong/.cargo/registry/src/index.crates.io-1949cf8c6b5b557f/llama-cpp-sys-2-0.1.133/llama.cpp/vendor/cpp-httplib/CMakeLists.txt
  cargo:rerun-if-changed=/Users/arksong/.cargo/registry/src/index.crates.io-1949cf8c6b5b557f/llama-cpp-sys-2-0.1.133/llama.cpp/src
  cargo:rerun-if-changed=/Users/arksong/.cargo/registry/src/index.crates.io-1949cf8c6b5b557f/llama-cpp-sys-2-0.1.133/llama.cpp/src/llama-sampling.h
  cargo:rerun-if-changed=/Users/arksong/.cargo/registry/src/index.crates.io-1949cf8c6b5b557f/llama-cpp-sys-2-0.1.133/llama.cpp/src/llama-model-loader.cpp
  cargo:rerun-if-changed=/Users/arksong/.cargo/registry/src/index.crates.io-1949cf8c6b5b557f/llama-cpp-sys-2-0.1.133/llama.cpp/src/llama-kv-cache.h
  cargo:rerun-if-changed=/Users/arksong/.cargo/registry/src/index.crates.io-1949cf8c6b5b557f/llama-cpp-sys-2-0.1.133/llama.cpp/src/llama-cparams.cpp
  cargo:rerun-if-changed=/Users/arksong/.cargo/registry/src/index.crates.io-1949cf8c6b5b557f/llama-cpp-sys-2-0.1.133/llama.cpp/src/llama-vocab.cpp
  cargo:rerun-if-changed=/Users/arksong/.cargo/registry/src/index.crates.io-1949cf8c6b5b557f/llama-cpp-sys-2-0.1.133/llama.cpp/src/CMakeLists.txt
  cargo:rerun-if-changed=/Users/arksong/.cargo/registry/src/index.crates.io-1949cf8c6b5b557f/llama-cpp-sys-2-0.1.133/llama.cpp/src/llama-model-loader.h
  cargo:rerun-if-changed=/Users/arksong/.cargo/registry/src/index.crates.io-1949cf8c6b5b557f/llama-cpp-sys-2-0.1.133/llama.cpp/src/llama-kv-cache.cpp
  cargo:rerun-if-changed=/Users/arksong/.cargo/registry/src/index.crates.io-1949cf8c6b5b557f/llama-cpp-sys-2-0.1.133/llama.cpp/src/llama-grammar.cpp
  cargo:rerun-if-changed=/Users/arksong/.cargo/registry/src/index.crates.io-1949cf8c6b5b557f/llama-cpp-sys-2-0.1.133/llama.cpp/src/llama-io.cpp
  cargo:rerun-if-changed=/Users/arksong/.cargo/registry/src/index.crates.io-1949cf8c6b5b557f/llama-cpp-sys-2-0.1.133/llama.cpp/src/llama.cpp
  cargo:rerun-if-changed=/Users/arksong/.cargo/registry/src/index.crates.io-1949cf8c6b5b557f/llama-cpp-sys-2-0.1.133/llama.cpp/src/llama-hparams.cpp
  cargo:rerun-if-changed=/Users/arksong/.cargo/registry/src/index.crates.io-1949cf8c6b5b557f/llama-cpp-sys-2-0.1.133/llama.cpp/src/llama-memory-recurrent.cpp
  cargo:rerun-if-changed=/Users/arksong/.cargo/registry/src/index.crates.io-1949cf8c6b5b557f/llama-cpp-sys-2-0.1.133/llama.cpp/src/llama-context.h
  cargo:rerun-if-changed=/Users/arksong/.cargo/registry/src/index.crates.io-1949cf8c6b5b557f/llama-cpp-sys-2-0.1.133/llama.cpp/src/llama-memory-hybrid.cpp
  cargo:rerun-if-changed=/Users/arksong/.cargo/registry/src/index.crates.io-1949cf8c6b5b557f/llama-cpp-sys-2-0.1.133/llama.cpp/src/llama-graph.cpp
  cargo:rerun-if-changed=/Users/arksong/.cargo/registry/src/index.crates.io-1949cf8c6b5b557f/llama-cpp-sys-2-0.1.133/llama.cpp/src/unicode-data.h
  cargo:rerun-if-changed=/Users/arksong/.cargo/registry/src/index.crates.io-1949cf8c6b5b557f/llama-cpp-sys-2-0.1.133/llama.cpp/src/llama-adapter.h
  cargo:rerun-if-changed=/Users/arksong/.cargo/registry/src/index.crates.io-1949cf8c6b5b557f/llama-cpp-sys-2-0.1.133/llama.cpp/src/llama-memory.h
  cargo:rerun-if-changed=/Users/arksong/.cargo/registry/src/index.crates.io-1949cf8c6b5b557f/llama-cpp-sys-2-0.1.133/llama.cpp/src/llama-vocab.h
  cargo:rerun-if-changed=/Users/arksong/.cargo/registry/src/index.crates.io-1949cf8c6b5b557f/llama-cpp-sys-2-0.1.133/llama.cpp/src/llama-arch.h
  cargo:rerun-if-changed=/Users/arksong/.cargo/registry/src/index.crates.io-1949cf8c6b5b557f/llama-cpp-sys-2-0.1.133/llama.cpp/src/llama-kv-cells.h
  cargo:rerun-if-changed=/Users/arksong/.cargo/registry/src/index.crates.io-1949cf8c6b5b557f/llama-cpp-sys-2-0.1.133/llama.cpp/src/llama-io.h
  cargo:rerun-if-changed=/Users/arksong/.cargo/registry/src/index.crates.io-1949cf8c6b5b557f/llama-cpp-sys-2-0.1.133/llama.cpp/src/llama-kv-cache-iswa.cpp
  cargo:rerun-if-changed=/Users/arksong/.cargo/registry/src/index.crates.io-1949cf8c6b5b557f/llama-cpp-sys-2-0.1.133/llama.cpp/src/llama-model.h
  cargo:rerun-if-changed=/Users/arksong/.cargo/registry/src/index.crates.io-1949cf8c6b5b557f/llama-cpp-sys-2-0.1.133/llama.cpp/src/models
  cargo:rerun-if-changed=/Users/arksong/.cargo/registry/src/index.crates.io-1949cf8c6b5b557f/llama-cpp-sys-2-0.1.133/llama.cpp/src/models/arctic.cpp
  cargo:rerun-if-changed=/Users/arksong/.cargo/registry/src/index.crates.io-1949cf8c6b5b557f/llama-cpp-sys-2-0.1.133/llama.cpp/src/models/apertus.cpp
  cargo:rerun-if-changed=/Users/arksong/.cargo/registry/src/index.crates.io-1949cf8c6b5b557f/llama-cpp-sys-2-0.1.133/llama.cpp/src/models/dots1.cpp
  cargo:rerun-if-changed=/Users/arksong/.cargo/registry/src/index.crates.io-1949cf8c6b5b557f/llama-cpp-sys-2-0.1.133/llama.cpp/src/models/nemotron.cpp
  cargo:rerun-if-changed=/Users/arksong/.cargo/registry/src/index.crates.io-1949cf8c6b5b557f/llama-cpp-sys-2-0.1.133/llama.cpp/src/models/arcee.cpp
  cargo:rerun-if-changed=/Users/arksong/.cargo/registry/src/index.crates.io-1949cf8c6b5b557f/llama-cpp-sys-2-0.1.133/llama.cpp/src/models/grok.cpp
  cargo:rerun-if-changed=/Users/arksong/.cargo/registry/src/index.crates.io-1949cf8c6b5b557f/llama-cpp-sys-2-0.1.133/llama.cpp/src/models/falcon-h1.cpp
  cargo:rerun-if-changed=/Users/arksong/.cargo/registry/src/index.crates.io-1949cf8c6b5b557f/llama-cpp-sys-2-0.1.133/llama.cpp/src/models/jamba.cpp
  cargo:rerun-if-changed=/Users/arksong/.cargo/registry/src/index.crates.io-1949cf8c6b5b557f/llama-cpp-sys-2-0.1.133/llama.cpp/src/models/command-r.cpp
  cargo:rerun-if-changed=/Users/arksong/.cargo/registry/src/index.crates.io-1949cf8c6b5b557f/llama-cpp-sys-2-0.1.133/llama.cpp/src/models/minicpm3.cpp
  cargo:rerun-if-changed=/Users/arksong/.cargo/registry/src/index.crates.io-1949cf8c6b5b557f/llama-cpp-sys-2-0.1.133/llama.cpp/src/models/xverse.cpp
  cargo:rerun-if-changed=/Users/arksong/.cargo/registry/src/index.crates.io-1949cf8c6b5b557f/llama-cpp-sys-2-0.1.133/llama.cpp/src/models/mimo2-iswa.cpp
  cargo:rerun-if-changed=/Users/arksong/.cargo/registry/src/index.crates.io-1949cf8c6b5b557f/llama-cpp-sys-2-0.1.133/llama.cpp/src/models/qwen3moe.cpp
  cargo:rerun-if-changed=/Users/arksong/.cargo/registry/src/index.crates.io-1949cf8c6b5b557f/llama-cpp-sys-2-0.1.133/llama.cpp/src/models/rwkv6-base.cpp
  cargo:rerun-if-changed=/Users/arksong/.cargo/registry/src/index.crates.io-1949cf8c6b5b557f/llama-cpp-sys-2-0.1.133/llama.cpp/src/models/rwkv7-base.cpp
  cargo:rerun-if-changed=/Users/arksong/.cargo/registry/src/index.crates.io-1949cf8c6b5b557f/llama-cpp-sys-2-0.1.133/llama.cpp/src/models/granite-hybrid.cpp
  cargo:rerun-if-changed=/Users/arksong/.cargo/registry/src/index.crates.io-1949cf8c6b5b557f/llama-cpp-sys-2-0.1.133/llama.cpp/src/models/granite.cpp
  cargo:rerun-if-changed=/Users/arksong/.cargo/registry/src/index.crates.io-1949cf8c6b5b557f/llama-cpp-sys-2-0.1.133/llama.cpp/src/models/falcon.cpp
  cargo:rerun-if-changed=/Users/arksong/.cargo/registry/src/index.crates.io-1949cf8c6b5b557f/llama-cpp-sys-2-0.1.133/llama.cpp/src/models/llada-moe.cpp
  cargo:rerun-if-changed=/Users/arksong/.cargo/registry/src/index.crates.io-1949cf8c6b5b557f/llama-cpp-sys-2-0.1.133/llama.cpp/src/models/wavtokenizer-dec.cpp
  cargo:rerun-if-changed=/Users/arksong/.cargo/registry/src/index.crates.io-1949cf8c6b5b557f/llama-cpp-sys-2-0.1.133/llama.cpp/src/models/qwen.cpp
  cargo:rerun-if-changed=/Users/arksong/.cargo/registry/src/index.crates.io-1949cf8c6b5b557f/llama-cpp-sys-2-0.1.133/llama.cpp/src/models/modern-bert.cpp
  cargo:rerun-if-changed=/Users/arksong/.cargo/registry/src/index.crates.io-1949cf8c6b5b557f/llama-cpp-sys-2-0.1.133/llama.cpp/src/models/llama.cpp
  cargo:rerun-if-changed=/Users/arksong/.cargo/registry/src/index.crates.io-1949cf8c6b5b557f/llama-cpp-sys-2-0.1.133/llama.cpp/src/models/cohere2-iswa.cpp
  cargo:rerun-if-changed=/Users/arksong/.cargo/registry/src/index.crates.io-1949cf8c6b5b557f/llama-cpp-sys-2-0.1.133/llama.cpp/src/models/openai-moe-iswa.cpp
  cargo:rerun-if-changed=/Users/arksong/.cargo/registry/src/index.crates.io-1949cf8c6b5b557f/llama-cpp-sys-2-0.1.133/llama.cpp/src/models/gpt2.cpp
  cargo:rerun-if-changed=/Users/arksong/.cargo/registry/src/index.crates.io-1949cf8c6b5b557f/llama-cpp-sys-2-0.1.133/llama.cpp/src/models/mpt.cpp
  cargo:rerun-if-changed=/Users/arksong/.cargo/registry/src/index.crates.io-1949cf8c6b5b557f/llama-cpp-sys-2-0.1.133/llama.cpp/src/models/qwen3.cpp
  cargo:rerun-if-changed=/Users/arksong/.cargo/registry/src/index.crates.io-1949cf8c6b5b557f/llama-cpp-sys-2-0.1.133/llama.cpp/src/models/ernie4-5.cpp
  cargo:rerun-if-changed=/Users/arksong/.cargo/registry/src/index.crates.io-1949cf8c6b5b557f/llama-cpp-sys-2-0.1.133/llama.cpp/src/models/gemma.cpp
  cargo:rerun-if-changed=/Users/arksong/.cargo/registry/src/index.crates.io-1949cf8c6b5b557f/llama-cpp-sys-2-0.1.133/llama.cpp/src/models/plm.cpp
  cargo:rerun-if-changed=/Users/arksong/.cargo/registry/src/index.crates.io-1949cf8c6b5b557f/llama-cpp-sys-2-0.1.133/llama.cpp/src/models/qwen2.cpp
  cargo:rerun-if-changed=/Users/arksong/.cargo/registry/src/index.crates.io-1949cf8c6b5b557f/llama-cpp-sys-2-0.1.133/llama.cpp/src/models/lfm2.cpp
  cargo:rerun-if-changed=/Users/arksong/.cargo/registry/src/index.crates.io-1949cf8c6b5b557f/llama-cpp-sys-2-0.1.133/llama.cpp/src/models/deci.cpp
  cargo:rerun-if-changed=/Users/arksong/.cargo/registry/src/index.crates.io-1949cf8c6b5b557f/llama-cpp-sys-2-0.1.133/llama.cpp/src/models/phi2.cpp
  cargo:rerun-if-changed=/Users/arksong/.cargo/registry/src/index.crates.io-1949cf8c6b5b557f/llama-cpp-sys-2-0.1.133/llama.cpp/src/models/chatglm.cpp
  cargo:rerun-if-changed=/Users/arksong/.cargo/registry/src/index.crates.io-1949cf8c6b5b557f/llama-cpp-sys-2-0.1.133/llama.cpp/src/models/grovemoe.cpp
  cargo:rerun-if-changed=/Users/arksong/.cargo/registry/src/index.crates.io-1949cf8c6b5b557f/llama-cpp-sys-2-0.1.133/llama.cpp/src/models/bert.cpp
  cargo:rerun-if-changed=/Users/arksong/.cargo/registry/src/index.crates.io-1949cf8c6b5b557f/llama-cpp-sys-2-0.1.133/llama.cpp/src/models/chameleon.cpp
  cargo:rerun-if-changed=/Users/arksong/.cargo/registry/src/index.crates.io-1949cf8c6b5b557f/llama-cpp-sys-2-0.1.133/llama.cpp/src/models/gemma2-iswa.cpp
  cargo:rerun-if-changed=/Users/arksong/.cargo/registry/src/index.crates.io-1949cf8c6b5b557f/llama-cpp-sys-2-0.1.133/llama.cpp/src/models/phi3.cpp
  cargo:rerun-if-changed=/Users/arksong/.cargo/registry/src/index.crates.io-1949cf8c6b5b557f/llama-cpp-sys-2-0.1.133/llama.cpp/src/models/glm4-moe.cpp
  cargo:rerun-if-changed=/Users/arksong/.cargo/registry/src/index.crates.io-1949cf8c6b5b557f/llama-cpp-sys-2-0.1.133/llama.cpp/src/models/olmo2.cpp
  cargo:rerun-if-changed=/Users/arksong/.cargo/registry/src/index.crates.io-1949cf8c6b5b557f/llama-cpp-sys-2-0.1.133/llama.cpp/src/models/bloom.cpp
  cargo:rerun-if-changed=/Users/arksong/.cargo/registry/src/index.crates.io-1949cf8c6b5b557f/llama-cpp-sys-2-0.1.133/llama.cpp/src/models/bailingmoe.cpp
  cargo:rerun-if-changed=/Users/arksong/.cargo/registry/src/index.crates.io-1949cf8c6b5b557f/llama-cpp-sys-2-0.1.133/llama.cpp/src/models/arwkv7.cpp
  cargo:rerun-if-changed=/Users/arksong/.cargo/registry/src/index.crates.io-1949cf8c6b5b557f/llama-cpp-sys-2-0.1.133/llama.cpp/src/models/gptneox.cpp
  cargo:rerun-if-changed=/Users/arksong/.cargo/registry/src/index.crates.io-1949cf8c6b5b557f/llama-cpp-sys-2-0.1.133/llama.cpp/src/models/smallthinker.cpp
  cargo:rerun-if-changed=/Users/arksong/.cargo/registry/src/index.crates.io-1949cf8c6b5b557f/llama-cpp-sys-2-0.1.133/llama.cpp/src/models/llama-iswa.cpp
  cargo:rerun-if-changed=/Users/arksong/.cargo/registry/src/index.crates.io-1949cf8c6b5b557f/llama-cpp-sys-2-0.1.133/llama.cpp/src/models/olmoe.cpp
  cargo:rerun-if-changed=/Users/arksong/.cargo/registry/src/index.crates.io-1949cf8c6b5b557f/llama-cpp-sys-2-0.1.133/llama.cpp/src/models/glm4.cpp
  cargo:rerun-if-changed=/Users/arksong/.cargo/registry/src/index.crates.io-1949cf8c6b5b557f/llama-cpp-sys-2-0.1.133/llama.cpp/src/models/starcoder2.cpp
  cargo:rerun-if-changed=/Users/arksong/.cargo/registry/src/index.crates.io-1949cf8c6b5b557f/llama-cpp-sys-2-0.1.133/llama.cpp/src/models/refact.cpp
  cargo:rerun-if-changed=/Users/arksong/.cargo/registry/src/index.crates.io-1949cf8c6b5b557f/llama-cpp-sys-2-0.1.133/llama.cpp/src/models/deepseek2.cpp
  cargo:rerun-if-changed=/Users/arksong/.cargo/registry/src/index.crates.io-1949cf8c6b5b557f/llama-cpp-sys-2-0.1.133/llama.cpp/src/models/rnd1.cpp
  cargo:rerun-if-changed=/Users/arksong/.cargo/registry/src/index.crates.io-1949cf8c6b5b557f/llama-cpp-sys-2-0.1.133/llama.cpp/src/models/gemma3.cpp
  cargo:rerun-if-changed=/Users/arksong/.cargo/registry/src/index.crates.io-1949cf8c6b5b557f/llama-cpp-sys-2-0.1.133/llama.cpp/src/models/llada.cpp
  cargo:rerun-if-changed=/Users/arksong/.cargo/registry/src/index.crates.io-1949cf8c6b5b557f/llama-cpp-sys-2-0.1.133/llama.cpp/src/models/hunyuan-moe.cpp
  cargo:rerun-if-changed=/Users/arksong/.cargo/registry/src/index.crates.io-1949cf8c6b5b557f/llama-cpp-sys-2-0.1.133/llama.cpp/src/models/mamba.cpp
  cargo:rerun-if-changed=/Users/arksong/.cargo/registry/src/index.crates.io-1949cf8c6b5b557f/llama-cpp-sys-2-0.1.133/llama.cpp/src/models/neo-bert.cpp
  cargo:rerun-if-changed=/Users/arksong/.cargo/registry/src/index.crates.io-1949cf8c6b5b557f/llama-cpp-sys-2-0.1.133/llama.cpp/src/models/ernie4-5-moe.cpp
  cargo:rerun-if-changed=/Users/arksong/.cargo/registry/src/index.crates.io-1949cf8c6b5b557f/llama-cpp-sys-2-0.1.133/llama.cpp/src/models/dbrx.cpp
  cargo:rerun-if-changed=/Users/arksong/.cargo/registry/src/index.crates.io-1949cf8c6b5b557f/llama-cpp-sys-2-0.1.133/llama.cpp/src/models/t5-enc.cpp
  cargo:rerun-if-changed=/Users/arksong/.cargo/registry/src/index.crates.io-1949cf8c6b5b557f/llama-cpp-sys-2-0.1.133/llama.cpp/src/models/hunyuan-dense.cpp
  cargo:rerun-if-changed=/Users/arksong/.cargo/registry/src/index.crates.io-1949cf8c6b5b557f/llama-cpp-sys-2-0.1.133/llama.cpp/src/models/qwen3vl.cpp
  cargo:rerun-if-changed=/Users/arksong/.cargo/registry/src/index.crates.io-1949cf8c6b5b557f/llama-cpp-sys-2-0.1.133/llama.cpp/src/models/minimax-m2.cpp
  cargo:rerun-if-changed=/Users/arksong/.cargo/registry/src/index.crates.io-1949cf8c6b5b557f/llama-cpp-sys-2-0.1.133/llama.cpp/src/models/smollm3.cpp
  cargo:rerun-if-changed=/Users/arksong/.cargo/registry/src/index.crates.io-1949cf8c6b5b557f/llama-cpp-sys-2-0.1.133/llama.cpp/src/models/gemma3n-iswa.cpp
  cargo:rerun-if-changed=/Users/arksong/.cargo/registry/src/index.crates.io-1949cf8c6b5b557f/llama-cpp-sys-2-0.1.133/llama.cpp/src/models/dream.cpp
  cargo:rerun-if-changed=/Users/arksong/.cargo/registry/src/index.crates.io-1949cf8c6b5b557f/llama-cpp-sys-2-0.1.133/llama.cpp/src/models/internlm2.cpp
  cargo:rerun-if-changed=/Users/arksong/.cargo/registry/src/index.crates.io-1949cf8c6b5b557f/llama-cpp-sys-2-0.1.133/llama.cpp/src/models/graph-context-mamba.cpp
  cargo:rerun-if-changed=/Users/arksong/.cargo/registry/src/index.crates.io-1949cf8c6b5b557f/llama-cpp-sys-2-0.1.133/llama.cpp/src/models/t5-dec.cpp
  cargo:rerun-if-changed=/Users/arksong/.cargo/registry/src/index.crates.io-1949cf8c6b5b557f/llama-cpp-sys-2-0.1.133/llama.cpp/src/models/gemma-embedding.cpp
  cargo:rerun-if-changed=/Users/arksong/.cargo/registry/src/index.crates.io-1949cf8c6b5b557f/llama-cpp-sys-2-0.1.133/llama.cpp/src/models/mistral3.cpp
  cargo:rerun-if-changed=/Users/arksong/.cargo/registry/src/index.crates.io-1949cf8c6b5b557f/llama-cpp-sys-2-0.1.133/llama.cpp/src/models/cogvlm.cpp
  cargo:rerun-if-changed=/Users/arksong/.cargo/registry/src/index.crates.io-1949cf8c6b5b557f/llama-cpp-sys-2-0.1.133/llama.cpp/src/models/codeshell.cpp
  cargo:rerun-if-changed=/Users/arksong/.cargo/registry/src/index.crates.io-1949cf8c6b5b557f/llama-cpp-sys-2-0.1.133/llama.cpp/src/models/seed-oss.cpp
  cargo:rerun-if-changed=/Users/arksong/.cargo/registry/src/index.crates.io-1949cf8c6b5b557f/llama-cpp-sys-2-0.1.133/llama.cpp/src/models/openelm.cpp
  cargo:rerun-if-changed=/Users/arksong/.cargo/registry/src/index.crates.io-1949cf8c6b5b557f/llama-cpp-sys-2-0.1.133/llama.cpp/src/models/maincoder.cpp
  cargo:rerun-if-changed=/Users/arksong/.cargo/registry/src/index.crates.io-1949cf8c6b5b557f/llama-cpp-sys-2-0.1.133/llama.cpp/src/models/starcoder.cpp
  cargo:rerun-if-changed=/Users/arksong/.cargo/registry/src/index.crates.io-1949cf8c6b5b557f/llama-cpp-sys-2-0.1.133/llama.cpp/src/models/afmoe.cpp
  cargo:rerun-if-changed=/Users/arksong/.cargo/registry/src/index.crates.io-1949cf8c6b5b557f/llama-cpp-sys-2-0.1.133/llama.cpp/src/models/nemotron-h.cpp
  cargo:rerun-if-changed=/Users/arksong/.cargo/registry/src/index.crates.io-1949cf8c6b5b557f/llama-cpp-sys-2-0.1.133/llama.cpp/src/models/qwen2moe.cpp
  cargo:rerun-if-changed=/Users/arksong/.cargo/registry/src/index.crates.io-1949cf8c6b5b557f/llama-cpp-sys-2-0.1.133/llama.cpp/src/models/qwen2vl.cpp
  cargo:rerun-if-changed=/Users/arksong/.cargo/registry/src/index.crates.io-1949cf8c6b5b557f/llama-cpp-sys-2-0.1.133/llama.cpp/src/models/pangu-embedded.cpp
  cargo:rerun-if-changed=/Users/arksong/.cargo/registry/src/index.crates.io-1949cf8c6b5b557f/llama-cpp-sys-2-0.1.133/llama.cpp/src/models/plamo.cpp
  cargo:rerun-if-changed=/Users/arksong/.cargo/registry/src/index.crates.io-1949cf8c6b5b557f/llama-cpp-sys-2-0.1.133/llama.cpp/src/models/models.h
  cargo:rerun-if-changed=/Users/arksong/.cargo/registry/src/index.crates.io-1949cf8c6b5b557f/llama-cpp-sys-2-0.1.133/llama.cpp/src/models/plamo3.cpp
  cargo:rerun-if-changed=/Users/arksong/.cargo/registry/src/index.crates.io-1949cf8c6b5b557f/llama-cpp-sys-2-0.1.133/llama.cpp/src/models/deepseek.cpp
  cargo:rerun-if-changed=/Users/arksong/.cargo/registry/src/index.crates.io-1949cf8c6b5b557f/llama-cpp-sys-2-0.1.133/llama.cpp/src/models/qwen3next.cpp
  cargo:rerun-if-changed=/Users/arksong/.cargo/registry/src/index.crates.io-1949cf8c6b5b557f/llama-cpp-sys-2-0.1.133/llama.cpp/src/models/bitnet.cpp
  cargo:rerun-if-changed=/Users/arksong/.cargo/registry/src/index.crates.io-1949cf8c6b5b557f/llama-cpp-sys-2-0.1.133/llama.cpp/src/models/plamo2.cpp
  cargo:rerun-if-changed=/Users/arksong/.cargo/registry/src/index.crates.io-1949cf8c6b5b557f/llama-cpp-sys-2-0.1.133/llama.cpp/src/models/orion.cpp
  cargo:rerun-if-changed=/Users/arksong/.cargo/registry/src/index.crates.io-1949cf8c6b5b557f/llama-cpp-sys-2-0.1.133/llama.cpp/src/models/stablelm.cpp
  cargo:rerun-if-changed=/Users/arksong/.cargo/registry/src/index.crates.io-1949cf8c6b5b557f/llama-cpp-sys-2-0.1.133/llama.cpp/src/models/rwkv6qwen2.cpp
  cargo:rerun-if-changed=/Users/arksong/.cargo/registry/src/index.crates.io-1949cf8c6b5b557f/llama-cpp-sys-2-0.1.133/llama.cpp/src/models/exaone4.cpp
  cargo:rerun-if-changed=/Users/arksong/.cargo/registry/src/index.crates.io-1949cf8c6b5b557f/llama-cpp-sys-2-0.1.133/llama.cpp/src/models/olmo.cpp
  cargo:rerun-if-changed=/Users/arksong/.cargo/registry/src/index.crates.io-1949cf8c6b5b557f/llama-cpp-sys-2-0.1.133/llama.cpp/src/models/rwkv6.cpp
  cargo:rerun-if-changed=/Users/arksong/.cargo/registry/src/index.crates.io-1949cf8c6b5b557f/llama-cpp-sys-2-0.1.133/llama.cpp/src/models/exaone.cpp
  cargo:rerun-if-changed=/Users/arksong/.cargo/registry/src/index.crates.io-1949cf8c6b5b557f/llama-cpp-sys-2-0.1.133/llama.cpp/src/models/rwkv7.cpp
  cargo:rerun-if-changed=/Users/arksong/.cargo/registry/src/index.crates.io-1949cf8c6b5b557f/llama-cpp-sys-2-0.1.133/llama.cpp/src/models/qwen3vl-moe.cpp
  cargo:rerun-if-changed=/Users/arksong/.cargo/registry/src/index.crates.io-1949cf8c6b5b557f/llama-cpp-sys-2-0.1.133/llama.cpp/src/models/baichuan.cpp
  cargo:rerun-if-changed=/Users/arksong/.cargo/registry/src/index.crates.io-1949cf8c6b5b557f/llama-cpp-sys-2-0.1.133/llama.cpp/src/models/bailingmoe2.cpp
  cargo:rerun-if-changed=/Users/arksong/.cargo/registry/src/index.crates.io-1949cf8c6b5b557f/llama-cpp-sys-2-0.1.133/llama.cpp/src/models/jais.cpp
  cargo:rerun-if-changed=/Users/arksong/.cargo/registry/src/index.crates.io-1949cf8c6b5b557f/llama-cpp-sys-2-0.1.133/llama.cpp/src/llama-quant.cpp
  cargo:rerun-if-changed=/Users/arksong/.cargo/registry/src/index.crates.io-1949cf8c6b5b557f/llama-cpp-sys-2-0.1.133/llama.cpp/src/llama-mmap.h
  cargo:rerun-if-changed=/Users/arksong/.cargo/registry/src/index.crates.io-1949cf8c6b5b557f/llama-cpp-sys-2-0.1.133/llama.cpp/src/llama-impl.h
  cargo:rerun-if-changed=/Users/arksong/.cargo/registry/src/index.crates.io-1949cf8c6b5b557f/llama-cpp-sys-2-0.1.133/llama.cpp/src/llama-memory-hybrid.h
  cargo:rerun-if-changed=/Users/arksong/.cargo/registry/src/index.crates.io-1949cf8c6b5b557f/llama-cpp-sys-2-0.1.133/llama.cpp/src/llama-quant.h
  cargo:rerun-if-changed=/Users/arksong/.cargo/registry/src/index.crates.io-1949cf8c6b5b557f/llama-cpp-sys-2-0.1.133/llama.cpp/src/unicode.h
  cargo:rerun-if-changed=/Users/arksong/.cargo/registry/src/index.crates.io-1949cf8c6b5b557f/llama-cpp-sys-2-0.1.133/llama.cpp/src/llama-chat.h
  cargo:rerun-if-changed=/Users/arksong/.cargo/registry/src/index.crates.io-1949cf8c6b5b557f/llama-cpp-sys-2-0.1.133/llama.cpp/src/llama-impl.cpp
  cargo:rerun-if-changed=/Users/arksong/.cargo/registry/src/index.crates.io-1949cf8c6b5b557f/llama-cpp-sys-2-0.1.133/llama.cpp/src/llama-arch.cpp
  cargo:rerun-if-changed=/Users/arksong/.cargo/registry/src/index.crates.io-1949cf8c6b5b557f/llama-cpp-sys-2-0.1.133/llama.cpp/src/llama-model.cpp
  cargo:rerun-if-changed=/Users/arksong/.cargo/registry/src/index.crates.io-1949cf8c6b5b557f/llama-cpp-sys-2-0.1.133/llama.cpp/src/llama-mmap.cpp
  cargo:rerun-if-changed=/Users/arksong/.cargo/registry/src/index.crates.io-1949cf8c6b5b557f/llama-cpp-sys-2-0.1.133/llama.cpp/src/llama-model-saver.h
  cargo:rerun-if-changed=/Users/arksong/.cargo/registry/src/index.crates.io-1949cf8c6b5b557f/llama-cpp-sys-2-0.1.133/llama.cpp/src/llama-grammar.h
  cargo:rerun-if-changed=/Users/arksong/.cargo/registry/src/index.crates.io-1949cf8c6b5b557f/llama-cpp-sys-2-0.1.133/llama.cpp/src/llama-cparams.h
  cargo:rerun-if-changed=/Users/arksong/.cargo/registry/src/index.crates.io-1949cf8c6b5b557f/llama-cpp-sys-2-0.1.133/llama.cpp/src/llama-graph.h
  cargo:rerun-if-changed=/Users/arksong/.cargo/registry/src/index.crates.io-1949cf8c6b5b557f/llama-cpp-sys-2-0.1.133/llama.cpp/src/llama-batch.cpp
  cargo:rerun-if-changed=/Users/arksong/.cargo/registry/src/index.crates.io-1949cf8c6b5b557f/llama-cpp-sys-2-0.1.133/llama.cpp/src/llama-hparams.h
  cargo:rerun-if-changed=/Users/arksong/.cargo/registry/src/index.crates.io-1949cf8c6b5b557f/llama-cpp-sys-2-0.1.133/llama.cpp/src/llama-memory.cpp
  cargo:rerun-if-changed=/Users/arksong/.cargo/registry/src/index.crates.io-1949cf8c6b5b557f/llama-cpp-sys-2-0.1.133/llama.cpp/src/llama-context.cpp
  cargo:rerun-if-changed=/Users/arksong/.cargo/registry/src/index.crates.io-1949cf8c6b5b557f/llama-cpp-sys-2-0.1.133/llama.cpp/src/llama-chat.cpp
  cargo:rerun-if-changed=/Users/arksong/.cargo/registry/src/index.crates.io-1949cf8c6b5b557f/llama-cpp-sys-2-0.1.133/llama.cpp/src/unicode-data.cpp
  cargo:rerun-if-changed=/Users/arksong/.cargo/registry/src/index.crates.io-1949cf8c6b5b557f/llama-cpp-sys-2-0.1.133/llama.cpp/src/llama-kv-cache-iswa.h
  cargo:rerun-if-changed=/Users/arksong/.cargo/registry/src/index.crates.io-1949cf8c6b5b557f/llama-cpp-sys-2-0.1.133/llama.cpp/src/llama-sampling.cpp
  cargo:rerun-if-changed=/Users/arksong/.cargo/registry/src/index.crates.io-1949cf8c6b5b557f/llama-cpp-sys-2-0.1.133/llama.cpp/src/llama-memory-recurrent.h
  cargo:rerun-if-changed=/Users/arksong/.cargo/registry/src/index.crates.io-1949cf8c6b5b557f/llama-cpp-sys-2-0.1.133/llama.cpp/src/llama-batch.h
  cargo:rerun-if-changed=/Users/arksong/.cargo/registry/src/index.crates.io-1949cf8c6b5b557f/llama-cpp-sys-2-0.1.133/llama.cpp/src/llama-model-saver.cpp
  cargo:rerun-if-changed=/Users/arksong/.cargo/registry/src/index.crates.io-1949cf8c6b5b557f/llama-cpp-sys-2-0.1.133/llama.cpp/src/unicode.cpp
  cargo:rerun-if-changed=/Users/arksong/.cargo/registry/src/index.crates.io-1949cf8c6b5b557f/llama-cpp-sys-2-0.1.133/llama.cpp/src/llama-adapter.cpp
  cargo:rerun-if-changed=/Users/arksong/.cargo/registry/src/index.crates.io-1949cf8c6b5b557f/llama-cpp-sys-2-0.1.133/llama.cpp/pocs/CMakeLists.txt
  cargo:rerun-if-changed=/Users/arksong/.cargo/registry/src/index.crates.io-1949cf8c6b5b557f/llama-cpp-sys-2-0.1.133/llama.cpp/pocs/vdot/CMakeLists.txt
  cargo:rerun-if-env-changed=TARGET
  cargo:rerun-if-env-changed=BINDGEN_EXTRA_CLANG_ARGS_aarch64-apple-darwin
  cargo:rerun-if-env-changed=BINDGEN_EXTRA_CLANG_ARGS_aarch64_apple_darwin
  cargo:rerun-if-env-changed=BINDGEN_EXTRA_CLANG_ARGS
  cargo:rerun-if-changed=wrapper.h
  cargo:rerun-if-changed=./llama.cpp/include/llama.h
  cargo:rerun-if-changed=/Users/arksong/.cargo/registry/src/index.crates.io-1949cf8c6b5b557f/llama-cpp-sys-2-0.1.133/llama.cpp/ggml/include/ggml.h
  cargo:rerun-if-changed=/Applications/Xcode.app/Contents/Developer/Toolchains/XcodeDefault.xctoolchain/usr/lib/clang/17/include/stdbool.h
  cargo:rerun-if-changed=/Applications/Xcode.app/Contents/Developer/Toolchains/XcodeDefault.xctoolchain/usr/lib/clang/17/include/stddef.h
  cargo:rerun-if-changed=/Applications/Xcode.app/Contents/Developer/Toolchains/XcodeDefault.xctoolchain/usr/lib/clang/17/include/__stddef_header_macro.h
  cargo:rerun-if-changed=/Applications/Xcode.app/Contents/Developer/Toolchains/XcodeDefault.xctoolchain/usr/lib/clang/17/include/__stddef_ptrdiff_t.h
  cargo:rerun-if-changed=/Applications/Xcode.app/Contents/Developer/Toolchains/XcodeDefault.xctoolchain/usr/lib/clang/17/include/__stddef_size_t.h
  cargo:rerun-if-changed=/Applications/Xcode.app/Contents/Developer/Toolchains/XcodeDefault.xctoolchain/usr/lib/clang/17/include/__stddef_wchar_t.h
  cargo:rerun-if-changed=/Applications/Xcode.app/Contents/Developer/Toolchains/XcodeDefault.xctoolchain/usr/lib/clang/17/include/__stddef_null.h
  cargo:rerun-if-changed=/Applications/Xcode.app/Contents/Developer/Toolchains/XcodeDefault.xctoolchain/usr/lib/clang/17/include/__stddef_max_align_t.h
  cargo:rerun-if-changed=/Applications/Xcode.app/Contents/Developer/Toolchains/XcodeDefault.xctoolchain/usr/lib/clang/17/include/__stddef_offsetof.h
  cargo:rerun-if-changed=/Applications/Xcode.app/Contents/Developer/Toolchains/XcodeDefault.xctoolchain/usr/lib/clang/17/include/stdint.h
  cargo:rerun-if-changed=/Applications/Xcode.app/Contents/Developer/Platforms/MacOSX.platform/Developer/SDKs/MacOSX.sdk/usr/include/stdint.h
  cargo:rerun-if-changed=/Applications/Xcode.app/Contents/Developer/Platforms/MacOSX.platform/Developer/SDKs/MacOSX.sdk/usr/include/sys/_types/_int8_t.h
  cargo:rerun-if-changed=/Applications/Xcode.app/Contents/Developer/Platforms/MacOSX.platform/Developer/SDKs/MacOSX.sdk/usr/include/sys/_types/_int16_t.h
  cargo:rerun-if-changed=/Applications/Xcode.app/Contents/Developer/Platforms/MacOSX.platform/Developer/SDKs/MacOSX.sdk/usr/include/sys/_types/_int32_t.h
  cargo:rerun-if-changed=/Applications/Xcode.app/Contents/Developer/Platforms/MacOSX.platform/Developer/SDKs/MacOSX.sdk/usr/include/sys/_types/_int64_t.h
  cargo:rerun-if-changed=/Applications/Xcode.app/Contents/Developer/Platforms/MacOSX.platform/Developer/SDKs/MacOSX.sdk/usr/include/_types/_uint8_t.h
  cargo:rerun-if-changed=/Applications/Xcode.app/Contents/Developer/Platforms/MacOSX.platform/Developer/SDKs/MacOSX.sdk/usr/include/_types/_uint16_t.h
  cargo:rerun-if-changed=/Applications/Xcode.app/Contents/Developer/Platforms/MacOSX.platform/Developer/SDKs/MacOSX.sdk/usr/include/_types/_uint32_t.h
  cargo:rerun-if-changed=/Applications/Xcode.app/Contents/Developer/Platforms/MacOSX.platform/Developer/SDKs/MacOSX.sdk/usr/include/_types/_uint64_t.h
  cargo:rerun-if-changed=/Applications/Xcode.app/Contents/Developer/Platforms/MacOSX.platform/Developer/SDKs/MacOSX.sdk/usr/include/sys/_types.h
  cargo:rerun-if-changed=/Applications/Xcode.app/Contents/Developer/Platforms/MacOSX.platform/Developer/SDKs/MacOSX.sdk/usr/include/sys/cdefs.h
  cargo:rerun-if-changed=/Applications/Xcode.app/Contents/Developer/Platforms/MacOSX.platform/Developer/SDKs/MacOSX.sdk/usr/include/sys/_symbol_aliasing.h
  cargo:rerun-if-changed=/Applications/Xcode.app/Contents/Developer/Platforms/MacOSX.platform/Developer/SDKs/MacOSX.sdk/usr/include/sys/_posix_availability.h
  cargo:rerun-if-changed=/Applications/Xcode.app/Contents/Developer/Toolchains/XcodeDefault.xctoolchain/usr/lib/clang/17/include/ptrcheck.h
  cargo:rerun-if-changed=/Applications/Xcode.app/Contents/Developer/Platforms/MacOSX.platform/Developer/SDKs/MacOSX.sdk/usr/include/machine/_types.h
  cargo:rerun-if-changed=/Applications/Xcode.app/Contents/Developer/Platforms/MacOSX.platform/Developer/SDKs/MacOSX.sdk/usr/include/arm/_types.h
  cargo:rerun-if-changed=/Applications/Xcode.app/Contents/Developer/Platforms/MacOSX.platform/Developer/SDKs/MacOSX.sdk/usr/include/sys/_pthread/_pthread_types.h
  cargo:rerun-if-changed=/Applications/Xcode.app/Contents/Developer/Platforms/MacOSX.platform/Developer/SDKs/MacOSX.sdk/usr/include/sys/cdefs.h
  cargo:rerun-if-changed=/Applications/Xcode.app/Contents/Developer/Platforms/MacOSX.platform/Developer/SDKs/MacOSX.sdk/usr/include/sys/_types/_intptr_t.h
  cargo:rerun-if-changed=/Applications/Xcode.app/Contents/Developer/Platforms/MacOSX.platform/Developer/SDKs/MacOSX.sdk/usr/include/machine/_types.h
  cargo:rerun-if-changed=/Applications/Xcode.app/Contents/Developer/Platforms/MacOSX.platform/Developer/SDKs/MacOSX.sdk/usr/include/sys/_types/_uintptr_t.h
  cargo:rerun-if-changed=/Applications/Xcode.app/Contents/Developer/Platforms/MacOSX.platform/Developer/SDKs/MacOSX.sdk/usr/include/_types/_intmax_t.h
  cargo:rerun-if-changed=/Applications/Xcode.app/Contents/Developer/Platforms/MacOSX.platform/Developer/SDKs/MacOSX.sdk/usr/include/_types/_uintmax_t.h
  cargo:rerun-if-changed=/Applications/Xcode.app/Contents/Developer/Platforms/MacOSX.platform/Developer/SDKs/MacOSX.sdk/usr/include/stdio.h
  cargo:rerun-if-changed=/Applications/Xcode.app/Contents/Developer/Platforms/MacOSX.platform/Developer/SDKs/MacOSX.sdk/usr/include/_stdio.h
  cargo:rerun-if-changed=/Applications/Xcode.app/Contents/Developer/Platforms/MacOSX.platform/Developer/SDKs/MacOSX.sdk/usr/include/_bounds.h
  cargo:rerun-if-changed=/Applications/Xcode.app/Contents/Developer/Platforms/MacOSX.platform/Developer/SDKs/MacOSX.sdk/usr/include/sys/cdefs.h
  cargo:rerun-if-changed=/Applications/Xcode.app/Contents/Developer/Platforms/MacOSX.platform/Developer/SDKs/MacOSX.sdk/usr/include/sys/cdefs.h
  cargo:rerun-if-changed=/Applications/Xcode.app/Contents/Developer/Platforms/MacOSX.platform/Developer/SDKs/MacOSX.sdk/usr/include/Availability.h
  cargo:rerun-if-changed=/Applications/Xcode.app/Contents/Developer/Platforms/MacOSX.platform/Developer/SDKs/MacOSX.sdk/usr/include/AvailabilityVersions.h
  cargo:rerun-if-changed=/Applications/Xcode.app/Contents/Developer/Platforms/MacOSX.platform/Developer/SDKs/MacOSX.sdk/usr/include/AvailabilityInternal.h
  cargo:rerun-if-changed=/Applications/Xcode.app/Contents/Developer/Platforms/MacOSX.platform/Developer/SDKs/MacOSX.sdk/usr/include/AvailabilityVersions.h
  cargo:rerun-if-changed=/Applications/Xcode.app/Contents/Developer/Platforms/MacOSX.platform/Developer/SDKs/MacOSX.sdk/usr/include/AvailabilityInternalLegacy.h
  cargo:rerun-if-changed=/Applications/Xcode.app/Contents/Developer/Platforms/MacOSX.platform/Developer/SDKs/MacOSX.sdk/usr/include/AvailabilityInternal.h
  cargo:rerun-if-changed=/Applications/Xcode.app/Contents/Developer/Platforms/MacOSX.platform/Developer/SDKs/MacOSX.sdk/usr/include/_types.h
  cargo:rerun-if-changed=/Applications/Xcode.app/Contents/Developer/Platforms/MacOSX.platform/Developer/SDKs/MacOSX.sdk/usr/include/sys/_types.h
  cargo:rerun-if-changed=/Applications/Xcode.app/Contents/Developer/Platforms/MacOSX.platform/Developer/SDKs/MacOSX.sdk/usr/include/_bounds.h
  cargo:rerun-if-changed=/Applications/Xcode.app/Contents/Developer/Platforms/MacOSX.platform/Developer/SDKs/MacOSX.sdk/usr/include/machine/_types.h
  cargo:rerun-if-changed=/Applications/Xcode.app/Contents/Developer/Platforms/MacOSX.platform/Developer/SDKs/MacOSX.sdk/usr/include/sys/_types/_va_list.h
  cargo:rerun-if-changed=/Applications/Xcode.app/Contents/Developer/Platforms/MacOSX.platform/Developer/SDKs/MacOSX.sdk/usr/include/machine/types.h
  cargo:rerun-if-changed=/Applications/Xcode.app/Contents/Developer/Platforms/MacOSX.platform/Developer/SDKs/MacOSX.sdk/usr/include/arm/types.h
  cargo:rerun-if-changed=/Applications/Xcode.app/Contents/Developer/Platforms/MacOSX.platform/Developer/SDKs/MacOSX.sdk/usr/include/arm/_types.h
  cargo:rerun-if-changed=/Applications/Xcode.app/Contents/Developer/Platforms/MacOSX.platform/Developer/SDKs/MacOSX.sdk/usr/include/sys/cdefs.h
  cargo:rerun-if-changed=/Applications/Xcode.app/Contents/Developer/Platforms/MacOSX.platform/Developer/SDKs/MacOSX.sdk/usr/include/sys/_types/_int8_t.h
  cargo:rerun-if-changed=/Applications/Xcode.app/Contents/Developer/Platforms/MacOSX.platform/Developer/SDKs/MacOSX.sdk/usr/include/sys/_types/_int16_t.h
  cargo:rerun-if-changed=/Applications/Xcode.app/Contents/Developer/Platforms/MacOSX.platform/Developer/SDKs/MacOSX.sdk/usr/include/sys/_types/_int32_t.h
  cargo:rerun-if-changed=/Applications/Xcode.app/Contents/Developer/Platforms/MacOSX.platform/Developer/SDKs/MacOSX.sdk/usr/include/sys/_types/_int64_t.h
  cargo:rerun-if-changed=/Applications/Xcode.app/Contents/Developer/Platforms/MacOSX.platform/Developer/SDKs/MacOSX.sdk/usr/include/sys/_types/_u_int8_t.h
  cargo:rerun-if-changed=/Applications/Xcode.app/Contents/Developer/Platforms/MacOSX.platform/Developer/SDKs/MacOSX.sdk/usr/include/sys/_types/_u_int16_t.h
  cargo:rerun-if-changed=/Applications/Xcode.app/Contents/Developer/Platforms/MacOSX.platform/Developer/SDKs/MacOSX.sdk/usr/include/sys/_types/_u_int32_t.h
  cargo:rerun-if-changed=/Applications/Xcode.app/Contents/Developer/Platforms/MacOSX.platform/Developer/SDKs/MacOSX.sdk/usr/include/sys/_types/_u_int64_t.h
  cargo:rerun-if-changed=/Applications/Xcode.app/Contents/Developer/Platforms/MacOSX.platform/Developer/SDKs/MacOSX.sdk/usr/include/sys/_types/_intptr_t.h
  cargo:rerun-if-changed=/Applications/Xcode.app/Contents/Developer/Platforms/MacOSX.platform/Developer/SDKs/MacOSX.sdk/usr/include/sys/_types/_uintptr_t.h
  cargo:rerun-if-changed=/Applications/Xcode.app/Contents/Developer/Platforms/MacOSX.platform/Developer/SDKs/MacOSX.sdk/usr/include/sys/_types/_size_t.h
  cargo:rerun-if-changed=/Applications/Xcode.app/Contents/Developer/Platforms/MacOSX.platform/Developer/SDKs/MacOSX.sdk/usr/include/sys/_types/_null.h
  cargo:rerun-if-changed=/Applications/Xcode.app/Contents/Developer/Platforms/MacOSX.platform/Developer/SDKs/MacOSX.sdk/usr/include/sys/stdio.h
  cargo:rerun-if-changed=/Applications/Xcode.app/Contents/Developer/Platforms/MacOSX.platform/Developer/SDKs/MacOSX.sdk/usr/include/sys/cdefs.h
  cargo:rerun-if-changed=/Applications/Xcode.app/Contents/Developer/Platforms/MacOSX.platform/Developer/SDKs/MacOSX.sdk/usr/include/Availability.h
  cargo:rerun-if-changed=/Applications/Xcode.app/Contents/Developer/Platforms/MacOSX.platform/Developer/SDKs/MacOSX.sdk/usr/include/_printf.h
  cargo:rerun-if-changed=/Applications/Xcode.app/Contents/Developer/Platforms/MacOSX.platform/Developer/SDKs/MacOSX.sdk/usr/include/sys/cdefs.h
  cargo:rerun-if-changed=/Applications/Xcode.app/Contents/Developer/Platforms/MacOSX.platform/Developer/SDKs/MacOSX.sdk/usr/include/_bounds.h
  cargo:rerun-if-changed=/Applications/Xcode.app/Contents/Developer/Platforms/MacOSX.platform/Developer/SDKs/MacOSX.sdk/usr/include/sys/_types/_seek_set.h
  cargo:rerun-if-changed=/Applications/Xcode.app/Contents/Developer/Platforms/MacOSX.platform/Developer/SDKs/MacOSX.sdk/usr/include/sys/cdefs.h
  cargo:rerun-if-changed=/Applications/Xcode.app/Contents/Developer/Platforms/MacOSX.platform/Developer/SDKs/MacOSX.sdk/usr/include/_ctermid.h
  cargo:rerun-if-changed=/Applications/Xcode.app/Contents/Developer/Platforms/MacOSX.platform/Developer/SDKs/MacOSX.sdk/usr/include/sys/cdefs.h
  cargo:rerun-if-changed=/Applications/Xcode.app/Contents/Developer/Platforms/MacOSX.platform/Developer/SDKs/MacOSX.sdk/usr/include/_bounds.h
  cargo:rerun-if-changed=/Applications/Xcode.app/Contents/Developer/Platforms/MacOSX.platform/Developer/SDKs/MacOSX.sdk/usr/include/sys/_types/_off_t.h
  cargo:rerun-if-changed=/Applications/Xcode.app/Contents/Developer/Platforms/MacOSX.platform/Developer/SDKs/MacOSX.sdk/usr/include/sys/_types.h
  cargo:rerun-if-changed=/Applications/Xcode.app/Contents/Developer/Platforms/MacOSX.platform/Developer/SDKs/MacOSX.sdk/usr/include/sys/_types/_ssize_t.h
  cargo:rerun-if-changed=/Applications/Xcode.app/Contents/Developer/Platforms/MacOSX.platform/Developer/SDKs/MacOSX.sdk/usr/include/machine/types.h
  cargo:rerun-if-changed=/Applications/Xcode.app/Contents/Developer/Platforms/MacOSX.platform/Developer/SDKs/MacOSX.sdk/usr/include/secure/_stdio.h
  cargo:rerun-if-changed=/Applications/Xcode.app/Contents/Developer/Platforms/MacOSX.platform/Developer/SDKs/MacOSX.sdk/usr/include/_bounds.h
  cargo:rerun-if-changed=/Applications/Xcode.app/Contents/Developer/Platforms/MacOSX.platform/Developer/SDKs/MacOSX.sdk/usr/include/secure/_common.h
  cargo:rerun-if-changed=/Applications/Xcode.app/Contents/Developer/Platforms/MacOSX.platform/Developer/SDKs/MacOSX.sdk/usr/include/_types.h
  cargo:rerun-if-changed=/Users/arksong/.cargo/registry/src/index.crates.io-1949cf8c6b5b557f/llama-cpp-sys-2-0.1.133/llama.cpp/ggml/include/ggml-cpu.h
  cargo:rerun-if-changed=/Users/arksong/.cargo/registry/src/index.crates.io-1949cf8c6b5b557f/llama-cpp-sys-2-0.1.133/llama.cpp/ggml/include/ggml.h
  cargo:rerun-if-changed=/Users/arksong/.cargo/registry/src/index.crates.io-1949cf8c6b5b557f/llama-cpp-sys-2-0.1.133/llama.cpp/ggml/include/ggml-backend.h
  cargo:rerun-if-changed=/Users/arksong/.cargo/registry/src/index.crates.io-1949cf8c6b5b557f/llama-cpp-sys-2-0.1.133/llama.cpp/ggml/include/ggml.h
  cargo:rerun-if-changed=/Users/arksong/.cargo/registry/src/index.crates.io-1949cf8c6b5b557f/llama-cpp-sys-2-0.1.133/llama.cpp/ggml/include/ggml-alloc.h
  cargo:rerun-if-changed=/Users/arksong/.cargo/registry/src/index.crates.io-1949cf8c6b5b557f/llama-cpp-sys-2-0.1.133/llama.cpp/ggml/include/ggml.h
  cargo:rerun-if-changed=/Users/arksong/.cargo/registry/src/index.crates.io-1949cf8c6b5b557f/llama-cpp-sys-2-0.1.133/llama.cpp/ggml/include/ggml-backend.h
  cargo:rerun-if-changed=/Users/arksong/.cargo/registry/src/index.crates.io-1949cf8c6b5b557f/llama-cpp-sys-2-0.1.133/llama.cpp/ggml/include/ggml-opt.h
  cargo:rerun-if-changed=/Users/arksong/.cargo/registry/src/index.crates.io-1949cf8c6b5b557f/llama-cpp-sys-2-0.1.133/llama.cpp/ggml/include/ggml.h
  cargo:rerun-if-changed=/Users/arksong/.cargo/registry/src/index.crates.io-1949cf8c6b5b557f/llama-cpp-sys-2-0.1.133/llama.cpp/ggml/include/ggml-backend.h
  cargo:rerun-if-changed=/Applications/Xcode.app/Contents/Developer/Toolchains/XcodeDefault.xctoolchain/usr/lib/clang/17/include/stdint.h
  cargo:rerun-if-changed=/Applications/Xcode.app/Contents/Developer/Toolchains/XcodeDefault.xctoolchain/usr/lib/clang/17/include/stddef.h
  cargo:rerun-if-changed=/Applications/Xcode.app/Contents/Developer/Toolchains/XcodeDefault.xctoolchain/usr/lib/clang/17/include/__stddef_header_macro.h
  cargo:rerun-if-changed=/Applications/Xcode.app/Contents/Developer/Toolchains/XcodeDefault.xctoolchain/usr/lib/clang/17/include/__stddef_ptrdiff_t.h
  cargo:rerun-if-changed=/Applications/Xcode.app/Contents/Developer/Toolchains/XcodeDefault.xctoolchain/usr/lib/clang/17/include/__stddef_size_t.h
  cargo:rerun-if-changed=/Applications/Xcode.app/Contents/Developer/Toolchains/XcodeDefault.xctoolchain/usr/lib/clang/17/include/__stddef_rsize_t.h
  cargo:rerun-if-changed=/Applications/Xcode.app/Contents/Developer/Toolchains/XcodeDefault.xctoolchain/usr/lib/clang/17/include/__stddef_wchar_t.h
  cargo:rerun-if-changed=/Applications/Xcode.app/Contents/Developer/Toolchains/XcodeDefault.xctoolchain/usr/lib/clang/17/include/__stddef_max_align_t.h
  cargo:rerun-if-changed=/Applications/Xcode.app/Contents/Developer/Toolchains/XcodeDefault.xctoolchain/usr/lib/clang/17/include/__stddef_offsetof.h
  cargo:rerun-if-changed=/Applications/Xcode.app/Contents/Developer/Toolchains/XcodeDefault.xctoolchain/usr/lib/clang/17/include/stdint.h
  cargo:rerun-if-changed=/Applications/Xcode.app/Contents/Developer/Platforms/MacOSX.platform/Developer/SDKs/MacOSX.sdk/usr/include/stdio.h
  cargo:rerun-if-changed=/Applications/Xcode.app/Contents/Developer/Platforms/MacOSX.platform/Developer/SDKs/MacOSX.sdk/usr/include/_stdio.h
  cargo:rerun-if-changed=/Applications/Xcode.app/Contents/Developer/Toolchains/XcodeDefault.xctoolchain/usr/lib/clang/17/include/stdbool.h
  cargo:rerun-if-changed=./wrapper_common.h
  cargo:rerun-if-changed=./llama.cpp/include/llama.h
  cargo:rerun-if-changed=/Applications/Xcode.app/Contents/Developer/Toolchains/XcodeDefault.xctoolchain/usr/lib/clang/17/include/stdbool.h
  cargo:rerun-if-changed=/Applications/Xcode.app/Contents/Developer/Toolchains/XcodeDefault.xctoolchain/usr/lib/clang/17/include/stddef.h
  cargo:rerun-if-changed=/Applications/Xcode.app/Contents/Developer/Toolchains/XcodeDefault.xctoolchain/usr/lib/clang/17/include/__stddef_header_macro.h
  cargo:rerun-if-changed=/Applications/Xcode.app/Contents/Developer/Toolchains/XcodeDefault.xctoolchain/usr/lib/clang/17/include/__stddef_ptrdiff_t.h
  cargo:rerun-if-changed=/Applications/Xcode.app/Contents/Developer/Toolchains/XcodeDefault.xctoolchain/usr/lib/clang/17/include/__stddef_size_t.h
  cargo:rerun-if-changed=/Applications/Xcode.app/Contents/Developer/Toolchains/XcodeDefault.xctoolchain/usr/lib/clang/17/include/__stddef_rsize_t.h
  cargo:rerun-if-changed=/Applications/Xcode.app/Contents/Developer/Toolchains/XcodeDefault.xctoolchain/usr/lib/clang/17/include/__stddef_wchar_t.h
  cargo:rerun-if-changed=/Applications/Xcode.app/Contents/Developer/Toolchains/XcodeDefault.xctoolchain/usr/lib/clang/17/include/__stddef_max_align_t.h
  cargo:rerun-if-changed=/Applications/Xcode.app/Contents/Developer/Toolchains/XcodeDefault.xctoolchain/usr/lib/clang/17/include/__stddef_offsetof.h
  cargo:rerun-if-changed=./wrapper_utils.h
  cargo:rerun-if-changed=/Applications/Xcode.app/Contents/Developer/Toolchains/XcodeDefault.xctoolchain/usr/lib/clang/17/include/stdbool.h
  cargo:rerun-if-changed=/Applications/Xcode.app/Contents/Developer/Toolchains/XcodeDefault.xctoolchain/usr/lib/clang/17/include/stddef.h
  cargo:rerun-if-changed=/Applications/Xcode.app/Contents/Developer/Toolchains/XcodeDefault.xctoolchain/usr/lib/clang/17/include/__stddef_header_macro.h
  cargo:rerun-if-changed=/Applications/Xcode.app/Contents/Developer/Toolchains/XcodeDefault.xctoolchain/usr/lib/clang/17/include/__stddef_ptrdiff_t.h
  cargo:rerun-if-changed=/Applications/Xcode.app/Contents/Developer/Toolchains/XcodeDefault.xctoolchain/usr/lib/clang/17/include/__stddef_size_t.h
  cargo:rerun-if-changed=/Applications/Xcode.app/Contents/Developer/Toolchains/XcodeDefault.xctoolchain/usr/lib/clang/17/include/__stddef_rsize_t.h
  cargo:rerun-if-changed=/Applications/Xcode.app/Contents/Developer/Toolchains/XcodeDefault.xctoolchain/usr/lib/clang/17/include/__stddef_wchar_t.h
  cargo:rerun-if-changed=/Applications/Xcode.app/Contents/Developer/Toolchains/XcodeDefault.xctoolchain/usr/lib/clang/17/include/__stddef_max_align_t.h
  cargo:rerun-if-changed=/Applications/Xcode.app/Contents/Developer/Toolchains/XcodeDefault.xctoolchain/usr/lib/clang/17/include/__stddef_offsetof.h
  cargo:rerun-if-changed=./wrapper_oai.h
  cargo:rerun-if-changed=./wrapper_common.h
  cargo:rerun-if-changed=wrapper.h
  cargo:rerun-if-changed=wrapper_common.h
  cargo:rerun-if-changed=wrapper_common.cpp
  cargo:rerun-if-changed=wrapper_oai.h
  cargo:rerun-if-changed=wrapper_oai.cpp
  cargo:rerun-if-changed=wrapper_utils.h
  cargo:rerun-if-changed=wrapper_mtmd.h
  OUT_DIR = Some(/Users/arksong/ClawMaster/target/debug/build/llama-cpp-sys-2-b7b54c4d28e7ceaa/out)
  OPT_LEVEL = Some(0)
  TARGET = Some(aarch64-apple-darwin)
  CARGO_ENCODED_RUSTFLAGS = Some()
  HOST = Some(aarch64-apple-darwin)
  cargo:rerun-if-env-changed=CXX_aarch64-apple-darwin
  CXX_aarch64-apple-darwin = None
  cargo:rerun-if-env-changed=CXX_aarch64_apple_darwin
  CXX_aarch64_apple_darwin = None
  cargo:rerun-if-env-changed=HOST_CXX
  HOST_CXX = None
  cargo:rerun-if-env-changed=CXX
  CXX = None
  cargo:rerun-if-env-changed=CC_ENABLE_DEBUG_OUTPUT
  RUSTC_WRAPPER = None
  cargo:rerun-if-env-changed=CRATE_CC_NO_DEFAULTS
  CRATE_CC_NO_DEFAULTS = None
  DEBUG = Some(true)
  cargo:rerun-if-env-changed=MACOSX_DEPLOYMENT_TARGET
  MACOSX_DEPLOYMENT_TARGET = None
  cargo:rerun-if-env-changed=CXXFLAGS
  CXXFLAGS = None
  cargo:rerun-if-env-changed=HOST_CXXFLAGS
  HOST_CXXFLAGS = None
  cargo:rerun-if-env-changed=CXXFLAGS_aarch64_apple_darwin
  CXXFLAGS_aarch64_apple_darwin = None
  cargo:rerun-if-env-changed=CXXFLAGS_aarch64-apple-darwin
  CXXFLAGS_aarch64-apple-darwin = None
  OUT_DIR = Some(/Users/arksong/ClawMaster/target/debug/build/llama-cpp-sys-2-b7b54c4d28e7ceaa/out)
  cargo:rerun-if-env-changed=CC_ENABLE_DEBUG_OUTPUT
  cargo:rerun-if-env-changed=CRATE_CC_NO_DEFAULTS
  CRATE_CC_NO_DEFAULTS = None
  TARGET = Some(aarch64-apple-darwin)
  cargo:rerun-if-env-changed=MACOSX_DEPLOYMENT_TARGET
  MACOSX_DEPLOYMENT_TARGET = None
  HOST = Some(aarch64-apple-darwin)
  cargo:rerun-if-env-changed=CXXFLAGS
  CXXFLAGS = None
  cargo:rerun-if-env-changed=HOST_CXXFLAGS
  HOST_CXXFLAGS = None
  cargo:rerun-if-env-changed=CXXFLAGS_aarch64_apple_darwin
  CXXFLAGS_aarch64_apple_darwin = None
  cargo:rerun-if-env-changed=CXXFLAGS_aarch64-apple-darwin
  CXXFLAGS_aarch64-apple-darwin = None
  cargo:warning=In file included from wrapper_common.cpp:1:
  cargo:warning=In file included from ./wrapper_common.h:33:
  cargo:warning=In file included from ./wrapper_utils.h:20:
  cargo:warning=./llama.cpp/common/common.h:631:26: warning: unused function 'string_split<std::string>' [-Wunused-function]
  cargo:warning=  631 | std::vector<std::string> string_split<std::string>(const std::string & input, char separator)
  cargo:warning=      |                          ^~~~~~~~~~~~~~~~~~~~~~~~~
  cargo:warning=./llama.cpp/common/common.h:646:13: warning: unused function 'string_starts_with' [-Wunused-function]
  cargo:warning=  646 | static bool string_starts_with(const std::string & str,
  cargo:warning=      |             ^~~~~~~~~~~~~~~~~~
  cargo:warning=./llama.cpp/common/common.h:843:20: warning: unused function 'llm_ffn_exps_block_regex' [-Wunused-function]
  cargo:warning=  843 | static std::string llm_ffn_exps_block_regex(int idx) {
  cargo:warning=      |                    ^~~~~~~~~~~~~~~~~~~~~~~~
  cargo:warning=./llama.cpp/common/common.h:847:41: warning: unused function 'llm_ffn_exps_cpu_override' [-Wunused-function]
  cargo:warning=  847 | static llama_model_tensor_buft_override llm_ffn_exps_cpu_override() {
  cargo:warning=      |                                         ^~~~~~~~~~~~~~~~~~~~~~~~~
  cargo:warning=4 warnings generated.
  cargo:warning=In file included from wrapper_oai.cpp:1:
  cargo:warning=In file included from ./wrapper_oai.h:3:
  cargo:warning=In file included from ./wrapper_common.h:33:
  cargo:warning=In file included from ./wrapper_utils.h:20:
  cargo:warning=./llama.cpp/common/common.h:631:26: warning: unused function 'string_split<std::string>' [-Wunused-function]
  cargo:warning=  631 | std::vector<std::string> string_split<std::string>(const std::string & input, char separator)
  cargo:warning=      |                          ^~~~~~~~~~~~~~~~~~~~~~~~~
  cargo:warning=./llama.cpp/common/common.h:646:13: warning: unused function 'string_starts_with' [-Wunused-function]
  cargo:warning=  646 | static bool string_starts_with(const std::string & str,
  cargo:warning=      |             ^~~~~~~~~~~~~~~~~~
  cargo:warning=./llama.cpp/common/common.h:843:20: warning: unused function 'llm_ffn_exps_block_regex' [-Wunused-function]
  cargo:warning=  843 | static std::string llm_ffn_exps_block_regex(int idx) {
  cargo:warning=      |                    ^~~~~~~~~~~~~~~~~~~~~~~~
  cargo:warning=./llama.cpp/common/common.h:847:41: warning: unused function 'llm_ffn_exps_cpu_override' [-Wunused-function]
  cargo:warning=  847 | static llama_model_tensor_buft_override llm_ffn_exps_cpu_override() {
  cargo:warning=      |                                         ^~~~~~~~~~~~~~~~~~~~~~~~~
  cargo:warning=4 warnings generated.
  exit status: 0
  exit status: 0
  cargo:rerun-if-env-changed=AR_aarch64-apple-darwin
  AR_aarch64-apple-darwin = None
  cargo:rerun-if-env-changed=AR_aarch64_apple_darwin
  AR_aarch64_apple_darwin = None
  cargo:rerun-if-env-changed=HOST_AR
  HOST_AR = None
  cargo:rerun-if-env-changed=AR
  AR = None
  cargo:rerun-if-env-changed=ARFLAGS
  ARFLAGS = None
  cargo:rerun-if-env-changed=HOST_ARFLAGS
  HOST_ARFLAGS = None
  cargo:rerun-if-env-changed=ARFLAGS_aarch64_apple_darwin
  ARFLAGS_aarch64_apple_darwin = None
  cargo:rerun-if-env-changed=ARFLAGS_aarch64-apple-darwin
  ARFLAGS_aarch64-apple-darwin = None
  cargo:rustc-link-lib=static=llama_cpp_sys_2_common_wrapper
  cargo:rustc-link-search=native=/Users/arksong/ClawMaster/target/debug/build/llama-cpp-sys-2-b7b54c4d28e7ceaa/out
  cargo:rerun-if-env-changed=CXXSTDLIB_aarch64-apple-darwin
  CXXSTDLIB_aarch64-apple-darwin = None
  cargo:rerun-if-env-changed=CXXSTDLIB_aarch64_apple_darwin
  CXXSTDLIB_aarch64_apple_darwin = None
  cargo:rerun-if-env-changed=HOST_CXXSTDLIB
  HOST_CXXSTDLIB = None
  cargo:rerun-if-env-changed=CXXSTDLIB
  CXXSTDLIB = None
  cargo:rustc-link-lib=c++
  CMAKE_TOOLCHAIN_FILE_aarch64-apple-darwin = None
  CMAKE_TOOLCHAIN_FILE_aarch64_apple_darwin = None
  HOST_CMAKE_TOOLCHAIN_FILE = None
  CMAKE_TOOLCHAIN_FILE = None
  CMAKE_GENERATOR_aarch64-apple-darwin = None
  CMAKE_GENERATOR_aarch64_apple_darwin = None
  HOST_CMAKE_GENERATOR = None
  CMAKE_GENERATOR = None
  CMAKE_PREFIX_PATH_aarch64-apple-darwin = None
  CMAKE_PREFIX_PATH_aarch64_apple_darwin = None
  HOST_CMAKE_PREFIX_PATH = None
  CMAKE_PREFIX_PATH = None
  CMAKE_aarch64-apple-darwin = None
  CMAKE_aarch64_apple_darwin = None
  HOST_CMAKE = None
  CMAKE = None
  -- The C compiler identification is AppleClang 17.0.0.17000013
  -- The CXX compiler identification is AppleClang 17.0.0.17000013
  -- Detecting C compiler ABI info
  -- Detecting C compiler ABI info - done
  -- Check for working C compiler: /usr/bin/cc - skipped
  -- Detecting C compile features
  -- Detecting C compile features - done
  -- Detecting CXX compiler ABI info
  -- Detecting CXX compiler ABI info - done
  -- Check for working CXX compiler: /usr/bin/c++ - skipped
  -- Detecting CXX compile features
  -- Detecting CXX compile features - done
  -- Found Git: /opt/homebrew/bin/git (found version "2.52.0")
  -- The ASM compiler identification is AppleClang
  -- Found assembler: /usr/bin/cc
  -- Performing Test CMAKE_HAVE_LIBC_PTHREAD
  -- Performing Test CMAKE_HAVE_LIBC_PTHREAD - Success
  -- Found Threads: TRUE
  -- ccache found, compilation results will be cached. Disable with GGML_CCACHE=OFF.
  -- CMAKE_SYSTEM_PROCESSOR: arm64
  -- GGML_SYSTEM_ARCH: ARM
  -- Including CPU backend
  -- Accelerate framework found
  -- Could NOT find OpenMP_C (missing: OpenMP_C_FLAGS OpenMP_C_LIB_NAMES) 
  -- Could NOT find OpenMP_CXX (missing: OpenMP_CXX_FLAGS OpenMP_CXX_LIB_NAMES) 
  -- Could NOT find OpenMP (missing: OpenMP_C_FOUND OpenMP_CXX_FOUND) 
  -- ARM detected
  -- Performing Test GGML_COMPILER_SUPPORTS_FP16_FORMAT_I3E
  -- Performing Test GGML_COMPILER_SUPPORTS_FP16_FORMAT_I3E - Failed
  -- Checking for ARM features using flags:
  -- Performing Test HAVE_DOTPROD
  -- Performing Test HAVE_DOTPROD - Success
  -- Performing Test HAVE_SVE
  -- Performing Test HAVE_SVE - Failed
  -- Performing Test HAVE_MATMUL_INT8
  -- Performing Test HAVE_MATMUL_INT8 - Failed
  -- Performing Test HAVE_FMA
  -- Performing Test HAVE_FMA - Success
  -- Performing Test HAVE_FP16_VECTOR_ARITHMETIC
  -- Performing Test HAVE_FP16_VECTOR_ARITHMETIC - Success
  -- Performing Test HAVE_SME
  -- Performing Test HAVE_SME - Failed
  -- Adding CPU backend variant ggml-cpu:  
  -- Could not find nvcc, please set CUDAToolkit_ROOT.
  -- Configuring incomplete, errors occurred!

  --- stderr
  running: cd "/Users/arksong/ClawMaster/target/debug/build/llama-cpp-sys-2-b7b54c4d28e7ceaa/out/build" && CMAKE_PREFIX_PATH="" LC_ALL="C" "cmake" "/Users/arksong/.cargo/registry/src/index.crates.io-1949cf8c6b5b557f/llama-cpp-sys-2-0.1.133/llama.cpp" "-B" "/Users/arksong/ClawMaster/target/debug/build/llama-cpp-sys-2-b7b54c4d28e7ceaa/out/build" "-DCMAKE_OSX_ARCHITECTURES=arm64" "-DLLAMA_BUILD_TESTS=OFF" "-DLLAMA_BUILD_EXAMPLES=OFF" "-DLLAMA_BUILD_SERVER=OFF" "-DLLAMA_BUILD_TOOLS=OFF" "-DLLAMA_BUILD_COMMON=ON" "-DLLAMA_CURL=OFF" "-DCMAKE_BUILD_PARALLEL_LEVEL=28" "-DGGML_NATIVE=OFF" "-DBUILD_SHARED_LIBS=OFF" "-DGGML_BLAS=OFF" "-DGGML_CUDA=ON" "-DGGML_OPENMP=ON" "-DCMAKE_INSTALL_PREFIX=/Users/arksong/ClawMaster/target/debug/build/llama-cpp-sys-2-b7b54c4d28e7ceaa/out" "-DCMAKE_C_FLAGS= -ffunction-sections -fdata-sections -fPIC --target=arm64-apple-macosx -mmacosx-version-min=15.5 -w" "-DCMAKE_C_COMPILER=/usr/bin/cc" "-DCMAKE_CXX_FLAGS= -ffunction-sections -fdata-sections -fPIC --target=arm64-apple-macosx -mmacosx-version-min=15.5 -w" "-DCMAKE_CXX_COMPILER=/usr/bin/c++" "-DCMAKE_ASM_FLAGS= -ffunction-sections -fdata-sections -fPIC --target=arm64-apple-macosx -mmacosx-version-min=15.5 -w" "-DCMAKE_ASM_COMPILER=/usr/bin/cc" "-DCMAKE_BUILD_TYPE=Release"
  CMAKE_BUILD_TYPE=Release
  fatal: not a git repository (or any of the parent directories): .git
  fatal: not a git repository (or any of the parent directories): .git
  CMake Warning at cmake/license.cmake:18 (message):
    License file
    '/Users/arksong/.cargo/registry/src/index.crates.io-1949cf8c6b5b557f/llama-cpp-sys-2-0.1.133/llama.cpp/LICENSE'
    not found
  Call Stack (most recent call first):
    CMakeLists.txt:186 (license_add_file)


  CMake Warning at ggml/src/ggml-cpu/CMakeLists.txt:79 (message):
    OpenMP not found
  Call Stack (most recent call first):
    ggml/src/CMakeLists.txt:444 (ggml_add_cpu_backend_variant_impl)


  CMake Error at ggml/src/ggml-cuda/CMakeLists.txt:258 (message):
    CUDA Toolkit not found



  thread 'main' (112708) panicked at /Users/arksong/.cargo/registry/src/index.crates.io-1949cf8c6b5b557f/cmake-0.1.57/src/lib.rs:1132:5:

  command did not execute successfully, got: exit status: 1

  build script failed, must exit now
  note: run with `RUST_BACKTRACE=1` environment variable to display a backtrace
